// Jest Snapshot v1, https://goo.gl/fbAQLP

exports[`basic_features/char_class_any template values are as expected 1`] = `
Object {
  "fiberHandlers": Array [
    Object {
      "atoms": Array [
        Object {
          "data": Object {
            "negate": true,
            "tree": Object {
              "comparison": Object {
                "comparisonValue": 13,
                "type": "lessOrEqual",
              },
              "comparisonFalse": Object {
                "comparison": Object {
                  "comparisonValue": 8233,
                  "type": "lessOrEqual",
                },
                "comparisonTrue": Object {
                  "comparison": Object {
                    "comparisonValue": 8232,
                    "type": "moreOrEqual",
                  },
                  "type": "lastComparison",
                },
                "type": "comparison",
              },
              "comparisonTrue": Object {
                "comparison": Object {
                  "comparisonValue1": 10,
                  "comparisonValue2": 13,
                  "type": "equalOneOfTwo",
                },
                "type": "lastComparison",
              },
              "type": "comparison",
            },
          },
          "posLine1": "/./",
          "posLine2": " ^",
          "type": "charOrSet",
        },
      ],
      "followUp": null,
      "functionName": "fiber0001",
      "hasCallback": false,
      "lastAtomReturns": false,
    },
  ],
  "groupsCount": 1,
  "mainHandler": Object {
    "atoms": Array [
      Object {
        "data": Object {
          "negate": true,
          "tree": Object {
            "comparison": Object {
              "comparisonValue": 13,
              "type": "lessOrEqual",
            },
            "comparisonFalse": Object {
              "comparison": Object {
                "comparisonValue": 8233,
                "type": "lessOrEqual",
              },
              "comparisonTrue": Object {
                "comparison": Object {
                  "comparisonValue": 8232,
                  "type": "moreOrEqual",
                },
                "type": "lastComparison",
              },
              "type": "comparison",
            },
            "comparisonTrue": Object {
              "comparison": Object {
                "comparisonValue1": 10,
                "comparisonValue2": 13,
                "type": "equalOneOfTwo",
              },
              "type": "lastComparison",
            },
            "type": "comparison",
          },
        },
        "posLine1": "/./",
        "posLine2": " ^",
        "type": "charOrSet",
      },
    ],
    "followUp": null,
    "functionName": "fiber0001",
    "hasCallback": false,
    "lastAtomReturns": false,
  },
  "regexStr": "/./",
}
`;
