// Jest Snapshot v1, https://goo.gl/fbAQLP

exports[`common_regex/slug template values are as expected 1`] = `
Object {
  "endAnchorHandler": Array [
    Object {
      "followUp": null,
      "functionName": "endAnchor1",
      "location": Object {
        "begin": 26,
        "end": 27,
      },
      "posLine1": "/^[a-z0-9]+(?:-[a-z0-9]+)*$/",
      "posLine2": "                          ^",
    },
  ],
  "greedyQuantifierHandler": Array [
    Object {
      "followUp": null,
      "functionName": "greedyQuantifier3",
      "location": Object {
        "begin": 15,
        "end": 23,
      },
      "posLine1": "/^[a-z0-9]+(?:-[a-z0-9]+)*$/",
      "posLine2": "               ^^^^^^^^",
      "wrappedHandler": Object {
        "functionName": "handleSetOrCharacter2",
      },
    },
    Object {
      "followUp": Object {
        "functionName": "endAnchor1",
      },
      "functionName": "greedyQuantifier6",
      "location": Object {
        "begin": 25,
        "end": 26,
      },
      "posLine1": "/^[a-z0-9]+(?:-[a-z0-9]+)*$/",
      "posLine2": "                         ^",
      "wrappedHandler": Object {
        "functionName": "handleSetOrCharacter5",
      },
    },
    Object {
      "followUp": Object {
        "functionName": "greedyQuantifier6",
      },
      "functionName": "greedyQuantifier8",
      "location": Object {
        "begin": 2,
        "end": 10,
      },
      "posLine1": "/^[a-z0-9]+(?:-[a-z0-9]+)*$/",
      "posLine2": "  ^^^^^^^^",
      "wrappedHandler": Object {
        "functionName": "handleSetOrCharacter7",
      },
    },
  ],
  "groups": 1,
  "mainHandler": Object {
    "functionName": "startAnchor10",
  },
  "quantifierWithMinOrMaxHandler": Array [
    Object {
      "followUp": null,
      "functionName": "quantifierWithMinOrMax4",
      "location": Object {
        "begin": 23,
        "end": 24,
      },
      "minIsMax": false,
      "minRequired": 1,
      "posLine1": "/^[a-z0-9]+(?:-[a-z0-9]+)*$/",
      "posLine2": "                       ^",
      "recursiveQuantifier": Object {
        "functionName": "greedyQuantifier3",
      },
      "wrappedHandler": Object {
        "functionName": "handleSetOrCharacter2",
      },
    },
    Object {
      "followUp": null,
      "functionName": "quantifierWithMinOrMax9",
      "location": Object {
        "begin": 10,
        "end": 11,
      },
      "minIsMax": false,
      "minRequired": 1,
      "posLine1": "/^[a-z0-9]+(?:-[a-z0-9]+)*$/",
      "posLine2": "          ^",
      "recursiveQuantifier": Object {
        "functionName": "greedyQuantifier8",
      },
      "wrappedHandler": Object {
        "functionName": "handleSetOrCharacter7",
      },
    },
  ],
  "regexStr": "/^[a-z0-9]+(?:-[a-z0-9]+)*$/",
  "setOrCharacterHandler": Array [
    Object {
      "chars": Array [],
      "complement": false,
      "followUp": null,
      "functionName": "handleSetOrCharacter2",
      "location": Object {
        "begin": 15,
        "end": 23,
      },
      "posLine1": "/^[a-z0-9]+(?:-[a-z0-9]+)*$/",
      "posLine2": "               ^^^^^^^^",
      "ranges": Array [
        Object {
          "from": 97,
          "to": 122,
        },
        Object {
          "from": 48,
          "to": 57,
        },
      ],
    },
    Object {
      "chars": Array [
        45,
      ],
      "complement": false,
      "followUp": Object {
        "functionName": "quantifierWithMinOrMax4",
      },
      "functionName": "handleSetOrCharacter5",
      "location": Object {
        "begin": 14,
        "end": 15,
      },
      "posLine1": "/^[a-z0-9]+(?:-[a-z0-9]+)*$/",
      "posLine2": "              ^",
      "ranges": Array [],
    },
    Object {
      "chars": Array [],
      "complement": false,
      "followUp": null,
      "functionName": "handleSetOrCharacter7",
      "location": Object {
        "begin": 2,
        "end": 10,
      },
      "posLine1": "/^[a-z0-9]+(?:-[a-z0-9]+)*$/",
      "posLine2": "  ^^^^^^^^",
      "ranges": Array [
        Object {
          "from": 97,
          "to": 122,
        },
        Object {
          "from": 48,
          "to": 57,
        },
      ],
    },
  ],
  "startAnchorHandler": Array [
    Object {
      "followUp": Object {
        "functionName": "quantifierWithMinOrMax9",
      },
      "functionName": "startAnchor10",
      "location": Object {
        "begin": 1,
        "end": 2,
      },
      "posLine1": "/^[a-z0-9]+(?:-[a-z0-9]+)*$/",
      "posLine2": " ^",
    },
  ],
}
`;
