// Jest Snapshot v1, https://goo.gl/fbAQLP

exports[`basic_features/char_class_space_negated template values are as expected 1`] = `
Object {
  "fiberHandlers": Array [
    Object {
      "atoms": Array [
        Object {
          "data": Object {
            "chars": Array [
              32,
              12,
              10,
              13,
              9,
              11,
              9,
              160,
              5760,
              8192,
              8193,
              8194,
              8195,
              8196,
              8197,
              8198,
              8199,
              8200,
              8201,
              8202,
              8232,
              8233,
              8239,
              8287,
              12288,
              65279,
            ],
            "negate": true,
            "ranges": Array [],
          },
          "posLine1": "/\\\\S/",
          "posLine2": " ^^",
          "type": "charOrSet",
        },
      ],
      "followUp": null,
      "functionName": "fiber0001",
      "hasCallback": false,
      "lastAtomReturns": false,
    },
  ],
  "groupsCount": 1,
  "mainHandler": Object {
    "atoms": Array [
      Object {
        "data": Object {
          "chars": Array [
            32,
            12,
            10,
            13,
            9,
            11,
            9,
            160,
            5760,
            8192,
            8193,
            8194,
            8195,
            8196,
            8197,
            8198,
            8199,
            8200,
            8201,
            8202,
            8232,
            8233,
            8239,
            8287,
            12288,
            65279,
          ],
          "negate": true,
          "ranges": Array [],
        },
        "posLine1": "/\\\\S/",
        "posLine2": " ^^",
        "type": "charOrSet",
      },
    ],
    "followUp": null,
    "functionName": "fiber0001",
    "hasCallback": false,
    "lastAtomReturns": false,
  },
  "regexStr": "/\\\\S/",
}
`;
