// Jest Snapshot v1, https://goo.gl/fbAQLP

exports[`basic_features/groups_quantifiers template values are as expected 1`] = `
Object {
  "fiberHandlers": Array [
    Object {
      "atoms": Array [],
      "followUp": null,
      "functionName": "fiber0001",
      "hasCallback": false,
      "lastAtomReturns": false,
      "meta": Object {
        "groups": Array [],
      },
    },
    Object {
      "atoms": Array [
        Object {
          "data": Object {
            "groupReference": Object {
              "astStart": 12,
              "idx": 1,
            },
          },
          "posLine1": "...}k(123)+/",
          "posLine2": "     ^^^^^",
          "type": "groupStartMarker",
        },
        Object {
          "data": Object {
            "negate": false,
            "tree": Object {
              "comparison": Object {
                "comparisonValue": 49,
                "type": "equal",
              },
              "type": "lastComparison",
            },
          },
          "posLine1": "...}k(123)+/",
          "posLine2": "      ^",
          "type": "charOrSet",
        },
        Object {
          "data": Object {
            "negate": false,
            "tree": Object {
              "comparison": Object {
                "comparisonValue": 50,
                "type": "equal",
              },
              "type": "lastComparison",
            },
          },
          "posLine1": "...}k(123)+/",
          "posLine2": "       ^",
          "type": "charOrSet",
        },
        Object {
          "data": Object {
            "negate": false,
            "tree": Object {
              "comparison": Object {
                "comparisonValue": 51,
                "type": "equal",
              },
              "type": "lastComparison",
            },
          },
          "posLine1": "...}k(123)+/",
          "posLine2": "        ^",
          "type": "charOrSet",
        },
        Object {
          "data": Object {
            "groupReference": Object {
              "astStart": 12,
              "idx": 1,
            },
          },
          "posLine1": "...}k(123)+/",
          "posLine2": "     ^^^^^",
          "type": "groupEndMarker",
        },
      ],
      "followUp": Object {
        "functionName": "callback",
      },
      "functionName": "fiber0002",
      "hasCallback": true,
      "lastAtomReturns": false,
      "meta": Object {
        "groups": Array [
          Object {
            "astStart": 12,
            "idx": 1,
          },
        ],
      },
    },
    Object {
      "atoms": Array [
        Object {
          "data": Object {
            "negate": false,
            "tree": Object {
              "comparison": Object {
                "comparisonValue": 107,
                "type": "equal",
              },
              "type": "lastComparison",
            },
          },
          "posLine1": "...}k(123)+/",
          "posLine2": "    ^",
          "type": "charOrSet",
        },
        Object {
          "data": Object {
            "followUp": Object {
              "atoms": Array [],
              "followUp": null,
              "functionName": "fiber0001",
              "hasCallback": false,
              "lastAtomReturns": false,
              "meta": Object {
                "groups": Array [],
              },
            },
            "maxOrMinCount": true,
            "minCount": 1,
            "wrappedHandler": Object {
              "atoms": Array [
                Object {
                  "data": Object {
                    "groupReference": Object {
                      "astStart": 12,
                      "idx": 1,
                    },
                  },
                  "posLine1": "...}k(123)+/",
                  "posLine2": "     ^^^^^",
                  "type": "groupStartMarker",
                },
                Object {
                  "data": Object {
                    "negate": false,
                    "tree": Object {
                      "comparison": Object {
                        "comparisonValue": 49,
                        "type": "equal",
                      },
                      "type": "lastComparison",
                    },
                  },
                  "posLine1": "...}k(123)+/",
                  "posLine2": "      ^",
                  "type": "charOrSet",
                },
                Object {
                  "data": Object {
                    "negate": false,
                    "tree": Object {
                      "comparison": Object {
                        "comparisonValue": 50,
                        "type": "equal",
                      },
                      "type": "lastComparison",
                    },
                  },
                  "posLine1": "...}k(123)+/",
                  "posLine2": "       ^",
                  "type": "charOrSet",
                },
                Object {
                  "data": Object {
                    "negate": false,
                    "tree": Object {
                      "comparison": Object {
                        "comparisonValue": 51,
                        "type": "equal",
                      },
                      "type": "lastComparison",
                    },
                  },
                  "posLine1": "...}k(123)+/",
                  "posLine2": "        ^",
                  "type": "charOrSet",
                },
                Object {
                  "data": Object {
                    "groupReference": Object {
                      "astStart": 12,
                      "idx": 1,
                    },
                  },
                  "posLine1": "...}k(123)+/",
                  "posLine2": "     ^^^^^",
                  "type": "groupEndMarker",
                },
              ],
              "followUp": Object {
                "functionName": "callback",
              },
              "functionName": "fiber0002",
              "hasCallback": true,
              "lastAtomReturns": false,
              "meta": Object {
                "groups": Array [
                  Object {
                    "astStart": 12,
                    "idx": 1,
                  },
                ],
              },
            },
          },
          "posLine1": "...}k(123)+/",
          "posLine2": "     ^^^^^^",
          "type": "greedyQuantifier",
        },
      ],
      "followUp": null,
      "functionName": "fiber0003",
      "hasCallback": false,
      "lastAtomReturns": true,
      "meta": Object {
        "groups": Array [],
      },
    },
    Object {
      "atoms": Array [
        Object {
          "data": Object {
            "groupReference": Object {
              "astStart": 1,
              "idx": 0,
            },
          },
          "posLine1": "([a-y]){2}k(123)+...",
          "posLine2": "^^^^^^^",
          "type": "groupStartMarker",
        },
        Object {
          "data": Object {
            "negate": false,
            "tree": Object {
              "comparison": Object {
                "comparisonValue": 121,
                "type": "lessOrEqual",
              },
              "comparisonTrue": Object {
                "comparison": Object {
                  "comparisonValue": 97,
                  "type": "moreOrEqual",
                },
                "type": "lastComparison",
              },
              "type": "comparison",
            },
          },
          "posLine1": "[a-y]){2}k(123)...",
          "posLine2": "^^^^^",
          "type": "charOrSet",
        },
        Object {
          "data": Object {
            "groupReference": Object {
              "astStart": 1,
              "idx": 0,
            },
          },
          "posLine1": "([a-y]){2}k(123)+...",
          "posLine2": "^^^^^^^",
          "type": "groupEndMarker",
        },
      ],
      "followUp": Object {
        "functionName": "callback",
      },
      "functionName": "fiber0004",
      "hasCallback": true,
      "lastAtomReturns": false,
      "meta": Object {
        "groups": Array [
          Object {
            "astStart": 1,
            "idx": 0,
          },
        ],
      },
    },
    Object {
      "atoms": Array [
        Object {
          "data": Object {
            "followUp": Object {
              "atoms": Array [
                Object {
                  "data": Object {
                    "negate": false,
                    "tree": Object {
                      "comparison": Object {
                        "comparisonValue": 107,
                        "type": "equal",
                      },
                      "type": "lastComparison",
                    },
                  },
                  "posLine1": "...}k(123)+/",
                  "posLine2": "    ^",
                  "type": "charOrSet",
                },
                Object {
                  "data": Object {
                    "followUp": Object {
                      "atoms": Array [],
                      "followUp": null,
                      "functionName": "fiber0001",
                      "hasCallback": false,
                      "lastAtomReturns": false,
                      "meta": Object {
                        "groups": Array [],
                      },
                    },
                    "maxOrMinCount": true,
                    "minCount": 1,
                    "wrappedHandler": Object {
                      "atoms": Array [
                        Object {
                          "data": Object {
                            "groupReference": Object {
                              "astStart": 12,
                              "idx": 1,
                            },
                          },
                          "posLine1": "...}k(123)+/",
                          "posLine2": "     ^^^^^",
                          "type": "groupStartMarker",
                        },
                        Object {
                          "data": Object {
                            "negate": false,
                            "tree": Object {
                              "comparison": Object {
                                "comparisonValue": 49,
                                "type": "equal",
                              },
                              "type": "lastComparison",
                            },
                          },
                          "posLine1": "...}k(123)+/",
                          "posLine2": "      ^",
                          "type": "charOrSet",
                        },
                        Object {
                          "data": Object {
                            "negate": false,
                            "tree": Object {
                              "comparison": Object {
                                "comparisonValue": 50,
                                "type": "equal",
                              },
                              "type": "lastComparison",
                            },
                          },
                          "posLine1": "...}k(123)+/",
                          "posLine2": "       ^",
                          "type": "charOrSet",
                        },
                        Object {
                          "data": Object {
                            "negate": false,
                            "tree": Object {
                              "comparison": Object {
                                "comparisonValue": 51,
                                "type": "equal",
                              },
                              "type": "lastComparison",
                            },
                          },
                          "posLine1": "...}k(123)+/",
                          "posLine2": "        ^",
                          "type": "charOrSet",
                        },
                        Object {
                          "data": Object {
                            "groupReference": Object {
                              "astStart": 12,
                              "idx": 1,
                            },
                          },
                          "posLine1": "...}k(123)+/",
                          "posLine2": "     ^^^^^",
                          "type": "groupEndMarker",
                        },
                      ],
                      "followUp": Object {
                        "functionName": "callback",
                      },
                      "functionName": "fiber0002",
                      "hasCallback": true,
                      "lastAtomReturns": false,
                      "meta": Object {
                        "groups": Array [
                          Object {
                            "astStart": 12,
                            "idx": 1,
                          },
                        ],
                      },
                    },
                  },
                  "posLine1": "...}k(123)+/",
                  "posLine2": "     ^^^^^^",
                  "type": "greedyQuantifier",
                },
              ],
              "followUp": null,
              "functionName": "fiber0003",
              "hasCallback": false,
              "lastAtomReturns": true,
              "meta": Object {
                "groups": Array [],
              },
            },
            "maxCount": 2,
            "maxOrMinCount": true,
            "minCount": 2,
            "wrappedHandler": Object {
              "atoms": Array [
                Object {
                  "data": Object {
                    "groupReference": Object {
                      "astStart": 1,
                      "idx": 0,
                    },
                  },
                  "posLine1": "([a-y]){2}k(123)+...",
                  "posLine2": "^^^^^^^",
                  "type": "groupStartMarker",
                },
                Object {
                  "data": Object {
                    "negate": false,
                    "tree": Object {
                      "comparison": Object {
                        "comparisonValue": 121,
                        "type": "lessOrEqual",
                      },
                      "comparisonTrue": Object {
                        "comparison": Object {
                          "comparisonValue": 97,
                          "type": "moreOrEqual",
                        },
                        "type": "lastComparison",
                      },
                      "type": "comparison",
                    },
                  },
                  "posLine1": "[a-y]){2}k(123)...",
                  "posLine2": "^^^^^",
                  "type": "charOrSet",
                },
                Object {
                  "data": Object {
                    "groupReference": Object {
                      "astStart": 1,
                      "idx": 0,
                    },
                  },
                  "posLine1": "([a-y]){2}k(123)+...",
                  "posLine2": "^^^^^^^",
                  "type": "groupEndMarker",
                },
              ],
              "followUp": Object {
                "functionName": "callback",
              },
              "functionName": "fiber0004",
              "hasCallback": true,
              "lastAtomReturns": false,
              "meta": Object {
                "groups": Array [
                  Object {
                    "astStart": 1,
                    "idx": 0,
                  },
                ],
              },
            },
          },
          "posLine1": "([a-y]){2}k(123)+/",
          "posLine2": "^^^^^^^^^^",
          "type": "greedyQuantifier",
        },
      ],
      "followUp": null,
      "functionName": "fiber0005",
      "hasCallback": false,
      "lastAtomReturns": true,
      "meta": Object {
        "groups": Array [],
      },
    },
  ],
  "groups": Array [
    Object {
      "astStart": 1,
      "idx": 0,
    },
    Object {
      "astStart": 12,
      "idx": 1,
    },
  ],
  "mainHandler": Object {
    "atoms": Array [
      Object {
        "data": Object {
          "followUp": Object {
            "atoms": Array [
              Object {
                "data": Object {
                  "negate": false,
                  "tree": Object {
                    "comparison": Object {
                      "comparisonValue": 107,
                      "type": "equal",
                    },
                    "type": "lastComparison",
                  },
                },
                "posLine1": "...}k(123)+/",
                "posLine2": "    ^",
                "type": "charOrSet",
              },
              Object {
                "data": Object {
                  "followUp": Object {
                    "atoms": Array [],
                    "followUp": null,
                    "functionName": "fiber0001",
                    "hasCallback": false,
                    "lastAtomReturns": false,
                    "meta": Object {
                      "groups": Array [],
                    },
                  },
                  "maxOrMinCount": true,
                  "minCount": 1,
                  "wrappedHandler": Object {
                    "atoms": Array [
                      Object {
                        "data": Object {
                          "groupReference": Object {
                            "astStart": 12,
                            "idx": 1,
                          },
                        },
                        "posLine1": "...}k(123)+/",
                        "posLine2": "     ^^^^^",
                        "type": "groupStartMarker",
                      },
                      Object {
                        "data": Object {
                          "negate": false,
                          "tree": Object {
                            "comparison": Object {
                              "comparisonValue": 49,
                              "type": "equal",
                            },
                            "type": "lastComparison",
                          },
                        },
                        "posLine1": "...}k(123)+/",
                        "posLine2": "      ^",
                        "type": "charOrSet",
                      },
                      Object {
                        "data": Object {
                          "negate": false,
                          "tree": Object {
                            "comparison": Object {
                              "comparisonValue": 50,
                              "type": "equal",
                            },
                            "type": "lastComparison",
                          },
                        },
                        "posLine1": "...}k(123)+/",
                        "posLine2": "       ^",
                        "type": "charOrSet",
                      },
                      Object {
                        "data": Object {
                          "negate": false,
                          "tree": Object {
                            "comparison": Object {
                              "comparisonValue": 51,
                              "type": "equal",
                            },
                            "type": "lastComparison",
                          },
                        },
                        "posLine1": "...}k(123)+/",
                        "posLine2": "        ^",
                        "type": "charOrSet",
                      },
                      Object {
                        "data": Object {
                          "groupReference": Object {
                            "astStart": 12,
                            "idx": 1,
                          },
                        },
                        "posLine1": "...}k(123)+/",
                        "posLine2": "     ^^^^^",
                        "type": "groupEndMarker",
                      },
                    ],
                    "followUp": Object {
                      "functionName": "callback",
                    },
                    "functionName": "fiber0002",
                    "hasCallback": true,
                    "lastAtomReturns": false,
                    "meta": Object {
                      "groups": Array [
                        Object {
                          "astStart": 12,
                          "idx": 1,
                        },
                      ],
                    },
                  },
                },
                "posLine1": "...}k(123)+/",
                "posLine2": "     ^^^^^^",
                "type": "greedyQuantifier",
              },
            ],
            "followUp": null,
            "functionName": "fiber0003",
            "hasCallback": false,
            "lastAtomReturns": true,
            "meta": Object {
              "groups": Array [],
            },
          },
          "maxCount": 2,
          "maxOrMinCount": true,
          "minCount": 2,
          "wrappedHandler": Object {
            "atoms": Array [
              Object {
                "data": Object {
                  "groupReference": Object {
                    "astStart": 1,
                    "idx": 0,
                  },
                },
                "posLine1": "([a-y]){2}k(123)+...",
                "posLine2": "^^^^^^^",
                "type": "groupStartMarker",
              },
              Object {
                "data": Object {
                  "negate": false,
                  "tree": Object {
                    "comparison": Object {
                      "comparisonValue": 121,
                      "type": "lessOrEqual",
                    },
                    "comparisonTrue": Object {
                      "comparison": Object {
                        "comparisonValue": 97,
                        "type": "moreOrEqual",
                      },
                      "type": "lastComparison",
                    },
                    "type": "comparison",
                  },
                },
                "posLine1": "[a-y]){2}k(123)...",
                "posLine2": "^^^^^",
                "type": "charOrSet",
              },
              Object {
                "data": Object {
                  "groupReference": Object {
                    "astStart": 1,
                    "idx": 0,
                  },
                },
                "posLine1": "([a-y]){2}k(123)+...",
                "posLine2": "^^^^^^^",
                "type": "groupEndMarker",
              },
            ],
            "followUp": Object {
              "functionName": "callback",
            },
            "functionName": "fiber0004",
            "hasCallback": true,
            "lastAtomReturns": false,
            "meta": Object {
              "groups": Array [
                Object {
                  "astStart": 1,
                  "idx": 0,
                },
              ],
            },
          },
        },
        "posLine1": "([a-y]){2}k(123)+/",
        "posLine2": "^^^^^^^^^^",
        "type": "greedyQuantifier",
      },
    ],
    "followUp": null,
    "functionName": "fiber0005",
    "hasCallback": false,
    "lastAtomReturns": true,
    "meta": Object {
      "groups": Array [],
    },
  },
  "regexStr": "/([a-y]){2}k(123)+/",
}
`;
