// Jest Snapshot v1, https://goo.gl/fbAQLP

exports[`common_regex/search_duplicates template values are as expected 1`] = `
Object {
  "fiberHandlers": Array [
    Object {
      "atoms": Array [
        Object {
          "data": Object {
            "negate": false,
          },
          "posLine1": "\\\\b)(?=.*\\\\b\\\\1...",
          "posLine2": "^^",
          "type": "wordBoundary",
        },
        Object {
          "data": Object {
            "groupReference": Object {
              "astStart": 1,
              "idx": 0,
            },
          },
          "posLine1": "(\\\\b\\\\w+\\\\b)(?=.*\\\\b\\\\1\\\\...",
          "posLine2": "^^^^^^^^^",
          "type": "groupEndMarker",
        },
        Object {
          "data": Object {
            "lookaroundFiber": Object {
              "atoms": Array [
                Object {
                  "data": Object {
                    "followUp": Object {
                      "atoms": Array [
                        Object {
                          "data": Object {
                            "negate": false,
                          },
                          "posLine1": "...(?=.*\\\\b\\\\1\\\\b)/",
                          "posLine2": "        ^^",
                          "type": "wordBoundary",
                        },
                        Object {
                          "data": Object {
                            "endGroupMarkerIndex": 1,
                            "startGroupMarkerIndex": 0,
                          },
                          "posLine1": "...(?=.*\\\\b\\\\1\\\\b)/",
                          "posLine2": "          ^^",
                          "type": "groupBackReference",
                        },
                        Object {
                          "data": Object {
                            "negate": false,
                          },
                          "posLine1": "...(?=.*\\\\b\\\\1\\\\b)/",
                          "posLine2": "            ^^",
                          "type": "wordBoundary",
                        },
                      ],
                      "followUp": null,
                      "functionName": "fiber0002",
                      "hasCallback": false,
                      "lastAtomReturns": false,
                      "meta": Object {
                        "groups": Array [],
                      },
                    },
                    "maxOrMinCount": false,
                    "wrappedHandler": Object {
                      "atoms": Array [
                        Object {
                          "data": Object {
                            "negate": true,
                            "tree": Object {
                              "comparison": Object {
                                "comparisonValue": 13,
                                "type": "lessOrEqual",
                              },
                              "comparisonFalse": Object {
                                "comparison": Object {
                                  "comparisonValue": 8233,
                                  "type": "lessOrEqual",
                                },
                                "comparisonTrue": Object {
                                  "comparison": Object {
                                    "comparisonValue": 8232,
                                    "type": "moreOrEqual",
                                  },
                                  "type": "lastComparison",
                                },
                                "type": "comparison",
                              },
                              "comparisonTrue": Object {
                                "comparison": Object {
                                  "comparisonValue1": 10,
                                  "comparisonValue2": 13,
                                  "type": "equalOneOfTwo",
                                },
                                "type": "lastComparison",
                              },
                              "type": "comparison",
                            },
                            "unicode": false,
                          },
                          "posLine1": "...(?=.*\\\\b\\\\1\\\\b)/",
                          "posLine2": "      ^",
                          "type": "charOrSet",
                        },
                      ],
                      "followUp": Object {
                        "functionName": "callback",
                      },
                      "functionName": "fiber0003",
                      "hasCallback": true,
                      "lastAtomReturns": false,
                      "meta": Object {
                        "groups": Array [],
                      },
                    },
                  },
                  "posLine1": "...(?=.*\\\\b\\\\1\\\\b)/",
                  "posLine2": "      ^^",
                  "type": "greedyQuantifier",
                },
              ],
              "followUp": null,
              "functionName": "fiber0004",
              "hasCallback": false,
              "lastAtomReturns": true,
              "meta": Object {
                "groups": Array [],
              },
            },
            "negate": false,
          },
          "posLine1": "(?=.*\\\\b\\\\1\\\\b)/",
          "posLine2": "^^^^^^^^^^^^",
          "type": "lookaround",
        },
      ],
      "followUp": null,
      "functionName": "fiber0001",
      "hasCallback": false,
      "lastAtomReturns": false,
      "meta": Object {
        "groups": Array [
          Object {
            "astStart": 1,
            "idx": 0,
          },
        ],
      },
    },
    Object {
      "atoms": Array [
        Object {
          "data": Object {
            "negate": false,
          },
          "posLine1": "...(?=.*\\\\b\\\\1\\\\b)/",
          "posLine2": "        ^^",
          "type": "wordBoundary",
        },
        Object {
          "data": Object {
            "endGroupMarkerIndex": 1,
            "startGroupMarkerIndex": 0,
          },
          "posLine1": "...(?=.*\\\\b\\\\1\\\\b)/",
          "posLine2": "          ^^",
          "type": "groupBackReference",
        },
        Object {
          "data": Object {
            "negate": false,
          },
          "posLine1": "...(?=.*\\\\b\\\\1\\\\b)/",
          "posLine2": "            ^^",
          "type": "wordBoundary",
        },
      ],
      "followUp": null,
      "functionName": "fiber0002",
      "hasCallback": false,
      "lastAtomReturns": false,
      "meta": Object {
        "groups": Array [],
      },
    },
    Object {
      "atoms": Array [
        Object {
          "data": Object {
            "negate": true,
            "tree": Object {
              "comparison": Object {
                "comparisonValue": 13,
                "type": "lessOrEqual",
              },
              "comparisonFalse": Object {
                "comparison": Object {
                  "comparisonValue": 8233,
                  "type": "lessOrEqual",
                },
                "comparisonTrue": Object {
                  "comparison": Object {
                    "comparisonValue": 8232,
                    "type": "moreOrEqual",
                  },
                  "type": "lastComparison",
                },
                "type": "comparison",
              },
              "comparisonTrue": Object {
                "comparison": Object {
                  "comparisonValue1": 10,
                  "comparisonValue2": 13,
                  "type": "equalOneOfTwo",
                },
                "type": "lastComparison",
              },
              "type": "comparison",
            },
            "unicode": false,
          },
          "posLine1": "...(?=.*\\\\b\\\\1\\\\b)/",
          "posLine2": "      ^",
          "type": "charOrSet",
        },
      ],
      "followUp": Object {
        "functionName": "callback",
      },
      "functionName": "fiber0003",
      "hasCallback": true,
      "lastAtomReturns": false,
      "meta": Object {
        "groups": Array [],
      },
    },
    Object {
      "atoms": Array [
        Object {
          "data": Object {
            "followUp": Object {
              "atoms": Array [
                Object {
                  "data": Object {
                    "negate": false,
                  },
                  "posLine1": "...(?=.*\\\\b\\\\1\\\\b)/",
                  "posLine2": "        ^^",
                  "type": "wordBoundary",
                },
                Object {
                  "data": Object {
                    "endGroupMarkerIndex": 1,
                    "startGroupMarkerIndex": 0,
                  },
                  "posLine1": "...(?=.*\\\\b\\\\1\\\\b)/",
                  "posLine2": "          ^^",
                  "type": "groupBackReference",
                },
                Object {
                  "data": Object {
                    "negate": false,
                  },
                  "posLine1": "...(?=.*\\\\b\\\\1\\\\b)/",
                  "posLine2": "            ^^",
                  "type": "wordBoundary",
                },
              ],
              "followUp": null,
              "functionName": "fiber0002",
              "hasCallback": false,
              "lastAtomReturns": false,
              "meta": Object {
                "groups": Array [],
              },
            },
            "maxOrMinCount": false,
            "wrappedHandler": Object {
              "atoms": Array [
                Object {
                  "data": Object {
                    "negate": true,
                    "tree": Object {
                      "comparison": Object {
                        "comparisonValue": 13,
                        "type": "lessOrEqual",
                      },
                      "comparisonFalse": Object {
                        "comparison": Object {
                          "comparisonValue": 8233,
                          "type": "lessOrEqual",
                        },
                        "comparisonTrue": Object {
                          "comparison": Object {
                            "comparisonValue": 8232,
                            "type": "moreOrEqual",
                          },
                          "type": "lastComparison",
                        },
                        "type": "comparison",
                      },
                      "comparisonTrue": Object {
                        "comparison": Object {
                          "comparisonValue1": 10,
                          "comparisonValue2": 13,
                          "type": "equalOneOfTwo",
                        },
                        "type": "lastComparison",
                      },
                      "type": "comparison",
                    },
                    "unicode": false,
                  },
                  "posLine1": "...(?=.*\\\\b\\\\1\\\\b)/",
                  "posLine2": "      ^",
                  "type": "charOrSet",
                },
              ],
              "followUp": Object {
                "functionName": "callback",
              },
              "functionName": "fiber0003",
              "hasCallback": true,
              "lastAtomReturns": false,
              "meta": Object {
                "groups": Array [],
              },
            },
          },
          "posLine1": "...(?=.*\\\\b\\\\1\\\\b)/",
          "posLine2": "      ^^",
          "type": "greedyQuantifier",
        },
      ],
      "followUp": null,
      "functionName": "fiber0004",
      "hasCallback": false,
      "lastAtomReturns": true,
      "meta": Object {
        "groups": Array [],
      },
    },
    Object {
      "atoms": Array [
        Object {
          "data": Object {
            "negate": false,
            "tree": Object {
              "comparison": Object {
                "comparisonValue": 90,
                "type": "lessOrEqual",
              },
              "comparisonFalse": Object {
                "comparison": Object {
                  "comparisonValue": 95,
                  "type": "equal",
                },
                "comparisonFalse": Object {
                  "comparison": Object {
                    "comparisonValue": 122,
                    "type": "lessOrEqual",
                  },
                  "comparisonTrue": Object {
                    "comparison": Object {
                      "comparisonValue": 97,
                      "type": "moreOrEqual",
                    },
                    "type": "lastComparison",
                  },
                  "type": "comparison",
                },
                "comparisonTrue": Object {
                  "comparison": Object {
                    "type": "true",
                  },
                  "type": "lastComparison",
                },
                "type": "comparison",
              },
              "comparisonTrue": Object {
                "comparison": Object {
                  "comparisonValue": 57,
                  "type": "lessOrEqual",
                },
                "comparisonFalse": Object {
                  "comparison": Object {
                    "comparisonValue": 65,
                    "type": "moreOrEqual",
                  },
                  "type": "lastComparison",
                },
                "comparisonTrue": Object {
                  "comparison": Object {
                    "comparisonValue": 48,
                    "type": "moreOrEqual",
                  },
                  "type": "lastComparison",
                },
                "type": "comparison",
              },
              "type": "comparison",
            },
            "unicode": false,
          },
          "posLine1": "\\\\w+\\\\b)(?=.*\\\\...",
          "posLine2": "^^",
          "type": "charOrSet",
        },
      ],
      "followUp": Object {
        "functionName": "callback",
      },
      "functionName": "fiber0005",
      "hasCallback": true,
      "lastAtomReturns": false,
      "meta": Object {
        "groups": Array [],
      },
    },
    Object {
      "atoms": Array [
        Object {
          "data": Object {
            "groupReference": Object {
              "astStart": 1,
              "idx": 0,
            },
          },
          "posLine1": "(\\\\b\\\\w+\\\\b)(?=.*\\\\b\\\\1\\\\...",
          "posLine2": "^^^^^^^^^",
          "type": "groupStartMarker",
        },
        Object {
          "data": Object {
            "negate": false,
          },
          "posLine1": "\\\\b\\\\w+\\\\b)(?=....",
          "posLine2": "^^",
          "type": "wordBoundary",
        },
        Object {
          "data": Object {
            "followUp": Object {
              "atoms": Array [
                Object {
                  "data": Object {
                    "negate": false,
                  },
                  "posLine1": "\\\\b)(?=.*\\\\b\\\\1...",
                  "posLine2": "^^",
                  "type": "wordBoundary",
                },
                Object {
                  "data": Object {
                    "groupReference": Object {
                      "astStart": 1,
                      "idx": 0,
                    },
                  },
                  "posLine1": "(\\\\b\\\\w+\\\\b)(?=.*\\\\b\\\\1\\\\...",
                  "posLine2": "^^^^^^^^^",
                  "type": "groupEndMarker",
                },
                Object {
                  "data": Object {
                    "lookaroundFiber": Object {
                      "atoms": Array [
                        Object {
                          "data": Object {
                            "followUp": Object {
                              "atoms": Array [
                                Object {
                                  "data": Object {
                                    "negate": false,
                                  },
                                  "posLine1": "...(?=.*\\\\b\\\\1\\\\b)/",
                                  "posLine2": "        ^^",
                                  "type": "wordBoundary",
                                },
                                Object {
                                  "data": Object {
                                    "endGroupMarkerIndex": 1,
                                    "startGroupMarkerIndex": 0,
                                  },
                                  "posLine1": "...(?=.*\\\\b\\\\1\\\\b)/",
                                  "posLine2": "          ^^",
                                  "type": "groupBackReference",
                                },
                                Object {
                                  "data": Object {
                                    "negate": false,
                                  },
                                  "posLine1": "...(?=.*\\\\b\\\\1\\\\b)/",
                                  "posLine2": "            ^^",
                                  "type": "wordBoundary",
                                },
                              ],
                              "followUp": null,
                              "functionName": "fiber0002",
                              "hasCallback": false,
                              "lastAtomReturns": false,
                              "meta": Object {
                                "groups": Array [],
                              },
                            },
                            "maxOrMinCount": false,
                            "wrappedHandler": Object {
                              "atoms": Array [
                                Object {
                                  "data": Object {
                                    "negate": true,
                                    "tree": Object {
                                      "comparison": Object {
                                        "comparisonValue": 13,
                                        "type": "lessOrEqual",
                                      },
                                      "comparisonFalse": Object {
                                        "comparison": Object {
                                          "comparisonValue": 8233,
                                          "type": "lessOrEqual",
                                        },
                                        "comparisonTrue": Object {
                                          "comparison": Object {
                                            "comparisonValue": 8232,
                                            "type": "moreOrEqual",
                                          },
                                          "type": "lastComparison",
                                        },
                                        "type": "comparison",
                                      },
                                      "comparisonTrue": Object {
                                        "comparison": Object {
                                          "comparisonValue1": 10,
                                          "comparisonValue2": 13,
                                          "type": "equalOneOfTwo",
                                        },
                                        "type": "lastComparison",
                                      },
                                      "type": "comparison",
                                    },
                                    "unicode": false,
                                  },
                                  "posLine1": "...(?=.*\\\\b\\\\1\\\\b)/",
                                  "posLine2": "      ^",
                                  "type": "charOrSet",
                                },
                              ],
                              "followUp": Object {
                                "functionName": "callback",
                              },
                              "functionName": "fiber0003",
                              "hasCallback": true,
                              "lastAtomReturns": false,
                              "meta": Object {
                                "groups": Array [],
                              },
                            },
                          },
                          "posLine1": "...(?=.*\\\\b\\\\1\\\\b)/",
                          "posLine2": "      ^^",
                          "type": "greedyQuantifier",
                        },
                      ],
                      "followUp": null,
                      "functionName": "fiber0004",
                      "hasCallback": false,
                      "lastAtomReturns": true,
                      "meta": Object {
                        "groups": Array [],
                      },
                    },
                    "negate": false,
                  },
                  "posLine1": "(?=.*\\\\b\\\\1\\\\b)/",
                  "posLine2": "^^^^^^^^^^^^",
                  "type": "lookaround",
                },
              ],
              "followUp": null,
              "functionName": "fiber0001",
              "hasCallback": false,
              "lastAtomReturns": false,
              "meta": Object {
                "groups": Array [
                  Object {
                    "astStart": 1,
                    "idx": 0,
                  },
                ],
              },
            },
            "maxOrMinCount": true,
            "minCount": 1,
            "wrappedHandler": Object {
              "atoms": Array [
                Object {
                  "data": Object {
                    "negate": false,
                    "tree": Object {
                      "comparison": Object {
                        "comparisonValue": 90,
                        "type": "lessOrEqual",
                      },
                      "comparisonFalse": Object {
                        "comparison": Object {
                          "comparisonValue": 95,
                          "type": "equal",
                        },
                        "comparisonFalse": Object {
                          "comparison": Object {
                            "comparisonValue": 122,
                            "type": "lessOrEqual",
                          },
                          "comparisonTrue": Object {
                            "comparison": Object {
                              "comparisonValue": 97,
                              "type": "moreOrEqual",
                            },
                            "type": "lastComparison",
                          },
                          "type": "comparison",
                        },
                        "comparisonTrue": Object {
                          "comparison": Object {
                            "type": "true",
                          },
                          "type": "lastComparison",
                        },
                        "type": "comparison",
                      },
                      "comparisonTrue": Object {
                        "comparison": Object {
                          "comparisonValue": 57,
                          "type": "lessOrEqual",
                        },
                        "comparisonFalse": Object {
                          "comparison": Object {
                            "comparisonValue": 65,
                            "type": "moreOrEqual",
                          },
                          "type": "lastComparison",
                        },
                        "comparisonTrue": Object {
                          "comparison": Object {
                            "comparisonValue": 48,
                            "type": "moreOrEqual",
                          },
                          "type": "lastComparison",
                        },
                        "type": "comparison",
                      },
                      "type": "comparison",
                    },
                    "unicode": false,
                  },
                  "posLine1": "\\\\w+\\\\b)(?=.*\\\\...",
                  "posLine2": "^^",
                  "type": "charOrSet",
                },
              ],
              "followUp": Object {
                "functionName": "callback",
              },
              "functionName": "fiber0005",
              "hasCallback": true,
              "lastAtomReturns": false,
              "meta": Object {
                "groups": Array [],
              },
            },
          },
          "posLine1": "\\\\w+\\\\b)(?=.*\\\\b...",
          "posLine2": "^^^",
          "type": "greedyQuantifier",
        },
      ],
      "followUp": null,
      "functionName": "fiber0006",
      "hasCallback": false,
      "lastAtomReturns": true,
      "meta": Object {
        "groups": Array [
          Object {
            "astStart": 1,
            "idx": 0,
          },
        ],
      },
    },
  ],
  "groups": Array [
    Object {
      "astStart": 1,
      "idx": 0,
    },
  ],
  "mainHandler": Object {
    "atoms": Array [
      Object {
        "data": Object {
          "groupReference": Object {
            "astStart": 1,
            "idx": 0,
          },
        },
        "posLine1": "(\\\\b\\\\w+\\\\b)(?=.*\\\\b\\\\1\\\\...",
        "posLine2": "^^^^^^^^^",
        "type": "groupStartMarker",
      },
      Object {
        "data": Object {
          "negate": false,
        },
        "posLine1": "\\\\b\\\\w+\\\\b)(?=....",
        "posLine2": "^^",
        "type": "wordBoundary",
      },
      Object {
        "data": Object {
          "followUp": Object {
            "atoms": Array [
              Object {
                "data": Object {
                  "negate": false,
                },
                "posLine1": "\\\\b)(?=.*\\\\b\\\\1...",
                "posLine2": "^^",
                "type": "wordBoundary",
              },
              Object {
                "data": Object {
                  "groupReference": Object {
                    "astStart": 1,
                    "idx": 0,
                  },
                },
                "posLine1": "(\\\\b\\\\w+\\\\b)(?=.*\\\\b\\\\1\\\\...",
                "posLine2": "^^^^^^^^^",
                "type": "groupEndMarker",
              },
              Object {
                "data": Object {
                  "lookaroundFiber": Object {
                    "atoms": Array [
                      Object {
                        "data": Object {
                          "followUp": Object {
                            "atoms": Array [
                              Object {
                                "data": Object {
                                  "negate": false,
                                },
                                "posLine1": "...(?=.*\\\\b\\\\1\\\\b)/",
                                "posLine2": "        ^^",
                                "type": "wordBoundary",
                              },
                              Object {
                                "data": Object {
                                  "endGroupMarkerIndex": 1,
                                  "startGroupMarkerIndex": 0,
                                },
                                "posLine1": "...(?=.*\\\\b\\\\1\\\\b)/",
                                "posLine2": "          ^^",
                                "type": "groupBackReference",
                              },
                              Object {
                                "data": Object {
                                  "negate": false,
                                },
                                "posLine1": "...(?=.*\\\\b\\\\1\\\\b)/",
                                "posLine2": "            ^^",
                                "type": "wordBoundary",
                              },
                            ],
                            "followUp": null,
                            "functionName": "fiber0002",
                            "hasCallback": false,
                            "lastAtomReturns": false,
                            "meta": Object {
                              "groups": Array [],
                            },
                          },
                          "maxOrMinCount": false,
                          "wrappedHandler": Object {
                            "atoms": Array [
                              Object {
                                "data": Object {
                                  "negate": true,
                                  "tree": Object {
                                    "comparison": Object {
                                      "comparisonValue": 13,
                                      "type": "lessOrEqual",
                                    },
                                    "comparisonFalse": Object {
                                      "comparison": Object {
                                        "comparisonValue": 8233,
                                        "type": "lessOrEqual",
                                      },
                                      "comparisonTrue": Object {
                                        "comparison": Object {
                                          "comparisonValue": 8232,
                                          "type": "moreOrEqual",
                                        },
                                        "type": "lastComparison",
                                      },
                                      "type": "comparison",
                                    },
                                    "comparisonTrue": Object {
                                      "comparison": Object {
                                        "comparisonValue1": 10,
                                        "comparisonValue2": 13,
                                        "type": "equalOneOfTwo",
                                      },
                                      "type": "lastComparison",
                                    },
                                    "type": "comparison",
                                  },
                                  "unicode": false,
                                },
                                "posLine1": "...(?=.*\\\\b\\\\1\\\\b)/",
                                "posLine2": "      ^",
                                "type": "charOrSet",
                              },
                            ],
                            "followUp": Object {
                              "functionName": "callback",
                            },
                            "functionName": "fiber0003",
                            "hasCallback": true,
                            "lastAtomReturns": false,
                            "meta": Object {
                              "groups": Array [],
                            },
                          },
                        },
                        "posLine1": "...(?=.*\\\\b\\\\1\\\\b)/",
                        "posLine2": "      ^^",
                        "type": "greedyQuantifier",
                      },
                    ],
                    "followUp": null,
                    "functionName": "fiber0004",
                    "hasCallback": false,
                    "lastAtomReturns": true,
                    "meta": Object {
                      "groups": Array [],
                    },
                  },
                  "negate": false,
                },
                "posLine1": "(?=.*\\\\b\\\\1\\\\b)/",
                "posLine2": "^^^^^^^^^^^^",
                "type": "lookaround",
              },
            ],
            "followUp": null,
            "functionName": "fiber0001",
            "hasCallback": false,
            "lastAtomReturns": false,
            "meta": Object {
              "groups": Array [
                Object {
                  "astStart": 1,
                  "idx": 0,
                },
              ],
            },
          },
          "maxOrMinCount": true,
          "minCount": 1,
          "wrappedHandler": Object {
            "atoms": Array [
              Object {
                "data": Object {
                  "negate": false,
                  "tree": Object {
                    "comparison": Object {
                      "comparisonValue": 90,
                      "type": "lessOrEqual",
                    },
                    "comparisonFalse": Object {
                      "comparison": Object {
                        "comparisonValue": 95,
                        "type": "equal",
                      },
                      "comparisonFalse": Object {
                        "comparison": Object {
                          "comparisonValue": 122,
                          "type": "lessOrEqual",
                        },
                        "comparisonTrue": Object {
                          "comparison": Object {
                            "comparisonValue": 97,
                            "type": "moreOrEqual",
                          },
                          "type": "lastComparison",
                        },
                        "type": "comparison",
                      },
                      "comparisonTrue": Object {
                        "comparison": Object {
                          "type": "true",
                        },
                        "type": "lastComparison",
                      },
                      "type": "comparison",
                    },
                    "comparisonTrue": Object {
                      "comparison": Object {
                        "comparisonValue": 57,
                        "type": "lessOrEqual",
                      },
                      "comparisonFalse": Object {
                        "comparison": Object {
                          "comparisonValue": 65,
                          "type": "moreOrEqual",
                        },
                        "type": "lastComparison",
                      },
                      "comparisonTrue": Object {
                        "comparison": Object {
                          "comparisonValue": 48,
                          "type": "moreOrEqual",
                        },
                        "type": "lastComparison",
                      },
                      "type": "comparison",
                    },
                    "type": "comparison",
                  },
                  "unicode": false,
                },
                "posLine1": "\\\\w+\\\\b)(?=.*\\\\...",
                "posLine2": "^^",
                "type": "charOrSet",
              },
            ],
            "followUp": Object {
              "functionName": "callback",
            },
            "functionName": "fiber0005",
            "hasCallback": true,
            "lastAtomReturns": false,
            "meta": Object {
              "groups": Array [],
            },
          },
        },
        "posLine1": "\\\\w+\\\\b)(?=.*\\\\b...",
        "posLine2": "^^^",
        "type": "greedyQuantifier",
      },
    ],
    "followUp": null,
    "functionName": "fiber0006",
    "hasCallback": false,
    "lastAtomReturns": true,
    "meta": Object {
      "groups": Array [
        Object {
          "astStart": 1,
          "idx": 0,
        },
      ],
    },
  },
  "regexStr": "/(\\\\b\\\\w+\\\\b)(?=.*\\\\b\\\\1\\\\b)/",
}
`;
