// Jest Snapshot v1, https://goo.gl/fbAQLP

exports[`common_regex/slug template values are as expected 1`] = `
Object {
  "fiberHandlers": Array [
    Object {
      "atoms": Array [
        Object {
          "data": Object {},
          "posLine1": "/^[a-z0-9]+(...",
          "posLine2": " ^",
          "type": "startAnchor",
        },
        Object {
          "data": Object {
            "maxOrMinCount": true,
            "minCount": 1,
            "wrappedHandler": Object {
              "atoms": Array [
                Object {
                  "data": Object {
                    "negate": false,
                    "tree": Object {
                      "comparison": Object {
                        "comparisonValue": 57,
                        "type": "lessOrEqual",
                      },
                      "comparisonFalse": Object {
                        "comparison": Object {
                          "comparisonValue": 122,
                          "type": "lessOrEqual",
                        },
                        "comparisonTrue": Object {
                          "comparison": Object {
                            "comparisonValue": 97,
                            "type": "moreOrEqual",
                          },
                          "type": "lastComparison",
                        },
                        "type": "comparison",
                      },
                      "comparisonTrue": Object {
                        "comparison": Object {
                          "comparisonValue": 48,
                          "type": "moreOrEqual",
                        },
                        "type": "lastComparison",
                      },
                      "type": "comparison",
                    },
                    "unicode": false,
                  },
                  "posLine1": "/^[a-z0-9]+(?:-[a-z0...",
                  "posLine2": "  ^^^^^^^^",
                  "type": "charOrSet",
                },
              ],
              "followUp": null,
              "functionName": "fiber0004",
              "lastAtomReturns": false,
              "meta": Object {
                "firstCharRange": Object {
                  "chars": Array [
                    48,
                    49,
                    50,
                    51,
                    52,
                    53,
                    54,
                    55,
                    56,
                    57,
                    97,
                    98,
                    99,
                    100,
                    101,
                    102,
                    103,
                    104,
                    105,
                    106,
                    107,
                    108,
                    109,
                    110,
                    111,
                    112,
                    113,
                    114,
                    115,
                    116,
                    117,
                    118,
                    119,
                    120,
                    121,
                    122,
                  ],
                  "negate": false,
                },
                "groups": Array [],
              },
            },
          },
          "posLine1": "/^[a-z0-9]+(?:-[a-z0-...",
          "posLine2": "  ^^^^^^^^^",
          "type": "nonBacktrackingQuantifier",
        },
        Object {
          "data": Object {
            "maxOrMinCount": false,
            "wrappedHandler": Object {
              "atoms": Array [
                Object {
                  "data": Object {
                    "negate": false,
                    "tree": Object {
                      "comparison": Object {
                        "comparisonValue": 45,
                        "type": "equal",
                      },
                      "type": "lastComparison",
                    },
                    "unicode": false,
                  },
                  "posLine1": "...-z0-9]+(?:-[a-z0-9]+)*$/",
                  "posLine2": "             ^",
                  "type": "charOrSet",
                },
                Object {
                  "data": Object {
                    "maxOrMinCount": true,
                    "minCount": 1,
                    "wrappedHandler": Object {
                      "atoms": Array [
                        Object {
                          "data": Object {
                            "negate": false,
                            "tree": Object {
                              "comparison": Object {
                                "comparisonValue": 57,
                                "type": "lessOrEqual",
                              },
                              "comparisonFalse": Object {
                                "comparison": Object {
                                  "comparisonValue": 122,
                                  "type": "lessOrEqual",
                                },
                                "comparisonTrue": Object {
                                  "comparison": Object {
                                    "comparisonValue": 97,
                                    "type": "moreOrEqual",
                                  },
                                  "type": "lastComparison",
                                },
                                "type": "comparison",
                              },
                              "comparisonTrue": Object {
                                "comparison": Object {
                                  "comparisonValue": 48,
                                  "type": "moreOrEqual",
                                },
                                "type": "lastComparison",
                              },
                              "type": "comparison",
                            },
                            "unicode": false,
                          },
                          "posLine1": "...z0-9]+(?:-[a-z0-9]+)*$/",
                          "posLine2": "             ^^^^^^^^",
                          "type": "charOrSet",
                        },
                      ],
                      "followUp": null,
                      "functionName": "fiber0003",
                      "lastAtomReturns": false,
                      "meta": Object {
                        "firstCharRange": Object {
                          "chars": Array [
                            48,
                            49,
                            50,
                            51,
                            52,
                            53,
                            54,
                            55,
                            56,
                            57,
                            97,
                            98,
                            99,
                            100,
                            101,
                            102,
                            103,
                            104,
                            105,
                            106,
                            107,
                            108,
                            109,
                            110,
                            111,
                            112,
                            113,
                            114,
                            115,
                            116,
                            117,
                            118,
                            119,
                            120,
                            121,
                            122,
                          ],
                          "negate": false,
                        },
                        "groups": Array [],
                      },
                    },
                  },
                  "posLine1": "...z0-9]+(?:-[a-z0-9]+)*$/",
                  "posLine2": "             ^^^^^^^^^",
                  "type": "nonBacktrackingQuantifier",
                },
              ],
              "followUp": null,
              "functionName": "fiber0002",
              "lastAtomReturns": false,
              "meta": Object {
                "firstCharRange": Object {
                  "chars": Array [
                    45,
                  ],
                  "negate": false,
                },
                "groups": Array [],
              },
            },
          },
          "posLine1": "/^[a-z0-9]+(?:-[a-z0-9]+)*$/",
          "posLine2": "           ^^^^^^^^^^^^^^^",
          "type": "nonBacktrackingQuantifier",
        },
        Object {
          "data": Object {},
          "posLine1": "...a-z0-9]+)*$/",
          "posLine2": "             ^",
          "type": "endAnchor",
        },
      ],
      "followUp": null,
      "functionName": "fiber0001",
      "lastAtomReturns": false,
      "meta": Object {
        "firstCharRange": Object {
          "chars": Array [
            48,
            49,
            50,
            51,
            52,
            53,
            54,
            55,
            56,
            57,
            97,
            98,
            99,
            100,
            101,
            102,
            103,
            104,
            105,
            106,
            107,
            108,
            109,
            110,
            111,
            112,
            113,
            114,
            115,
            116,
            117,
            118,
            119,
            120,
            121,
            122,
          ],
          "negate": false,
        },
        "groups": Array [],
      },
    },
    Object {
      "atoms": Array [
        Object {
          "data": Object {
            "negate": false,
            "tree": Object {
              "comparison": Object {
                "comparisonValue": 45,
                "type": "equal",
              },
              "type": "lastComparison",
            },
            "unicode": false,
          },
          "posLine1": "...-z0-9]+(?:-[a-z0-9]+)*$/",
          "posLine2": "             ^",
          "type": "charOrSet",
        },
        Object {
          "data": Object {
            "maxOrMinCount": true,
            "minCount": 1,
            "wrappedHandler": Object {
              "atoms": Array [
                Object {
                  "data": Object {
                    "negate": false,
                    "tree": Object {
                      "comparison": Object {
                        "comparisonValue": 57,
                        "type": "lessOrEqual",
                      },
                      "comparisonFalse": Object {
                        "comparison": Object {
                          "comparisonValue": 122,
                          "type": "lessOrEqual",
                        },
                        "comparisonTrue": Object {
                          "comparison": Object {
                            "comparisonValue": 97,
                            "type": "moreOrEqual",
                          },
                          "type": "lastComparison",
                        },
                        "type": "comparison",
                      },
                      "comparisonTrue": Object {
                        "comparison": Object {
                          "comparisonValue": 48,
                          "type": "moreOrEqual",
                        },
                        "type": "lastComparison",
                      },
                      "type": "comparison",
                    },
                    "unicode": false,
                  },
                  "posLine1": "...z0-9]+(?:-[a-z0-9]+)*$/",
                  "posLine2": "             ^^^^^^^^",
                  "type": "charOrSet",
                },
              ],
              "followUp": null,
              "functionName": "fiber0003",
              "lastAtomReturns": false,
              "meta": Object {
                "firstCharRange": Object {
                  "chars": Array [
                    48,
                    49,
                    50,
                    51,
                    52,
                    53,
                    54,
                    55,
                    56,
                    57,
                    97,
                    98,
                    99,
                    100,
                    101,
                    102,
                    103,
                    104,
                    105,
                    106,
                    107,
                    108,
                    109,
                    110,
                    111,
                    112,
                    113,
                    114,
                    115,
                    116,
                    117,
                    118,
                    119,
                    120,
                    121,
                    122,
                  ],
                  "negate": false,
                },
                "groups": Array [],
              },
            },
          },
          "posLine1": "...z0-9]+(?:-[a-z0-9]+)*$/",
          "posLine2": "             ^^^^^^^^^",
          "type": "nonBacktrackingQuantifier",
        },
      ],
      "followUp": null,
      "functionName": "fiber0002",
      "lastAtomReturns": false,
      "meta": Object {
        "firstCharRange": Object {
          "chars": Array [
            45,
          ],
          "negate": false,
        },
        "groups": Array [],
      },
    },
    Object {
      "atoms": Array [
        Object {
          "data": Object {
            "negate": false,
            "tree": Object {
              "comparison": Object {
                "comparisonValue": 57,
                "type": "lessOrEqual",
              },
              "comparisonFalse": Object {
                "comparison": Object {
                  "comparisonValue": 122,
                  "type": "lessOrEqual",
                },
                "comparisonTrue": Object {
                  "comparison": Object {
                    "comparisonValue": 97,
                    "type": "moreOrEqual",
                  },
                  "type": "lastComparison",
                },
                "type": "comparison",
              },
              "comparisonTrue": Object {
                "comparison": Object {
                  "comparisonValue": 48,
                  "type": "moreOrEqual",
                },
                "type": "lastComparison",
              },
              "type": "comparison",
            },
            "unicode": false,
          },
          "posLine1": "...z0-9]+(?:-[a-z0-9]+)*$/",
          "posLine2": "             ^^^^^^^^",
          "type": "charOrSet",
        },
      ],
      "followUp": null,
      "functionName": "fiber0003",
      "lastAtomReturns": false,
      "meta": Object {
        "firstCharRange": Object {
          "chars": Array [
            48,
            49,
            50,
            51,
            52,
            53,
            54,
            55,
            56,
            57,
            97,
            98,
            99,
            100,
            101,
            102,
            103,
            104,
            105,
            106,
            107,
            108,
            109,
            110,
            111,
            112,
            113,
            114,
            115,
            116,
            117,
            118,
            119,
            120,
            121,
            122,
          ],
          "negate": false,
        },
        "groups": Array [],
      },
    },
    Object {
      "atoms": Array [
        Object {
          "data": Object {
            "negate": false,
            "tree": Object {
              "comparison": Object {
                "comparisonValue": 57,
                "type": "lessOrEqual",
              },
              "comparisonFalse": Object {
                "comparison": Object {
                  "comparisonValue": 122,
                  "type": "lessOrEqual",
                },
                "comparisonTrue": Object {
                  "comparison": Object {
                    "comparisonValue": 97,
                    "type": "moreOrEqual",
                  },
                  "type": "lastComparison",
                },
                "type": "comparison",
              },
              "comparisonTrue": Object {
                "comparison": Object {
                  "comparisonValue": 48,
                  "type": "moreOrEqual",
                },
                "type": "lastComparison",
              },
              "type": "comparison",
            },
            "unicode": false,
          },
          "posLine1": "/^[a-z0-9]+(?:-[a-z0...",
          "posLine2": "  ^^^^^^^^",
          "type": "charOrSet",
        },
      ],
      "followUp": null,
      "functionName": "fiber0004",
      "lastAtomReturns": false,
      "meta": Object {
        "firstCharRange": Object {
          "chars": Array [
            48,
            49,
            50,
            51,
            52,
            53,
            54,
            55,
            56,
            57,
            97,
            98,
            99,
            100,
            101,
            102,
            103,
            104,
            105,
            106,
            107,
            108,
            109,
            110,
            111,
            112,
            113,
            114,
            115,
            116,
            117,
            118,
            119,
            120,
            121,
            122,
          ],
          "negate": false,
        },
        "groups": Array [],
      },
    },
  ],
  "greedyQuantifierHandlers": Array [],
  "groups": Array [],
  "lazyQuantifierHandlers": Array [],
  "mainHandler": Object {
    "atoms": Array [
      Object {
        "data": Object {},
        "posLine1": "/^[a-z0-9]+(...",
        "posLine2": " ^",
        "type": "startAnchor",
      },
      Object {
        "data": Object {
          "maxOrMinCount": true,
          "minCount": 1,
          "wrappedHandler": Object {
            "atoms": Array [
              Object {
                "data": Object {
                  "negate": false,
                  "tree": Object {
                    "comparison": Object {
                      "comparisonValue": 57,
                      "type": "lessOrEqual",
                    },
                    "comparisonFalse": Object {
                      "comparison": Object {
                        "comparisonValue": 122,
                        "type": "lessOrEqual",
                      },
                      "comparisonTrue": Object {
                        "comparison": Object {
                          "comparisonValue": 97,
                          "type": "moreOrEqual",
                        },
                        "type": "lastComparison",
                      },
                      "type": "comparison",
                    },
                    "comparisonTrue": Object {
                      "comparison": Object {
                        "comparisonValue": 48,
                        "type": "moreOrEqual",
                      },
                      "type": "lastComparison",
                    },
                    "type": "comparison",
                  },
                  "unicode": false,
                },
                "posLine1": "/^[a-z0-9]+(?:-[a-z0...",
                "posLine2": "  ^^^^^^^^",
                "type": "charOrSet",
              },
            ],
            "followUp": null,
            "functionName": "fiber0004",
            "lastAtomReturns": false,
            "meta": Object {
              "firstCharRange": Object {
                "chars": Array [
                  48,
                  49,
                  50,
                  51,
                  52,
                  53,
                  54,
                  55,
                  56,
                  57,
                  97,
                  98,
                  99,
                  100,
                  101,
                  102,
                  103,
                  104,
                  105,
                  106,
                  107,
                  108,
                  109,
                  110,
                  111,
                  112,
                  113,
                  114,
                  115,
                  116,
                  117,
                  118,
                  119,
                  120,
                  121,
                  122,
                ],
                "negate": false,
              },
              "groups": Array [],
            },
          },
        },
        "posLine1": "/^[a-z0-9]+(?:-[a-z0-...",
        "posLine2": "  ^^^^^^^^^",
        "type": "nonBacktrackingQuantifier",
      },
      Object {
        "data": Object {
          "maxOrMinCount": false,
          "wrappedHandler": Object {
            "atoms": Array [
              Object {
                "data": Object {
                  "negate": false,
                  "tree": Object {
                    "comparison": Object {
                      "comparisonValue": 45,
                      "type": "equal",
                    },
                    "type": "lastComparison",
                  },
                  "unicode": false,
                },
                "posLine1": "...-z0-9]+(?:-[a-z0-9]+)*$/",
                "posLine2": "             ^",
                "type": "charOrSet",
              },
              Object {
                "data": Object {
                  "maxOrMinCount": true,
                  "minCount": 1,
                  "wrappedHandler": Object {
                    "atoms": Array [
                      Object {
                        "data": Object {
                          "negate": false,
                          "tree": Object {
                            "comparison": Object {
                              "comparisonValue": 57,
                              "type": "lessOrEqual",
                            },
                            "comparisonFalse": Object {
                              "comparison": Object {
                                "comparisonValue": 122,
                                "type": "lessOrEqual",
                              },
                              "comparisonTrue": Object {
                                "comparison": Object {
                                  "comparisonValue": 97,
                                  "type": "moreOrEqual",
                                },
                                "type": "lastComparison",
                              },
                              "type": "comparison",
                            },
                            "comparisonTrue": Object {
                              "comparison": Object {
                                "comparisonValue": 48,
                                "type": "moreOrEqual",
                              },
                              "type": "lastComparison",
                            },
                            "type": "comparison",
                          },
                          "unicode": false,
                        },
                        "posLine1": "...z0-9]+(?:-[a-z0-9]+)*$/",
                        "posLine2": "             ^^^^^^^^",
                        "type": "charOrSet",
                      },
                    ],
                    "followUp": null,
                    "functionName": "fiber0003",
                    "lastAtomReturns": false,
                    "meta": Object {
                      "firstCharRange": Object {
                        "chars": Array [
                          48,
                          49,
                          50,
                          51,
                          52,
                          53,
                          54,
                          55,
                          56,
                          57,
                          97,
                          98,
                          99,
                          100,
                          101,
                          102,
                          103,
                          104,
                          105,
                          106,
                          107,
                          108,
                          109,
                          110,
                          111,
                          112,
                          113,
                          114,
                          115,
                          116,
                          117,
                          118,
                          119,
                          120,
                          121,
                          122,
                        ],
                        "negate": false,
                      },
                      "groups": Array [],
                    },
                  },
                },
                "posLine1": "...z0-9]+(?:-[a-z0-9]+)*$/",
                "posLine2": "             ^^^^^^^^^",
                "type": "nonBacktrackingQuantifier",
              },
            ],
            "followUp": null,
            "functionName": "fiber0002",
            "lastAtomReturns": false,
            "meta": Object {
              "firstCharRange": Object {
                "chars": Array [
                  45,
                ],
                "negate": false,
              },
              "groups": Array [],
            },
          },
        },
        "posLine1": "/^[a-z0-9]+(?:-[a-z0-9]+)*$/",
        "posLine2": "           ^^^^^^^^^^^^^^^",
        "type": "nonBacktrackingQuantifier",
      },
      Object {
        "data": Object {},
        "posLine1": "...a-z0-9]+)*$/",
        "posLine2": "             ^",
        "type": "endAnchor",
      },
    ],
    "followUp": null,
    "functionName": "fiber0001",
    "lastAtomReturns": false,
    "meta": Object {
      "firstCharRange": Object {
        "chars": Array [
          48,
          49,
          50,
          51,
          52,
          53,
          54,
          55,
          56,
          57,
          97,
          98,
          99,
          100,
          101,
          102,
          103,
          104,
          105,
          106,
          107,
          108,
          109,
          110,
          111,
          112,
          113,
          114,
          115,
          116,
          117,
          118,
          119,
          120,
          121,
          122,
        ],
        "negate": false,
      },
      "groups": Array [],
    },
  },
  "quantifierCountersLength": 0,
  "regexStr": "/^[a-z0-9]+(?:-[a-z0-9]+)*$/",
}
`;
