// Jest Snapshot v1, https://goo.gl/fbAQLP

exports[`basic_features/char_non_greedy_min template values are as expected 1`] = `
Object {
  "fiberHandlers": Array [
    Object {
      "atoms": Array [
        Object {
          "data": Object {
            "groupEndMarkerIndex": 3,
            "groupIndex": 1,
            "groupStartMarkerIndex": 2,
          },
          "posLine1": "/(a{3}?)(a)/",
          "posLine2": "       ^",
          "type": "groupEndMarker",
        },
        Object {
          "data": Object {
            "groupIndex": 2,
          },
          "posLine1": "/(a{3}?)(a)/",
          "posLine2": "        ^",
          "type": "groupStartMarker",
        },
        Object {
          "data": Object {
            "chars": Array [
              97,
            ],
            "complement": false,
            "ranges": Array [],
          },
          "posLine1": "/(a{3}?)(a)/",
          "posLine2": "         ^",
          "type": "charOrSet",
        },
        Object {
          "data": Object {
            "groupEndMarkerIndex": 5,
            "groupIndex": 2,
            "groupStartMarkerIndex": 4,
          },
          "posLine1": "/(a{3}?)(a)/",
          "posLine2": "          ^",
          "type": "groupEndMarker",
        },
      ],
      "followUp": null,
      "functionName": "fiber0001",
      "hasCallback": false,
      "lastAtomReturns": false,
    },
    Object {
      "atoms": Array [
        Object {
          "data": Object {
            "chars": Array [
              97,
            ],
            "complement": false,
            "ranges": Array [],
          },
          "posLine1": "/(a{3}?)(a)/",
          "posLine2": "  ^",
          "type": "charOrSet",
        },
      ],
      "followUp": Object {
        "functionName": "callback",
      },
      "functionName": "fiber0002",
      "hasCallback": true,
      "lastAtomReturns": false,
    },
    Object {
      "atoms": Array [
        Object {
          "data": Object {
            "groupIndex": 1,
          },
          "posLine1": "/(a{3}?)(a)/",
          "posLine2": " ^",
          "type": "groupStartMarker",
        },
        Object {
          "data": Object {
            "followUp": Object {
              "atoms": Array [
                Object {
                  "data": Object {
                    "groupEndMarkerIndex": 3,
                    "groupIndex": 1,
                    "groupStartMarkerIndex": 2,
                  },
                  "posLine1": "/(a{3}?)(a)/",
                  "posLine2": "       ^",
                  "type": "groupEndMarker",
                },
                Object {
                  "data": Object {
                    "groupIndex": 2,
                  },
                  "posLine1": "/(a{3}?)(a)/",
                  "posLine2": "        ^",
                  "type": "groupStartMarker",
                },
                Object {
                  "data": Object {
                    "chars": Array [
                      97,
                    ],
                    "complement": false,
                    "ranges": Array [],
                  },
                  "posLine1": "/(a{3}?)(a)/",
                  "posLine2": "         ^",
                  "type": "charOrSet",
                },
                Object {
                  "data": Object {
                    "groupEndMarkerIndex": 5,
                    "groupIndex": 2,
                    "groupStartMarkerIndex": 4,
                  },
                  "posLine1": "/(a{3}?)(a)/",
                  "posLine2": "          ^",
                  "type": "groupEndMarker",
                },
              ],
              "followUp": null,
              "functionName": "fiber0001",
              "hasCallback": false,
              "lastAtomReturns": false,
            },
            "maxCount": 3,
            "maxOrMinCount": true,
            "minCount": 3,
            "wrappedHandler": Object {
              "atoms": Array [
                Object {
                  "data": Object {
                    "chars": Array [
                      97,
                    ],
                    "complement": false,
                    "ranges": Array [],
                  },
                  "posLine1": "/(a{3}?)(a)/",
                  "posLine2": "  ^",
                  "type": "charOrSet",
                },
              ],
              "followUp": Object {
                "functionName": "callback",
              },
              "functionName": "fiber0002",
              "hasCallback": true,
              "lastAtomReturns": false,
            },
          },
          "posLine1": "/(a{3}?)(a)/",
          "posLine2": "   ^^^^",
          "type": "lazyQuantifier",
        },
      ],
      "followUp": null,
      "functionName": "fiber0003",
      "hasCallback": false,
      "lastAtomReturns": true,
    },
  ],
  "groupsCount": 3,
  "mainHandler": Object {
    "atoms": Array [
      Object {
        "data": Object {
          "groupIndex": 1,
        },
        "posLine1": "/(a{3}?)(a)/",
        "posLine2": " ^",
        "type": "groupStartMarker",
      },
      Object {
        "data": Object {
          "followUp": Object {
            "atoms": Array [
              Object {
                "data": Object {
                  "groupEndMarkerIndex": 3,
                  "groupIndex": 1,
                  "groupStartMarkerIndex": 2,
                },
                "posLine1": "/(a{3}?)(a)/",
                "posLine2": "       ^",
                "type": "groupEndMarker",
              },
              Object {
                "data": Object {
                  "groupIndex": 2,
                },
                "posLine1": "/(a{3}?)(a)/",
                "posLine2": "        ^",
                "type": "groupStartMarker",
              },
              Object {
                "data": Object {
                  "chars": Array [
                    97,
                  ],
                  "complement": false,
                  "ranges": Array [],
                },
                "posLine1": "/(a{3}?)(a)/",
                "posLine2": "         ^",
                "type": "charOrSet",
              },
              Object {
                "data": Object {
                  "groupEndMarkerIndex": 5,
                  "groupIndex": 2,
                  "groupStartMarkerIndex": 4,
                },
                "posLine1": "/(a{3}?)(a)/",
                "posLine2": "          ^",
                "type": "groupEndMarker",
              },
            ],
            "followUp": null,
            "functionName": "fiber0001",
            "hasCallback": false,
            "lastAtomReturns": false,
          },
          "maxCount": 3,
          "maxOrMinCount": true,
          "minCount": 3,
          "wrappedHandler": Object {
            "atoms": Array [
              Object {
                "data": Object {
                  "chars": Array [
                    97,
                  ],
                  "complement": false,
                  "ranges": Array [],
                },
                "posLine1": "/(a{3}?)(a)/",
                "posLine2": "  ^",
                "type": "charOrSet",
              },
            ],
            "followUp": Object {
              "functionName": "callback",
            },
            "functionName": "fiber0002",
            "hasCallback": true,
            "lastAtomReturns": false,
          },
        },
        "posLine1": "/(a{3}?)(a)/",
        "posLine2": "   ^^^^",
        "type": "lazyQuantifier",
      },
    ],
    "followUp": null,
    "functionName": "fiber0003",
    "hasCallback": false,
    "lastAtomReturns": true,
  },
  "regexStr": "/(a{3}?)(a)/",
}
`;
