// Jest Snapshot v1, https://goo.gl/fbAQLP

exports[`basic_features/char_class_space_negated template values are as expected 1`] = `
Object {
  "fiberHandlers": Array [
    Object {
      "atoms": Array [
        Object {
          "data": Object {
            "negate": true,
            "tree": Object {
              "comparison": Object {
                "comparisonValue": 8202,
                "type": "lessOrEqual",
              },
              "comparisonFalse": Object {
                "comparison": Object {
                  "comparisonValue": 8287,
                  "type": "lessOrEqual",
                },
                "comparisonFalse": Object {
                  "comparison": Object {
                    "comparisonValue1": 12288,
                    "comparisonValue2": 65279,
                    "type": "equalOneOfTwo",
                  },
                  "type": "lastComparison",
                },
                "comparisonTrue": Object {
                  "comparison": Object {
                    "comparisonValue": 8239,
                    "type": "lessOrEqual",
                  },
                  "comparisonFalse": Object {
                    "comparison": Object {
                      "comparisonValue": 8287,
                      "type": "equal",
                    },
                    "type": "lastComparison",
                  },
                  "comparisonTrue": Object {
                    "comparison": Object {
                      "comparisonValue": 8233,
                      "type": "lessOrEqual",
                    },
                    "comparisonFalse": Object {
                      "comparison": Object {
                        "comparisonValue": 8239,
                        "type": "equal",
                      },
                      "type": "lastComparison",
                    },
                    "comparisonTrue": Object {
                      "comparison": Object {
                        "comparisonValue": 8232,
                        "type": "moreOrEqual",
                      },
                      "type": "lastComparison",
                    },
                    "type": "comparison",
                  },
                  "type": "comparison",
                },
                "type": "comparison",
              },
              "comparisonTrue": Object {
                "comparison": Object {
                  "comparisonValue": 160,
                  "type": "lessOrEqual",
                },
                "comparisonFalse": Object {
                  "comparison": Object {
                    "comparisonValue": 5760,
                    "type": "equal",
                  },
                  "comparisonFalse": Object {
                    "comparison": Object {
                      "comparisonValue": 8192,
                      "type": "moreOrEqual",
                    },
                    "type": "lastComparison",
                  },
                  "comparisonTrue": Object {
                    "comparison": Object {
                      "type": "true",
                    },
                    "type": "lastComparison",
                  },
                  "type": "comparison",
                },
                "comparisonTrue": Object {
                  "comparison": Object {
                    "comparisonValue": 32,
                    "type": "lessOrEqual",
                  },
                  "comparisonFalse": Object {
                    "comparison": Object {
                      "comparisonValue": 160,
                      "type": "equal",
                    },
                    "type": "lastComparison",
                  },
                  "comparisonTrue": Object {
                    "comparison": Object {
                      "comparisonValue": 13,
                      "type": "lessOrEqual",
                    },
                    "comparisonFalse": Object {
                      "comparison": Object {
                        "comparisonValue": 32,
                        "type": "equal",
                      },
                      "type": "lastComparison",
                    },
                    "comparisonTrue": Object {
                      "comparison": Object {
                        "comparisonValue": 9,
                        "type": "moreOrEqual",
                      },
                      "type": "lastComparison",
                    },
                    "type": "comparison",
                  },
                  "type": "comparison",
                },
                "type": "comparison",
              },
              "type": "comparison",
            },
            "unicode": false,
          },
          "posLine1": "\\\\S/",
          "posLine2": "^^",
          "type": "charOrSet",
        },
      ],
      "followUp": null,
      "functionName": "fiber0001",
      "lastAtomReturns": false,
      "meta": Object {
        "firstCharRange": Object {
          "chars": Array [
            9,
            10,
            11,
            12,
            13,
            32,
            160,
            5760,
            8192,
            8193,
            8194,
            8195,
            8196,
            8197,
            8198,
            8199,
            8200,
            8201,
            8202,
            8232,
            8233,
            8239,
            8287,
            12288,
            65279,
          ],
          "negate": true,
        },
        "groups": Array [],
      },
    },
  ],
  "mainHandler": Object {
    "atoms": Array [
      Object {
        "data": Object {
          "negate": true,
          "tree": Object {
            "comparison": Object {
              "comparisonValue": 8202,
              "type": "lessOrEqual",
            },
            "comparisonFalse": Object {
              "comparison": Object {
                "comparisonValue": 8287,
                "type": "lessOrEqual",
              },
              "comparisonFalse": Object {
                "comparison": Object {
                  "comparisonValue1": 12288,
                  "comparisonValue2": 65279,
                  "type": "equalOneOfTwo",
                },
                "type": "lastComparison",
              },
              "comparisonTrue": Object {
                "comparison": Object {
                  "comparisonValue": 8239,
                  "type": "lessOrEqual",
                },
                "comparisonFalse": Object {
                  "comparison": Object {
                    "comparisonValue": 8287,
                    "type": "equal",
                  },
                  "type": "lastComparison",
                },
                "comparisonTrue": Object {
                  "comparison": Object {
                    "comparisonValue": 8233,
                    "type": "lessOrEqual",
                  },
                  "comparisonFalse": Object {
                    "comparison": Object {
                      "comparisonValue": 8239,
                      "type": "equal",
                    },
                    "type": "lastComparison",
                  },
                  "comparisonTrue": Object {
                    "comparison": Object {
                      "comparisonValue": 8232,
                      "type": "moreOrEqual",
                    },
                    "type": "lastComparison",
                  },
                  "type": "comparison",
                },
                "type": "comparison",
              },
              "type": "comparison",
            },
            "comparisonTrue": Object {
              "comparison": Object {
                "comparisonValue": 160,
                "type": "lessOrEqual",
              },
              "comparisonFalse": Object {
                "comparison": Object {
                  "comparisonValue": 5760,
                  "type": "equal",
                },
                "comparisonFalse": Object {
                  "comparison": Object {
                    "comparisonValue": 8192,
                    "type": "moreOrEqual",
                  },
                  "type": "lastComparison",
                },
                "comparisonTrue": Object {
                  "comparison": Object {
                    "type": "true",
                  },
                  "type": "lastComparison",
                },
                "type": "comparison",
              },
              "comparisonTrue": Object {
                "comparison": Object {
                  "comparisonValue": 32,
                  "type": "lessOrEqual",
                },
                "comparisonFalse": Object {
                  "comparison": Object {
                    "comparisonValue": 160,
                    "type": "equal",
                  },
                  "type": "lastComparison",
                },
                "comparisonTrue": Object {
                  "comparison": Object {
                    "comparisonValue": 13,
                    "type": "lessOrEqual",
                  },
                  "comparisonFalse": Object {
                    "comparison": Object {
                      "comparisonValue": 32,
                      "type": "equal",
                    },
                    "type": "lastComparison",
                  },
                  "comparisonTrue": Object {
                    "comparison": Object {
                      "comparisonValue": 9,
                      "type": "moreOrEqual",
                    },
                    "type": "lastComparison",
                  },
                  "type": "comparison",
                },
                "type": "comparison",
              },
              "type": "comparison",
            },
            "type": "comparison",
          },
          "unicode": false,
        },
        "posLine1": "\\\\S/",
        "posLine2": "^^",
        "type": "charOrSet",
      },
    ],
    "followUp": null,
    "functionName": "fiber0001",
    "lastAtomReturns": false,
    "meta": Object {
      "firstCharRange": Object {
        "chars": Array [
          9,
          10,
          11,
          12,
          13,
          32,
          160,
          5760,
          8192,
          8193,
          8194,
          8195,
          8196,
          8197,
          8198,
          8199,
          8200,
          8201,
          8202,
          8232,
          8233,
          8239,
          8287,
          12288,
          65279,
        ],
        "negate": true,
      },
      "groups": Array [],
    },
  },
  "regexStr": "/\\\\S/",
}
`;
