// Jest Snapshot v1, https://goo.gl/fbAQLP

exports[`common_regex/numbers_negative_positive_decimal template values are as expected 1`] = `
Object {
  "fiberHandlers": Array [
    Object {
      "atoms": Array [
        Object {
          "data": Object {},
          "posLine1": "...d*(\\\\.\\\\d+)?$/",
          "posLine2": "             ^",
          "type": "endAnchor",
        },
      ],
      "followUp": null,
      "functionName": "fiber0001",
      "lastAtomReturns": false,
      "meta": Object {
        "combinedCharRange": Object {
          "chars": Array [],
          "negate": false,
        },
        "firstCharRange": Object {
          "chars": Array [],
          "negate": true,
        },
        "groups": Array [],
      },
    },
    Object {
      "atoms": Array [
        Object {
          "data": Object {
            "groupReference": Object {
              "astStart": 7,
              "idx": 0,
            },
          },
          "posLine1": "(\\\\.\\\\d+)?$/",
          "posLine2": "^^^^^^^",
          "type": "groupEndMarker",
        },
      ],
      "followUp": Object {
        "followUp": Object {
          "atoms": Array [
            Object {
              "data": Object {},
              "posLine1": "...d*(\\\\.\\\\d+)?$/",
              "posLine2": "             ^",
              "type": "endAnchor",
            },
          ],
          "followUp": null,
          "functionName": "fiber0001",
          "lastAtomReturns": false,
          "meta": Object {
            "combinedCharRange": Object {
              "chars": Array [],
              "negate": false,
            },
            "firstCharRange": Object {
              "chars": Array [],
              "negate": true,
            },
            "groups": Array [],
          },
        },
        "functionName": "greedyQuantifier0003",
        "maxCount": 1,
        "maxOrMinCount": true,
        "meta": Object {
          "combinedCharRange": Object {
            "chars": Array [],
            "negate": false,
          },
          "firstCharRange": Object {
            "chars": Array [],
            "negate": false,
          },
          "groups": Array [
            Object {
              "astStart": 7,
              "idx": 0,
            },
          ],
        },
        "posLine1": "(\\\\.\\\\d+)?$/",
        "posLine2": "^^^^^^^^",
        "wrappedHandler": Object {
          "atoms": Array [
            Object {
              "data": Object {
                "groupReference": Object {
                  "astStart": 7,
                  "idx": 0,
                },
              },
              "posLine1": "(\\\\.\\\\d+)?$/",
              "posLine2": "^^^^^^^",
              "type": "groupStartMarker",
            },
            Object {
              "data": Object {
                "negate": false,
                "tree": Object {
                  "comparison": Object {
                    "comparisonValue": 46,
                    "type": "equal",
                  },
                  "type": "lastComparison",
                },
                "unicode": false,
              },
              "posLine1": "\\\\.\\\\d+)?$/",
              "posLine2": "^^",
              "type": "charOrSet",
            },
            Object {
              "data": Object {
                "functionName": "greedyQuantifier0005",
                "maxOrMinCount": true,
              },
              "posLine1": "\\\\d+)?$/",
              "posLine2": "^^^",
              "type": "quantifierStarter",
            },
          ],
          "followUp": null,
          "functionName": "fiber0006",
          "lastAtomReturns": true,
          "meta": Object {
            "combinedCharRange": Object {
              "chars": Array [
                46,
              ],
              "negate": false,
            },
            "firstCharRange": Object {
              "chars": Array [
                46,
              ],
              "negate": false,
            },
            "groups": Array [
              Object {
                "astStart": 7,
                "idx": 0,
              },
            ],
          },
        },
      },
      "functionName": "fiber0002",
      "lastAtomReturns": false,
      "meta": Object {
        "combinedCharRange": Object {
          "chars": Array [],
          "negate": false,
        },
        "firstCharRange": Object {
          "chars": Array [],
          "negate": true,
        },
        "groups": Array [
          Object {
            "astStart": 7,
            "idx": 0,
          },
        ],
      },
    },
    Object {
      "atoms": Array [
        Object {
          "data": Object {
            "negate": false,
            "tree": Object {
              "comparison": Object {
                "comparisonValue": 57,
                "type": "lessOrEqual",
              },
              "comparisonTrue": Object {
                "comparison": Object {
                  "comparisonValue": 48,
                  "type": "moreOrEqual",
                },
                "type": "lastComparison",
              },
              "type": "comparison",
            },
            "unicode": false,
          },
          "posLine1": "\\\\d+)?$/",
          "posLine2": "^^",
          "type": "charOrSet",
        },
      ],
      "followUp": Object {
        "followUp": Object {
          "atoms": Array [
            Object {
              "data": Object {
                "groupReference": Object {
                  "astStart": 7,
                  "idx": 0,
                },
              },
              "posLine1": "(\\\\.\\\\d+)?$/",
              "posLine2": "^^^^^^^",
              "type": "groupEndMarker",
            },
          ],
          "followUp": Object {
            "followUp": Object {
              "atoms": Array [
                Object {
                  "data": Object {},
                  "posLine1": "...d*(\\\\.\\\\d+)?$/",
                  "posLine2": "             ^",
                  "type": "endAnchor",
                },
              ],
              "followUp": null,
              "functionName": "fiber0001",
              "lastAtomReturns": false,
              "meta": Object {
                "combinedCharRange": Object {
                  "chars": Array [],
                  "negate": false,
                },
                "firstCharRange": Object {
                  "chars": Array [],
                  "negate": true,
                },
                "groups": Array [],
              },
            },
            "functionName": "greedyQuantifier0003",
            "maxCount": 1,
            "maxOrMinCount": true,
            "meta": Object {
              "combinedCharRange": Object {
                "chars": Array [],
                "negate": false,
              },
              "firstCharRange": Object {
                "chars": Array [],
                "negate": false,
              },
              "groups": Array [
                Object {
                  "astStart": 7,
                  "idx": 0,
                },
              ],
            },
            "posLine1": "(\\\\.\\\\d+)?$/",
            "posLine2": "^^^^^^^^",
            "wrappedHandler": Object {
              "atoms": Array [
                Object {
                  "data": Object {
                    "groupReference": Object {
                      "astStart": 7,
                      "idx": 0,
                    },
                  },
                  "posLine1": "(\\\\.\\\\d+)?$/",
                  "posLine2": "^^^^^^^",
                  "type": "groupStartMarker",
                },
                Object {
                  "data": Object {
                    "negate": false,
                    "tree": Object {
                      "comparison": Object {
                        "comparisonValue": 46,
                        "type": "equal",
                      },
                      "type": "lastComparison",
                    },
                    "unicode": false,
                  },
                  "posLine1": "\\\\.\\\\d+)?$/",
                  "posLine2": "^^",
                  "type": "charOrSet",
                },
                Object {
                  "data": Object {
                    "functionName": "greedyQuantifier0005",
                    "maxOrMinCount": true,
                  },
                  "posLine1": "\\\\d+)?$/",
                  "posLine2": "^^^",
                  "type": "quantifierStarter",
                },
              ],
              "followUp": null,
              "functionName": "fiber0006",
              "lastAtomReturns": true,
              "meta": Object {
                "combinedCharRange": Object {
                  "chars": Array [
                    46,
                  ],
                  "negate": false,
                },
                "firstCharRange": Object {
                  "chars": Array [
                    46,
                  ],
                  "negate": false,
                },
                "groups": Array [
                  Object {
                    "astStart": 7,
                    "idx": 0,
                  },
                ],
              },
            },
          },
          "functionName": "fiber0002",
          "lastAtomReturns": false,
          "meta": Object {
            "combinedCharRange": Object {
              "chars": Array [],
              "negate": false,
            },
            "firstCharRange": Object {
              "chars": Array [],
              "negate": true,
            },
            "groups": Array [
              Object {
                "astStart": 7,
                "idx": 0,
              },
            ],
          },
        },
        "functionName": "greedyQuantifier0005",
        "maxOrMinCount": true,
        "meta": Object {
          "combinedCharRange": Object {
            "chars": Array [],
            "negate": false,
          },
          "firstCharRange": Object {
            "chars": Array [],
            "negate": false,
          },
          "groups": Array [
            Object {
              "astStart": 7,
              "idx": 0,
            },
          ],
        },
        "minCount": 1,
        "posLine1": "\\\\d+)?$/",
        "posLine2": "^^^",
        "wrappedHandler": "[Circular]",
      },
      "functionName": "fiber0004",
      "lastAtomReturns": false,
      "meta": Object {
        "combinedCharRange": Object {
          "chars": Array [
            48,
            49,
            50,
            51,
            52,
            53,
            54,
            55,
            56,
            57,
          ],
          "negate": false,
        },
        "firstCharRange": Object {
          "chars": Array [
            48,
            49,
            50,
            51,
            52,
            53,
            54,
            55,
            56,
            57,
          ],
          "negate": false,
        },
        "groups": Array [],
      },
    },
    Object {
      "atoms": Array [
        Object {
          "data": Object {
            "groupReference": Object {
              "astStart": 7,
              "idx": 0,
            },
          },
          "posLine1": "(\\\\.\\\\d+)?$/",
          "posLine2": "^^^^^^^",
          "type": "groupStartMarker",
        },
        Object {
          "data": Object {
            "negate": false,
            "tree": Object {
              "comparison": Object {
                "comparisonValue": 46,
                "type": "equal",
              },
              "type": "lastComparison",
            },
            "unicode": false,
          },
          "posLine1": "\\\\.\\\\d+)?$/",
          "posLine2": "^^",
          "type": "charOrSet",
        },
        Object {
          "data": Object {
            "functionName": "greedyQuantifier0005",
            "maxOrMinCount": true,
          },
          "posLine1": "\\\\d+)?$/",
          "posLine2": "^^^",
          "type": "quantifierStarter",
        },
      ],
      "followUp": null,
      "functionName": "fiber0006",
      "lastAtomReturns": true,
      "meta": Object {
        "combinedCharRange": Object {
          "chars": Array [
            46,
          ],
          "negate": false,
        },
        "firstCharRange": Object {
          "chars": Array [
            46,
          ],
          "negate": false,
        },
        "groups": Array [
          Object {
            "astStart": 7,
            "idx": 0,
          },
        ],
      },
    },
    Object {
      "atoms": Array [
        Object {
          "data": Object {},
          "posLine1": "^-?\\\\d*(\\\\.\\\\d...",
          "posLine2": "^",
          "type": "startAnchor",
        },
        Object {
          "data": Object {
            "maxCount": 1,
            "maxOrMinCount": true,
            "wrappedHandler": Object {
              "atoms": Array [
                Object {
                  "data": Object {
                    "negate": false,
                    "tree": Object {
                      "comparison": Object {
                        "comparisonValue": 45,
                        "type": "equal",
                      },
                      "type": "lastComparison",
                    },
                    "unicode": false,
                  },
                  "posLine1": "-?\\\\d*(\\\\.\\\\d+...",
                  "posLine2": "^",
                  "type": "charOrSet",
                },
              ],
              "followUp": null,
              "functionName": "fiber0009",
              "lastAtomReturns": false,
              "meta": Object {
                "combinedCharRange": Object {
                  "chars": Array [
                    45,
                  ],
                  "negate": false,
                },
                "firstCharRange": Object {
                  "chars": Array [
                    45,
                  ],
                  "negate": false,
                },
                "groups": Array [],
              },
            },
          },
          "posLine1": "-?\\\\d*(\\\\.\\\\d+)?$/",
          "posLine2": "^^",
          "type": "nonBacktrackingQuantifier",
        },
        Object {
          "data": Object {
            "maxOrMinCount": false,
            "wrappedHandler": Object {
              "atoms": Array [
                Object {
                  "data": Object {
                    "negate": false,
                    "tree": Object {
                      "comparison": Object {
                        "comparisonValue": 57,
                        "type": "lessOrEqual",
                      },
                      "comparisonTrue": Object {
                        "comparison": Object {
                          "comparisonValue": 48,
                          "type": "moreOrEqual",
                        },
                        "type": "lastComparison",
                      },
                      "type": "comparison",
                    },
                    "unicode": false,
                  },
                  "posLine1": "\\\\d*(\\\\.\\\\d+)?$/",
                  "posLine2": "^^",
                  "type": "charOrSet",
                },
              ],
              "followUp": null,
              "functionName": "fiber0008",
              "lastAtomReturns": false,
              "meta": Object {
                "combinedCharRange": Object {
                  "chars": Array [
                    48,
                    49,
                    50,
                    51,
                    52,
                    53,
                    54,
                    55,
                    56,
                    57,
                  ],
                  "negate": false,
                },
                "firstCharRange": Object {
                  "chars": Array [
                    48,
                    49,
                    50,
                    51,
                    52,
                    53,
                    54,
                    55,
                    56,
                    57,
                  ],
                  "negate": false,
                },
                "groups": Array [],
              },
            },
          },
          "posLine1": "\\\\d*(\\\\.\\\\d+)?$/",
          "posLine2": "^^^",
          "type": "nonBacktrackingQuantifier",
        },
        Object {
          "data": Object {
            "functionName": "greedyQuantifier0003",
            "maxOrMinCount": true,
          },
          "posLine1": "(\\\\.\\\\d+)?$/",
          "posLine2": "^^^^^^^^",
          "type": "quantifierStarter",
        },
      ],
      "followUp": null,
      "functionName": "fiber0007",
      "lastAtomReturns": true,
      "meta": Object {
        "combinedCharRange": Object {
          "chars": Array [
            45,
            48,
            49,
            50,
            51,
            52,
            53,
            54,
            55,
            56,
            57,
          ],
          "negate": false,
        },
        "firstCharRange": Object {
          "chars": Array [
            45,
          ],
          "negate": false,
        },
        "groups": Array [
          Object {
            "astStart": 7,
            "idx": 0,
          },
        ],
      },
    },
    Object {
      "atoms": Array [
        Object {
          "data": Object {
            "negate": false,
            "tree": Object {
              "comparison": Object {
                "comparisonValue": 57,
                "type": "lessOrEqual",
              },
              "comparisonTrue": Object {
                "comparison": Object {
                  "comparisonValue": 48,
                  "type": "moreOrEqual",
                },
                "type": "lastComparison",
              },
              "type": "comparison",
            },
            "unicode": false,
          },
          "posLine1": "\\\\d*(\\\\.\\\\d+)?$/",
          "posLine2": "^^",
          "type": "charOrSet",
        },
      ],
      "followUp": null,
      "functionName": "fiber0008",
      "lastAtomReturns": false,
      "meta": Object {
        "combinedCharRange": Object {
          "chars": Array [
            48,
            49,
            50,
            51,
            52,
            53,
            54,
            55,
            56,
            57,
          ],
          "negate": false,
        },
        "firstCharRange": Object {
          "chars": Array [
            48,
            49,
            50,
            51,
            52,
            53,
            54,
            55,
            56,
            57,
          ],
          "negate": false,
        },
        "groups": Array [],
      },
    },
    Object {
      "atoms": Array [
        Object {
          "data": Object {
            "negate": false,
            "tree": Object {
              "comparison": Object {
                "comparisonValue": 45,
                "type": "equal",
              },
              "type": "lastComparison",
            },
            "unicode": false,
          },
          "posLine1": "-?\\\\d*(\\\\.\\\\d+...",
          "posLine2": "^",
          "type": "charOrSet",
        },
      ],
      "followUp": null,
      "functionName": "fiber0009",
      "lastAtomReturns": false,
      "meta": Object {
        "combinedCharRange": Object {
          "chars": Array [
            45,
          ],
          "negate": false,
        },
        "firstCharRange": Object {
          "chars": Array [
            45,
          ],
          "negate": false,
        },
        "groups": Array [],
      },
    },
  ],
  "greedyQuantifierHandlers": Array [
    Object {
      "followUp": Object {
        "atoms": Array [
          Object {
            "data": Object {},
            "posLine1": "...d*(\\\\.\\\\d+)?$/",
            "posLine2": "             ^",
            "type": "endAnchor",
          },
        ],
        "followUp": null,
        "functionName": "fiber0001",
        "lastAtomReturns": false,
        "meta": Object {
          "combinedCharRange": Object {
            "chars": Array [],
            "negate": false,
          },
          "firstCharRange": Object {
            "chars": Array [],
            "negate": true,
          },
          "groups": Array [],
        },
      },
      "functionName": "greedyQuantifier0003",
      "maxCount": 1,
      "maxOrMinCount": true,
      "meta": Object {
        "combinedCharRange": Object {
          "chars": Array [],
          "negate": false,
        },
        "firstCharRange": Object {
          "chars": Array [],
          "negate": false,
        },
        "groups": Array [
          Object {
            "astStart": 7,
            "idx": 0,
          },
        ],
      },
      "posLine1": "(\\\\.\\\\d+)?$/",
      "posLine2": "^^^^^^^^",
      "wrappedHandler": Object {
        "atoms": Array [
          Object {
            "data": Object {
              "groupReference": Object {
                "astStart": 7,
                "idx": 0,
              },
            },
            "posLine1": "(\\\\.\\\\d+)?$/",
            "posLine2": "^^^^^^^",
            "type": "groupStartMarker",
          },
          Object {
            "data": Object {
              "negate": false,
              "tree": Object {
                "comparison": Object {
                  "comparisonValue": 46,
                  "type": "equal",
                },
                "type": "lastComparison",
              },
              "unicode": false,
            },
            "posLine1": "\\\\.\\\\d+)?$/",
            "posLine2": "^^",
            "type": "charOrSet",
          },
          Object {
            "data": Object {
              "functionName": "greedyQuantifier0005",
              "maxOrMinCount": true,
            },
            "posLine1": "\\\\d+)?$/",
            "posLine2": "^^^",
            "type": "quantifierStarter",
          },
        ],
        "followUp": null,
        "functionName": "fiber0006",
        "lastAtomReturns": true,
        "meta": Object {
          "combinedCharRange": Object {
            "chars": Array [
              46,
            ],
            "negate": false,
          },
          "firstCharRange": Object {
            "chars": Array [
              46,
            ],
            "negate": false,
          },
          "groups": Array [
            Object {
              "astStart": 7,
              "idx": 0,
            },
          ],
        },
      },
    },
    Object {
      "followUp": Object {
        "atoms": Array [
          Object {
            "data": Object {
              "groupReference": Object {
                "astStart": 7,
                "idx": 0,
              },
            },
            "posLine1": "(\\\\.\\\\d+)?$/",
            "posLine2": "^^^^^^^",
            "type": "groupEndMarker",
          },
        ],
        "followUp": Object {
          "followUp": Object {
            "atoms": Array [
              Object {
                "data": Object {},
                "posLine1": "...d*(\\\\.\\\\d+)?$/",
                "posLine2": "             ^",
                "type": "endAnchor",
              },
            ],
            "followUp": null,
            "functionName": "fiber0001",
            "lastAtomReturns": false,
            "meta": Object {
              "combinedCharRange": Object {
                "chars": Array [],
                "negate": false,
              },
              "firstCharRange": Object {
                "chars": Array [],
                "negate": true,
              },
              "groups": Array [],
            },
          },
          "functionName": "greedyQuantifier0003",
          "maxCount": 1,
          "maxOrMinCount": true,
          "meta": Object {
            "combinedCharRange": Object {
              "chars": Array [],
              "negate": false,
            },
            "firstCharRange": Object {
              "chars": Array [],
              "negate": false,
            },
            "groups": Array [
              Object {
                "astStart": 7,
                "idx": 0,
              },
            ],
          },
          "posLine1": "(\\\\.\\\\d+)?$/",
          "posLine2": "^^^^^^^^",
          "wrappedHandler": Object {
            "atoms": Array [
              Object {
                "data": Object {
                  "groupReference": Object {
                    "astStart": 7,
                    "idx": 0,
                  },
                },
                "posLine1": "(\\\\.\\\\d+)?$/",
                "posLine2": "^^^^^^^",
                "type": "groupStartMarker",
              },
              Object {
                "data": Object {
                  "negate": false,
                  "tree": Object {
                    "comparison": Object {
                      "comparisonValue": 46,
                      "type": "equal",
                    },
                    "type": "lastComparison",
                  },
                  "unicode": false,
                },
                "posLine1": "\\\\.\\\\d+)?$/",
                "posLine2": "^^",
                "type": "charOrSet",
              },
              Object {
                "data": Object {
                  "functionName": "greedyQuantifier0005",
                  "maxOrMinCount": true,
                },
                "posLine1": "\\\\d+)?$/",
                "posLine2": "^^^",
                "type": "quantifierStarter",
              },
            ],
            "followUp": null,
            "functionName": "fiber0006",
            "lastAtomReturns": true,
            "meta": Object {
              "combinedCharRange": Object {
                "chars": Array [
                  46,
                ],
                "negate": false,
              },
              "firstCharRange": Object {
                "chars": Array [
                  46,
                ],
                "negate": false,
              },
              "groups": Array [
                Object {
                  "astStart": 7,
                  "idx": 0,
                },
              ],
            },
          },
        },
        "functionName": "fiber0002",
        "lastAtomReturns": false,
        "meta": Object {
          "combinedCharRange": Object {
            "chars": Array [],
            "negate": false,
          },
          "firstCharRange": Object {
            "chars": Array [],
            "negate": true,
          },
          "groups": Array [
            Object {
              "astStart": 7,
              "idx": 0,
            },
          ],
        },
      },
      "functionName": "greedyQuantifier0005",
      "maxOrMinCount": true,
      "meta": Object {
        "combinedCharRange": Object {
          "chars": Array [],
          "negate": false,
        },
        "firstCharRange": Object {
          "chars": Array [],
          "negate": false,
        },
        "groups": Array [
          Object {
            "astStart": 7,
            "idx": 0,
          },
        ],
      },
      "minCount": 1,
      "posLine1": "\\\\d+)?$/",
      "posLine2": "^^^",
      "wrappedHandler": "[Circular]",
    },
  ],
  "groups": Array [
    Object {
      "astStart": 7,
      "idx": 0,
    },
  ],
  "mainHandler": Object {
    "atoms": Array [
      Object {
        "data": Object {},
        "posLine1": "^-?\\\\d*(\\\\.\\\\d...",
        "posLine2": "^",
        "type": "startAnchor",
      },
      Object {
        "data": Object {
          "maxCount": 1,
          "maxOrMinCount": true,
          "wrappedHandler": Object {
            "atoms": Array [
              Object {
                "data": Object {
                  "negate": false,
                  "tree": Object {
                    "comparison": Object {
                      "comparisonValue": 45,
                      "type": "equal",
                    },
                    "type": "lastComparison",
                  },
                  "unicode": false,
                },
                "posLine1": "-?\\\\d*(\\\\.\\\\d+...",
                "posLine2": "^",
                "type": "charOrSet",
              },
            ],
            "followUp": null,
            "functionName": "fiber0009",
            "lastAtomReturns": false,
            "meta": Object {
              "combinedCharRange": Object {
                "chars": Array [
                  45,
                ],
                "negate": false,
              },
              "firstCharRange": Object {
                "chars": Array [
                  45,
                ],
                "negate": false,
              },
              "groups": Array [],
            },
          },
        },
        "posLine1": "-?\\\\d*(\\\\.\\\\d+)?$/",
        "posLine2": "^^",
        "type": "nonBacktrackingQuantifier",
      },
      Object {
        "data": Object {
          "maxOrMinCount": false,
          "wrappedHandler": Object {
            "atoms": Array [
              Object {
                "data": Object {
                  "negate": false,
                  "tree": Object {
                    "comparison": Object {
                      "comparisonValue": 57,
                      "type": "lessOrEqual",
                    },
                    "comparisonTrue": Object {
                      "comparison": Object {
                        "comparisonValue": 48,
                        "type": "moreOrEqual",
                      },
                      "type": "lastComparison",
                    },
                    "type": "comparison",
                  },
                  "unicode": false,
                },
                "posLine1": "\\\\d*(\\\\.\\\\d+)?$/",
                "posLine2": "^^",
                "type": "charOrSet",
              },
            ],
            "followUp": null,
            "functionName": "fiber0008",
            "lastAtomReturns": false,
            "meta": Object {
              "combinedCharRange": Object {
                "chars": Array [
                  48,
                  49,
                  50,
                  51,
                  52,
                  53,
                  54,
                  55,
                  56,
                  57,
                ],
                "negate": false,
              },
              "firstCharRange": Object {
                "chars": Array [
                  48,
                  49,
                  50,
                  51,
                  52,
                  53,
                  54,
                  55,
                  56,
                  57,
                ],
                "negate": false,
              },
              "groups": Array [],
            },
          },
        },
        "posLine1": "\\\\d*(\\\\.\\\\d+)?$/",
        "posLine2": "^^^",
        "type": "nonBacktrackingQuantifier",
      },
      Object {
        "data": Object {
          "functionName": "greedyQuantifier0003",
          "maxOrMinCount": true,
        },
        "posLine1": "(\\\\.\\\\d+)?$/",
        "posLine2": "^^^^^^^^",
        "type": "quantifierStarter",
      },
    ],
    "followUp": null,
    "functionName": "fiber0007",
    "lastAtomReturns": true,
    "meta": Object {
      "combinedCharRange": Object {
        "chars": Array [
          45,
          48,
          49,
          50,
          51,
          52,
          53,
          54,
          55,
          56,
          57,
        ],
        "negate": false,
      },
      "firstCharRange": Object {
        "chars": Array [
          45,
        ],
        "negate": false,
      },
      "groups": Array [
        Object {
          "astStart": 7,
          "idx": 0,
        },
      ],
    },
  },
  "regexStr": "/^-?\\\\d*(\\\\.\\\\d+)?$/",
}
`;
