// Jest Snapshot v1, https://goo.gl/fbAQLP

exports[`common_regex/email1 template values are as expected 1`] = `
Object {
  "endAnchorHandler": Array [
    Object {
      "followUp": null,
      "functionName": "endAnchor1",
      "location": Object {
        "begin": 51,
        "end": 52,
      },
      "posLine1": "/^([a-zA-Z0-9._%-]+@[a-zA-Z0-9.-]+\\\\.[a-zA-Z]{2,6})*$/",
      "posLine2": "                                                   ^",
    },
  ],
  "greedyQuantifierHandler": Array [
    Object {
      "followUp": Object {
        "functionName": "groupMarker2",
      },
      "functionName": "greedyQuantifier4",
      "location": Object {
        "begin": 36,
        "end": 44,
      },
      "posLine1": "/^([a-zA-Z0-9._%-]+@[a-zA-Z0-9.-]+\\\\.[a-zA-Z]{2,6})*$/",
      "posLine2": "                                    ^^^^^^^^",
      "recursionLimit": 4,
      "wrappedHandler": Object {
        "functionName": "handleSetOrCharacter3",
      },
    },
    Object {
      "followUp": Object {
        "functionName": "handleSetOrCharacter6",
      },
      "functionName": "greedyQuantifier8",
      "location": Object {
        "begin": 20,
        "end": 33,
      },
      "posLine1": "/^([a-zA-Z0-9._%-]+@[a-zA-Z0-9.-]+\\\\.[a-zA-Z]{2,6})*$/",
      "posLine2": "                    ^^^^^^^^^^^^^",
      "wrappedHandler": Object {
        "functionName": "handleSetOrCharacter7",
      },
    },
    Object {
      "followUp": Object {
        "functionName": "handleSetOrCharacter10",
      },
      "functionName": "greedyQuantifier12",
      "location": Object {
        "begin": 3,
        "end": 18,
      },
      "posLine1": "/^([a-zA-Z0-9._%-]+@[a-zA-Z0-9.-]+\\\\.[a-zA-Z]{2,6})*$/",
      "posLine2": "   ^^^^^^^^^^^^^^^",
      "wrappedHandler": Object {
        "functionName": "handleSetOrCharacter11",
      },
    },
    Object {
      "followUp": Object {
        "functionName": "endAnchor1",
      },
      "functionName": "greedyQuantifier15",
      "location": Object {
        "begin": 50,
        "end": 51,
      },
      "posLine1": "/^([a-zA-Z0-9._%-]+@[a-zA-Z0-9.-]+\\\\.[a-zA-Z]{2,6})*$/",
      "posLine2": "                                                  ^",
      "wrappedHandler": Object {
        "functionName": "groupMarker14",
      },
    },
  ],
  "groupMarkerHandler": Array [
    Object {
      "followUp": null,
      "functionName": "groupMarker2",
      "groupMarkerIndex": 3,
      "location": Object {
        "begin": 49,
        "end": 50,
      },
      "posLine1": "/^([a-zA-Z0-9._%-]+@[a-zA-Z0-9.-]+\\\\.[a-zA-Z]{2,6})*$/",
      "posLine2": "                                                 ^",
    },
    Object {
      "followUp": Object {
        "functionName": "quantifierWithMinOrMax13",
      },
      "functionName": "groupMarker14",
      "groupMarkerIndex": 2,
      "location": Object {
        "begin": 2,
        "end": 3,
      },
      "posLine1": "/^([a-zA-Z0-9._%-]+@[a-zA-Z0-9.-]+\\\\.[a-zA-Z]{2,6})*$/",
      "posLine2": "  ^",
    },
  ],
  "groups": 2,
  "mainHandler": Object {
    "functionName": "startAnchor16",
  },
  "quantifierWithMinOrMaxHandler": Array [
    Object {
      "followUp": null,
      "functionName": "quantifierWithMinOrMax5",
      "location": Object {
        "begin": 44,
        "end": 49,
      },
      "minIsMax": false,
      "minRequired": 2,
      "posLine1": "/^([a-zA-Z0-9._%-]+@[a-zA-Z0-9.-]+\\\\.[a-zA-Z]{2,6})*$/",
      "posLine2": "                                            ^^^^^",
      "recursionLimit": 4,
      "recursiveQuantifier": Object {
        "functionName": "greedyQuantifier4",
      },
      "wrappedHandler": Object {
        "functionName": "handleSetOrCharacter3",
      },
    },
    Object {
      "followUp": null,
      "functionName": "quantifierWithMinOrMax9",
      "location": Object {
        "begin": 33,
        "end": 34,
      },
      "minIsMax": false,
      "minRequired": 1,
      "posLine1": "/^([a-zA-Z0-9._%-]+@[a-zA-Z0-9.-]+\\\\.[a-zA-Z]{2,6})*$/",
      "posLine2": "                                 ^",
      "recursiveQuantifier": Object {
        "functionName": "greedyQuantifier8",
      },
      "wrappedHandler": Object {
        "functionName": "handleSetOrCharacter7",
      },
    },
    Object {
      "followUp": null,
      "functionName": "quantifierWithMinOrMax13",
      "location": Object {
        "begin": 18,
        "end": 19,
      },
      "minIsMax": false,
      "minRequired": 1,
      "posLine1": "/^([a-zA-Z0-9._%-]+@[a-zA-Z0-9.-]+\\\\.[a-zA-Z]{2,6})*$/",
      "posLine2": "                  ^",
      "recursiveQuantifier": Object {
        "functionName": "greedyQuantifier12",
      },
      "wrappedHandler": Object {
        "functionName": "handleSetOrCharacter11",
      },
    },
  ],
  "regexStr": "/^([a-zA-Z0-9._%-]+@[a-zA-Z0-9.-]+\\\\.[a-zA-Z]{2,6})*$/",
  "setOrCharacterHandler": Array [
    Object {
      "chars": Array [],
      "complement": false,
      "followUp": null,
      "functionName": "handleSetOrCharacter3",
      "location": Object {
        "begin": 36,
        "end": 44,
      },
      "posLine1": "/^([a-zA-Z0-9._%-]+@[a-zA-Z0-9.-]+\\\\.[a-zA-Z]{2,6})*$/",
      "posLine2": "                                    ^^^^^^^^",
      "ranges": Array [
        Object {
          "from": 97,
          "to": 122,
        },
        Object {
          "from": 65,
          "to": 90,
        },
      ],
    },
    Object {
      "chars": Array [
        46,
      ],
      "complement": false,
      "followUp": Object {
        "functionName": "quantifierWithMinOrMax5",
      },
      "functionName": "handleSetOrCharacter6",
      "location": Object {
        "begin": 34,
        "end": 36,
      },
      "posLine1": "/^([a-zA-Z0-9._%-]+@[a-zA-Z0-9.-]+\\\\.[a-zA-Z]{2,6})*$/",
      "posLine2": "                                  ^^",
      "ranges": Array [],
    },
    Object {
      "chars": Array [
        46,
        45,
      ],
      "complement": false,
      "followUp": null,
      "functionName": "handleSetOrCharacter7",
      "location": Object {
        "begin": 20,
        "end": 33,
      },
      "posLine1": "/^([a-zA-Z0-9._%-]+@[a-zA-Z0-9.-]+\\\\.[a-zA-Z]{2,6})*$/",
      "posLine2": "                    ^^^^^^^^^^^^^",
      "ranges": Array [
        Object {
          "from": 97,
          "to": 122,
        },
        Object {
          "from": 65,
          "to": 90,
        },
        Object {
          "from": 48,
          "to": 57,
        },
      ],
    },
    Object {
      "chars": Array [
        64,
      ],
      "complement": false,
      "followUp": Object {
        "functionName": "quantifierWithMinOrMax9",
      },
      "functionName": "handleSetOrCharacter10",
      "location": Object {
        "begin": 19,
        "end": 20,
      },
      "posLine1": "/^([a-zA-Z0-9._%-]+@[a-zA-Z0-9.-]+\\\\.[a-zA-Z]{2,6})*$/",
      "posLine2": "                   ^",
      "ranges": Array [],
    },
    Object {
      "chars": Array [
        46,
        95,
        37,
        45,
      ],
      "complement": false,
      "followUp": null,
      "functionName": "handleSetOrCharacter11",
      "location": Object {
        "begin": 3,
        "end": 18,
      },
      "posLine1": "/^([a-zA-Z0-9._%-]+@[a-zA-Z0-9.-]+\\\\.[a-zA-Z]{2,6})*$/",
      "posLine2": "   ^^^^^^^^^^^^^^^",
      "ranges": Array [
        Object {
          "from": 97,
          "to": 122,
        },
        Object {
          "from": 65,
          "to": 90,
        },
        Object {
          "from": 48,
          "to": 57,
        },
      ],
    },
  ],
  "startAnchorHandler": Array [
    Object {
      "followUp": Object {
        "functionName": "greedyQuantifier15",
      },
      "functionName": "startAnchor16",
      "location": Object {
        "begin": 1,
        "end": 2,
      },
      "posLine1": "/^([a-zA-Z0-9._%-]+@[a-zA-Z0-9.-]+\\\\.[a-zA-Z]{2,6})*$/",
      "posLine2": " ^",
    },
  ],
}
`;
