// Jest Snapshot v1, https://goo.gl/fbAQLP

exports[`common_regex/numbers_decimal template values are as expected 1`] = `
Object {
  "fiberHandlers": Array [
    Object {
      "atoms": Array [
        Object {
          "data": Object {},
          "posLine1": "/^\\\\d*\\\\.\\\\d+$/",
          "posLine2": "          ^",
          "type": "endAnchor",
        },
      ],
      "followUp": null,
      "functionName": "fiber0001",
      "hasCallback": false,
      "lastAtomReturns": false,
    },
    Object {
      "atoms": Array [
        Object {
          "data": Object {
            "chars": Array [
              48,
              49,
              50,
              51,
              52,
              53,
              54,
              55,
              56,
              57,
            ],
            "complement": false,
            "ranges": Array [],
          },
          "posLine1": "/^\\\\d*\\\\.\\\\d+$/",
          "posLine2": "       ^^",
          "type": "charOrSet",
        },
      ],
      "followUp": Object {
        "functionName": "callback",
      },
      "functionName": "fiber0002",
      "hasCallback": true,
      "lastAtomReturns": false,
    },
    Object {
      "atoms": Array [
        Object {
          "data": Object {
            "chars": Array [
              46,
            ],
            "complement": false,
            "ranges": Array [],
          },
          "posLine1": "/^\\\\d*\\\\.\\\\d+$/",
          "posLine2": "     ^^",
          "type": "charOrSet",
        },
        Object {
          "data": Object {
            "followUp": Object {
              "atoms": Array [
                Object {
                  "data": Object {},
                  "posLine1": "/^\\\\d*\\\\.\\\\d+$/",
                  "posLine2": "          ^",
                  "type": "endAnchor",
                },
              ],
              "followUp": null,
              "functionName": "fiber0001",
              "hasCallback": false,
              "lastAtomReturns": false,
            },
            "maxOrMinCount": true,
            "minCount": 1,
            "wrappedHandler": Object {
              "atoms": Array [
                Object {
                  "data": Object {
                    "chars": Array [
                      48,
                      49,
                      50,
                      51,
                      52,
                      53,
                      54,
                      55,
                      56,
                      57,
                    ],
                    "complement": false,
                    "ranges": Array [],
                  },
                  "posLine1": "/^\\\\d*\\\\.\\\\d+$/",
                  "posLine2": "       ^^",
                  "type": "charOrSet",
                },
              ],
              "followUp": Object {
                "functionName": "callback",
              },
              "functionName": "fiber0002",
              "hasCallback": true,
              "lastAtomReturns": false,
            },
          },
          "posLine1": "/^\\\\d*\\\\.\\\\d+$/",
          "posLine2": "         ^",
          "type": "greedyQuantifier",
        },
      ],
      "followUp": null,
      "functionName": "fiber0003",
      "hasCallback": false,
      "lastAtomReturns": true,
    },
    Object {
      "atoms": Array [
        Object {
          "data": Object {
            "chars": Array [
              48,
              49,
              50,
              51,
              52,
              53,
              54,
              55,
              56,
              57,
            ],
            "complement": false,
            "ranges": Array [],
          },
          "posLine1": "/^\\\\d*\\\\.\\\\d+$/",
          "posLine2": "  ^^",
          "type": "charOrSet",
        },
      ],
      "followUp": Object {
        "functionName": "callback",
      },
      "functionName": "fiber0004",
      "hasCallback": true,
      "lastAtomReturns": false,
    },
    Object {
      "atoms": Array [
        Object {
          "data": Object {},
          "posLine1": "/^\\\\d*\\\\.\\\\d+$/",
          "posLine2": " ^",
          "type": "startAnchor",
        },
        Object {
          "data": Object {
            "followUp": Object {
              "atoms": Array [
                Object {
                  "data": Object {
                    "chars": Array [
                      46,
                    ],
                    "complement": false,
                    "ranges": Array [],
                  },
                  "posLine1": "/^\\\\d*\\\\.\\\\d+$/",
                  "posLine2": "     ^^",
                  "type": "charOrSet",
                },
                Object {
                  "data": Object {
                    "followUp": Object {
                      "atoms": Array [
                        Object {
                          "data": Object {},
                          "posLine1": "/^\\\\d*\\\\.\\\\d+$/",
                          "posLine2": "          ^",
                          "type": "endAnchor",
                        },
                      ],
                      "followUp": null,
                      "functionName": "fiber0001",
                      "hasCallback": false,
                      "lastAtomReturns": false,
                    },
                    "maxOrMinCount": true,
                    "minCount": 1,
                    "wrappedHandler": Object {
                      "atoms": Array [
                        Object {
                          "data": Object {
                            "chars": Array [
                              48,
                              49,
                              50,
                              51,
                              52,
                              53,
                              54,
                              55,
                              56,
                              57,
                            ],
                            "complement": false,
                            "ranges": Array [],
                          },
                          "posLine1": "/^\\\\d*\\\\.\\\\d+$/",
                          "posLine2": "       ^^",
                          "type": "charOrSet",
                        },
                      ],
                      "followUp": Object {
                        "functionName": "callback",
                      },
                      "functionName": "fiber0002",
                      "hasCallback": true,
                      "lastAtomReturns": false,
                    },
                  },
                  "posLine1": "/^\\\\d*\\\\.\\\\d+$/",
                  "posLine2": "         ^",
                  "type": "greedyQuantifier",
                },
              ],
              "followUp": null,
              "functionName": "fiber0003",
              "hasCallback": false,
              "lastAtomReturns": true,
            },
            "maxOrMinCount": false,
            "wrappedHandler": Object {
              "atoms": Array [
                Object {
                  "data": Object {
                    "chars": Array [
                      48,
                      49,
                      50,
                      51,
                      52,
                      53,
                      54,
                      55,
                      56,
                      57,
                    ],
                    "complement": false,
                    "ranges": Array [],
                  },
                  "posLine1": "/^\\\\d*\\\\.\\\\d+$/",
                  "posLine2": "  ^^",
                  "type": "charOrSet",
                },
              ],
              "followUp": Object {
                "functionName": "callback",
              },
              "functionName": "fiber0004",
              "hasCallback": true,
              "lastAtomReturns": false,
            },
          },
          "posLine1": "/^\\\\d*\\\\.\\\\d+$/",
          "posLine2": "    ^",
          "type": "greedyQuantifier",
        },
      ],
      "followUp": null,
      "functionName": "fiber0005",
      "hasCallback": false,
      "lastAtomReturns": true,
    },
  ],
  "groupsCount": 1,
  "mainHandler": Object {
    "atoms": Array [
      Object {
        "data": Object {},
        "posLine1": "/^\\\\d*\\\\.\\\\d+$/",
        "posLine2": " ^",
        "type": "startAnchor",
      },
      Object {
        "data": Object {
          "followUp": Object {
            "atoms": Array [
              Object {
                "data": Object {
                  "chars": Array [
                    46,
                  ],
                  "complement": false,
                  "ranges": Array [],
                },
                "posLine1": "/^\\\\d*\\\\.\\\\d+$/",
                "posLine2": "     ^^",
                "type": "charOrSet",
              },
              Object {
                "data": Object {
                  "followUp": Object {
                    "atoms": Array [
                      Object {
                        "data": Object {},
                        "posLine1": "/^\\\\d*\\\\.\\\\d+$/",
                        "posLine2": "          ^",
                        "type": "endAnchor",
                      },
                    ],
                    "followUp": null,
                    "functionName": "fiber0001",
                    "hasCallback": false,
                    "lastAtomReturns": false,
                  },
                  "maxOrMinCount": true,
                  "minCount": 1,
                  "wrappedHandler": Object {
                    "atoms": Array [
                      Object {
                        "data": Object {
                          "chars": Array [
                            48,
                            49,
                            50,
                            51,
                            52,
                            53,
                            54,
                            55,
                            56,
                            57,
                          ],
                          "complement": false,
                          "ranges": Array [],
                        },
                        "posLine1": "/^\\\\d*\\\\.\\\\d+$/",
                        "posLine2": "       ^^",
                        "type": "charOrSet",
                      },
                    ],
                    "followUp": Object {
                      "functionName": "callback",
                    },
                    "functionName": "fiber0002",
                    "hasCallback": true,
                    "lastAtomReturns": false,
                  },
                },
                "posLine1": "/^\\\\d*\\\\.\\\\d+$/",
                "posLine2": "         ^",
                "type": "greedyQuantifier",
              },
            ],
            "followUp": null,
            "functionName": "fiber0003",
            "hasCallback": false,
            "lastAtomReturns": true,
          },
          "maxOrMinCount": false,
          "wrappedHandler": Object {
            "atoms": Array [
              Object {
                "data": Object {
                  "chars": Array [
                    48,
                    49,
                    50,
                    51,
                    52,
                    53,
                    54,
                    55,
                    56,
                    57,
                  ],
                  "complement": false,
                  "ranges": Array [],
                },
                "posLine1": "/^\\\\d*\\\\.\\\\d+$/",
                "posLine2": "  ^^",
                "type": "charOrSet",
              },
            ],
            "followUp": Object {
              "functionName": "callback",
            },
            "functionName": "fiber0004",
            "hasCallback": true,
            "lastAtomReturns": false,
          },
        },
        "posLine1": "/^\\\\d*\\\\.\\\\d+$/",
        "posLine2": "    ^",
        "type": "greedyQuantifier",
      },
    ],
    "followUp": null,
    "functionName": "fiber0005",
    "hasCallback": false,
    "lastAtomReturns": true,
  },
  "regexStr": "/^\\\\d*\\\\.\\\\d+$/",
}
`;
