// Jest Snapshot v1, https://goo.gl/fbAQLP

exports[`common_regex/numbers_whole template values are as expected 1`] = `
Object {
  "fiberHandlers": Array [
    Object {
      "atoms": Array [
        Object {
          "data": Object {},
          "posLine1": "$/",
          "posLine2": "^",
          "type": "endAnchor",
        },
      ],
      "followUp": null,
      "functionName": "fiber0001",
      "lastAtomReturns": false,
      "meta": Object {
        "combinedCharRange": Object {
          "chars": Array [],
          "negate": false,
        },
        "firstCharRange": Object {
          "chars": Array [],
          "negate": true,
        },
        "groups": Array [],
      },
    },
    Object {
      "atoms": Array [
        Object {
          "data": Object {
            "negate": false,
            "tree": Object {
              "comparison": Object {
                "comparisonValue": 57,
                "type": "lessOrEqual",
              },
              "comparisonTrue": Object {
                "comparison": Object {
                  "comparisonValue": 48,
                  "type": "moreOrEqual",
                },
                "type": "lastComparison",
              },
              "type": "comparison",
            },
            "unicode": false,
          },
          "posLine1": "\\\\d+$/",
          "posLine2": "^^",
          "type": "charOrSet",
        },
      ],
      "followUp": Object {
        "followUp": Object {
          "atoms": Array [
            Object {
              "data": Object {},
              "posLine1": "$/",
              "posLine2": "^",
              "type": "endAnchor",
            },
          ],
          "followUp": null,
          "functionName": "fiber0001",
          "lastAtomReturns": false,
          "meta": Object {
            "combinedCharRange": Object {
              "chars": Array [],
              "negate": false,
            },
            "firstCharRange": Object {
              "chars": Array [],
              "negate": true,
            },
            "groups": Array [],
          },
        },
        "functionName": "greedyQuantifier0003",
        "maxOrMinCount": true,
        "meta": Object {
          "combinedCharRange": Object {
            "chars": Array [],
            "negate": false,
          },
          "firstCharRange": Object {
            "chars": Array [],
            "negate": false,
          },
          "groups": Array [],
        },
        "minCount": 1,
        "posLine1": "\\\\d+$/",
        "posLine2": "^^^",
        "wrappedHandler": "[Circular]",
      },
      "functionName": "fiber0002",
      "lastAtomReturns": false,
      "meta": Object {
        "combinedCharRange": Object {
          "chars": Array [
            48,
            49,
            50,
            51,
            52,
            53,
            54,
            55,
            56,
            57,
          ],
          "negate": false,
        },
        "firstCharRange": Object {
          "chars": Array [
            48,
            49,
            50,
            51,
            52,
            53,
            54,
            55,
            56,
            57,
          ],
          "negate": false,
        },
        "groups": Array [],
      },
    },
    Object {
      "atoms": Array [
        Object {
          "data": Object {},
          "posLine1": "^\\\\d+$/",
          "posLine2": "^",
          "type": "startAnchor",
        },
        Object {
          "data": Object {
            "functionName": "greedyQuantifier0003",
            "maxOrMinCount": true,
          },
          "posLine1": "\\\\d+$/",
          "posLine2": "^^^",
          "type": "quantifierStarter",
        },
      ],
      "followUp": null,
      "functionName": "fiber0004",
      "lastAtomReturns": true,
      "meta": Object {
        "combinedCharRange": Object {
          "chars": Array [],
          "negate": false,
        },
        "firstCharRange": Object {
          "chars": Array [],
          "negate": false,
        },
        "groups": Array [],
      },
    },
  ],
  "greedyQuantifierHandlers": Array [
    Object {
      "followUp": Object {
        "atoms": Array [
          Object {
            "data": Object {},
            "posLine1": "$/",
            "posLine2": "^",
            "type": "endAnchor",
          },
        ],
        "followUp": null,
        "functionName": "fiber0001",
        "lastAtomReturns": false,
        "meta": Object {
          "combinedCharRange": Object {
            "chars": Array [],
            "negate": false,
          },
          "firstCharRange": Object {
            "chars": Array [],
            "negate": true,
          },
          "groups": Array [],
        },
      },
      "functionName": "greedyQuantifier0003",
      "maxOrMinCount": true,
      "meta": Object {
        "combinedCharRange": Object {
          "chars": Array [],
          "negate": false,
        },
        "firstCharRange": Object {
          "chars": Array [],
          "negate": false,
        },
        "groups": Array [],
      },
      "minCount": 1,
      "posLine1": "\\\\d+$/",
      "posLine2": "^^^",
      "wrappedHandler": "[Circular]",
    },
  ],
  "mainHandler": Object {
    "atoms": Array [
      Object {
        "data": Object {},
        "posLine1": "^\\\\d+$/",
        "posLine2": "^",
        "type": "startAnchor",
      },
      Object {
        "data": Object {
          "functionName": "greedyQuantifier0003",
          "maxOrMinCount": true,
        },
        "posLine1": "\\\\d+$/",
        "posLine2": "^^^",
        "type": "quantifierStarter",
      },
    ],
    "followUp": null,
    "functionName": "fiber0004",
    "lastAtomReturns": true,
    "meta": Object {
      "combinedCharRange": Object {
        "chars": Array [],
        "negate": false,
      },
      "firstCharRange": Object {
        "chars": Array [],
        "negate": false,
      },
      "groups": Array [],
    },
  },
  "regexStr": "/^\\\\d+$/",
}
`;
