// Jest Snapshot v1, https://goo.gl/fbAQLP

exports[`basic_features/dot_matchall template values are as expected 1`] = `
Object {
  "fiberHandlers": Array [
    Object {
      "atoms": Array [
        Object {
          "data": Object {
            "negate": true,
            "tree": Object {
              "comparison": Object {},
              "lastComparison": true,
              "noop": true,
            },
          },
          "posLine1": "/.x/s",
          "posLine2": " ^",
          "type": "charOrSet",
        },
        Object {
          "data": Object {
            "negate": false,
            "tree": Object {
              "comparison": Object {
                "comparisonValue": 120,
                "equal": true,
              },
              "lastComparison": true,
            },
          },
          "posLine1": "/.x/s",
          "posLine2": "  ^",
          "type": "charOrSet",
        },
      ],
      "followUp": null,
      "functionName": "fiber0001",
      "hasCallback": false,
      "lastAtomReturns": false,
    },
  ],
  "groupsCount": 1,
  "mainHandler": Object {
    "atoms": Array [
      Object {
        "data": Object {
          "negate": true,
          "tree": Object {
            "comparison": Object {},
            "lastComparison": true,
            "noop": true,
          },
        },
        "posLine1": "/.x/s",
        "posLine2": " ^",
        "type": "charOrSet",
      },
      Object {
        "data": Object {
          "negate": false,
          "tree": Object {
            "comparison": Object {
              "comparisonValue": 120,
              "equal": true,
            },
            "lastComparison": true,
          },
        },
        "posLine1": "/.x/s",
        "posLine2": "  ^",
        "type": "charOrSet",
      },
    ],
    "followUp": null,
    "functionName": "fiber0001",
    "hasCallback": false,
    "lastAtomReturns": false,
  },
  "regexStr": "/.x/s",
}
`;
