// Jest Snapshot v1, https://goo.gl/fbAQLP

exports[`basic_features/groups_simple template values are as expected 1`] = `
Object {
  "fiberHandlers": Array [
    Object {
      "atoms": Array [
        Object {
          "data": Object {
            "groupReference": Object {
              "astStart": 1,
              "idx": 0,
            },
          },
          "posLine1": "/(ab)k(123)/",
          "posLine2": " ^^^^",
          "type": "groupStartMarker",
        },
        Object {
          "data": Object {
            "negate": false,
            "tree": Object {
              "comparison": Object {
                "comparisonValue": 97,
                "type": "equal",
              },
              "type": "lastComparison",
            },
            "unicode": false,
          },
          "posLine1": "/(ab)k(123)/",
          "posLine2": "  ^",
          "type": "charOrSet",
        },
        Object {
          "data": Object {
            "negate": false,
            "tree": Object {
              "comparison": Object {
                "comparisonValue": 98,
                "type": "equal",
              },
              "type": "lastComparison",
            },
            "unicode": false,
          },
          "posLine1": "/(ab)k(123)/",
          "posLine2": "   ^",
          "type": "charOrSet",
        },
        Object {
          "data": Object {
            "groupReference": Object {
              "astStart": 1,
              "idx": 0,
            },
          },
          "posLine1": "/(ab)k(123)/",
          "posLine2": " ^^^^",
          "type": "groupEndMarker",
        },
        Object {
          "data": Object {
            "negate": false,
            "tree": Object {
              "comparison": Object {
                "comparisonValue": 107,
                "type": "equal",
              },
              "type": "lastComparison",
            },
            "unicode": false,
          },
          "posLine1": "/(ab)k(123)/",
          "posLine2": "     ^",
          "type": "charOrSet",
        },
        Object {
          "data": Object {
            "groupReference": Object {
              "astStart": 6,
              "idx": 1,
            },
          },
          "posLine1": "/(ab)k(123)/",
          "posLine2": "      ^^^^^",
          "type": "groupStartMarker",
        },
        Object {
          "data": Object {
            "negate": false,
            "tree": Object {
              "comparison": Object {
                "comparisonValue": 49,
                "type": "equal",
              },
              "type": "lastComparison",
            },
            "unicode": false,
          },
          "posLine1": "/(ab)k(123)/",
          "posLine2": "       ^",
          "type": "charOrSet",
        },
        Object {
          "data": Object {
            "negate": false,
            "tree": Object {
              "comparison": Object {
                "comparisonValue": 50,
                "type": "equal",
              },
              "type": "lastComparison",
            },
            "unicode": false,
          },
          "posLine1": "/(ab)k(123)/",
          "posLine2": "        ^",
          "type": "charOrSet",
        },
        Object {
          "data": Object {
            "negate": false,
            "tree": Object {
              "comparison": Object {
                "comparisonValue": 51,
                "type": "equal",
              },
              "type": "lastComparison",
            },
            "unicode": false,
          },
          "posLine1": "/(ab)k(123)/",
          "posLine2": "         ^",
          "type": "charOrSet",
        },
        Object {
          "data": Object {
            "groupReference": Object {
              "astStart": 6,
              "idx": 1,
            },
          },
          "posLine1": "/(ab)k(123)/",
          "posLine2": "      ^^^^^",
          "type": "groupEndMarker",
        },
      ],
      "followUp": null,
      "functionName": "fiber0001",
      "lastAtomReturns": false,
      "meta": Object {
        "firstCharRange": Object {
          "chars": Array [
            97,
          ],
          "negate": false,
        },
        "groups": Array [
          Object {
            "astStart": 1,
            "idx": 0,
          },
          Object {
            "astStart": 6,
            "idx": 1,
          },
        ],
      },
    },
  ],
  "greedyQuantifierHandlers": Array [],
  "groups": Array [
    Object {
      "astStart": 1,
      "idx": 0,
    },
    Object {
      "astStart": 6,
      "idx": 1,
    },
  ],
  "lazyQuantifierHandlers": Array [],
  "mainHandler": Object {
    "atoms": Array [
      Object {
        "data": Object {
          "groupReference": Object {
            "astStart": 1,
            "idx": 0,
          },
        },
        "posLine1": "/(ab)k(123)/",
        "posLine2": " ^^^^",
        "type": "groupStartMarker",
      },
      Object {
        "data": Object {
          "negate": false,
          "tree": Object {
            "comparison": Object {
              "comparisonValue": 97,
              "type": "equal",
            },
            "type": "lastComparison",
          },
          "unicode": false,
        },
        "posLine1": "/(ab)k(123)/",
        "posLine2": "  ^",
        "type": "charOrSet",
      },
      Object {
        "data": Object {
          "negate": false,
          "tree": Object {
            "comparison": Object {
              "comparisonValue": 98,
              "type": "equal",
            },
            "type": "lastComparison",
          },
          "unicode": false,
        },
        "posLine1": "/(ab)k(123)/",
        "posLine2": "   ^",
        "type": "charOrSet",
      },
      Object {
        "data": Object {
          "groupReference": Object {
            "astStart": 1,
            "idx": 0,
          },
        },
        "posLine1": "/(ab)k(123)/",
        "posLine2": " ^^^^",
        "type": "groupEndMarker",
      },
      Object {
        "data": Object {
          "negate": false,
          "tree": Object {
            "comparison": Object {
              "comparisonValue": 107,
              "type": "equal",
            },
            "type": "lastComparison",
          },
          "unicode": false,
        },
        "posLine1": "/(ab)k(123)/",
        "posLine2": "     ^",
        "type": "charOrSet",
      },
      Object {
        "data": Object {
          "groupReference": Object {
            "astStart": 6,
            "idx": 1,
          },
        },
        "posLine1": "/(ab)k(123)/",
        "posLine2": "      ^^^^^",
        "type": "groupStartMarker",
      },
      Object {
        "data": Object {
          "negate": false,
          "tree": Object {
            "comparison": Object {
              "comparisonValue": 49,
              "type": "equal",
            },
            "type": "lastComparison",
          },
          "unicode": false,
        },
        "posLine1": "/(ab)k(123)/",
        "posLine2": "       ^",
        "type": "charOrSet",
      },
      Object {
        "data": Object {
          "negate": false,
          "tree": Object {
            "comparison": Object {
              "comparisonValue": 50,
              "type": "equal",
            },
            "type": "lastComparison",
          },
          "unicode": false,
        },
        "posLine1": "/(ab)k(123)/",
        "posLine2": "        ^",
        "type": "charOrSet",
      },
      Object {
        "data": Object {
          "negate": false,
          "tree": Object {
            "comparison": Object {
              "comparisonValue": 51,
              "type": "equal",
            },
            "type": "lastComparison",
          },
          "unicode": false,
        },
        "posLine1": "/(ab)k(123)/",
        "posLine2": "         ^",
        "type": "charOrSet",
      },
      Object {
        "data": Object {
          "groupReference": Object {
            "astStart": 6,
            "idx": 1,
          },
        },
        "posLine1": "/(ab)k(123)/",
        "posLine2": "      ^^^^^",
        "type": "groupEndMarker",
      },
    ],
    "followUp": null,
    "functionName": "fiber0001",
    "lastAtomReturns": false,
    "meta": Object {
      "firstCharRange": Object {
        "chars": Array [
          97,
        ],
        "negate": false,
      },
      "groups": Array [
        Object {
          "astStart": 1,
          "idx": 0,
        },
        Object {
          "astStart": 6,
          "idx": 1,
        },
      ],
    },
  },
  "quantifierCountersLength": 0,
  "regexStr": "/(ab)k(123)/",
  "version": "0.2.0",
}
`;
