// Jest Snapshot v1, https://goo.gl/fbAQLP

exports[`basic_features/set_backtracking template values are as expected 1`] = `
Object {
  "fiberHandlers": Array [
    Object {
      "atoms": Array [
        Object {
          "data": Object {
            "groupReference": Object {
              "astStart": 1,
              "idx": 0,
            },
          },
          "posLine1": "/([a-z]+)([h-o])([d...",
          "posLine2": " ^^^^^^^^",
          "type": "groupEndMarker",
        },
        Object {
          "data": Object {
            "groupReference": Object {
              "astStart": 9,
              "idx": 1,
            },
          },
          "posLine1": "/([a-z]+)([h-o])([d-z]*)([...",
          "posLine2": "         ^^^^^^^",
          "type": "groupStartMarker",
        },
        Object {
          "data": Object {
            "negate": false,
            "tree": Object {
              "comparison": Object {
                "comparisonValue": 111,
                "type": "lessOrEqual",
              },
              "comparisonTrue": Object {
                "comparison": Object {
                  "comparisonValue": 104,
                  "type": "moreOrEqual",
                },
                "type": "lastComparison",
              },
              "type": "comparison",
            },
            "unicode": false,
          },
          "posLine1": "/([a-z]+)([h-o])([d-z]*)(...",
          "posLine2": "          ^^^^^",
          "type": "charOrSet",
        },
        Object {
          "data": Object {
            "groupReference": Object {
              "astStart": 9,
              "idx": 1,
            },
          },
          "posLine1": "/([a-z]+)([h-o])([d-z]*)([...",
          "posLine2": "         ^^^^^^^",
          "type": "groupEndMarker",
        },
        Object {
          "data": Object {
            "groupReference": Object {
              "astStart": 16,
              "idx": 2,
            },
          },
          "posLine1": "...]+)([h-o])([d-z]*)([1-3])/",
          "posLine2": "             ^^^^^^^^",
          "type": "groupStartMarker",
        },
        Object {
          "data": Object {
            "maxOrMinCount": false,
            "wrappedHandler": Object {
              "atoms": Array [
                Object {
                  "data": Object {
                    "negate": false,
                    "tree": Object {
                      "comparison": Object {
                        "comparisonValue": 122,
                        "type": "lessOrEqual",
                      },
                      "comparisonTrue": Object {
                        "comparison": Object {
                          "comparisonValue": 100,
                          "type": "moreOrEqual",
                        },
                        "type": "lastComparison",
                      },
                      "type": "comparison",
                    },
                    "unicode": false,
                  },
                  "posLine1": "...+)([h-o])([d-z]*)([1-3])/",
                  "posLine2": "             ^^^^^",
                  "type": "charOrSet",
                },
              ],
              "followUp": null,
              "functionName": "fiber0002",
              "lastAtomReturns": false,
              "meta": Object {
                "firstCharRange": Object {
                  "chars": Array [
                    100,
                    101,
                    102,
                    103,
                    104,
                    105,
                    106,
                    107,
                    108,
                    109,
                    110,
                    111,
                    112,
                    113,
                    114,
                    115,
                    116,
                    117,
                    118,
                    119,
                    120,
                    121,
                    122,
                  ],
                  "negate": false,
                },
                "groups": Array [],
                "maxCharLength": 1,
                "minCharLength": 1,
              },
            },
          },
          "posLine1": "...+)([h-o])([d-z]*)([1-3])/",
          "posLine2": "             ^^^^^^",
          "type": "nonBacktrackingQuantifier",
        },
        Object {
          "data": Object {
            "groupReference": Object {
              "astStart": 16,
              "idx": 2,
            },
          },
          "posLine1": "...]+)([h-o])([d-z]*)([1-3])/",
          "posLine2": "             ^^^^^^^^",
          "type": "groupEndMarker",
        },
        Object {
          "data": Object {
            "groupReference": Object {
              "astStart": 24,
              "idx": 3,
            },
          },
          "posLine1": "...])([d-z]*)([1-3])/",
          "posLine2": "             ^^^^^^^",
          "type": "groupStartMarker",
        },
        Object {
          "data": Object {
            "negate": false,
            "tree": Object {
              "comparison": Object {
                "comparisonValue": 51,
                "type": "lessOrEqual",
              },
              "comparisonTrue": Object {
                "comparison": Object {
                  "comparisonValue": 49,
                  "type": "moreOrEqual",
                },
                "type": "lastComparison",
              },
              "type": "comparison",
            },
            "unicode": false,
          },
          "posLine1": "...)([d-z]*)([1-3])/",
          "posLine2": "             ^^^^^",
          "type": "charOrSet",
        },
        Object {
          "data": Object {
            "groupReference": Object {
              "astStart": 24,
              "idx": 3,
            },
          },
          "posLine1": "...])([d-z]*)([1-3])/",
          "posLine2": "             ^^^^^^^",
          "type": "groupEndMarker",
        },
      ],
      "followUp": null,
      "functionName": "fiber0001",
      "lastAtomReturns": false,
      "meta": Object {
        "firstCharRange": Object {
          "chars": Array [
            104,
            105,
            106,
            107,
            108,
            109,
            110,
            111,
          ],
          "negate": false,
        },
        "groups": Array [
          Object {
            "astStart": 1,
            "idx": 0,
          },
          Object {
            "astStart": 9,
            "idx": 1,
          },
          Object {
            "astStart": 16,
            "idx": 2,
          },
          Object {
            "astStart": 24,
            "idx": 3,
          },
        ],
        "maxCharLength": "Infinity",
        "minCharLength": 2,
      },
    },
    Object {
      "atoms": Array [
        Object {
          "data": Object {
            "negate": false,
            "tree": Object {
              "comparison": Object {
                "comparisonValue": 122,
                "type": "lessOrEqual",
              },
              "comparisonTrue": Object {
                "comparison": Object {
                  "comparisonValue": 100,
                  "type": "moreOrEqual",
                },
                "type": "lastComparison",
              },
              "type": "comparison",
            },
            "unicode": false,
          },
          "posLine1": "...+)([h-o])([d-z]*)([1-3])/",
          "posLine2": "             ^^^^^",
          "type": "charOrSet",
        },
      ],
      "followUp": null,
      "functionName": "fiber0002",
      "lastAtomReturns": false,
      "meta": Object {
        "firstCharRange": Object {
          "chars": Array [
            100,
            101,
            102,
            103,
            104,
            105,
            106,
            107,
            108,
            109,
            110,
            111,
            112,
            113,
            114,
            115,
            116,
            117,
            118,
            119,
            120,
            121,
            122,
          ],
          "negate": false,
        },
        "groups": Array [],
        "maxCharLength": 1,
        "minCharLength": 1,
      },
    },
    Object {
      "atoms": Array [
        Object {
          "data": Object {
            "negate": false,
            "tree": Object {
              "comparison": Object {
                "comparisonValue": 122,
                "type": "lessOrEqual",
              },
              "comparisonTrue": Object {
                "comparison": Object {
                  "comparisonValue": 97,
                  "type": "moreOrEqual",
                },
                "type": "lastComparison",
              },
              "type": "comparison",
            },
            "unicode": false,
          },
          "posLine1": "/([a-z]+)([h-o])(...",
          "posLine2": "  ^^^^^",
          "type": "charOrSet",
        },
      ],
      "followUp": null,
      "functionName": "fiber0003",
      "lastAtomReturns": false,
      "meta": Object {
        "firstCharRange": Object {
          "chars": Array [
            97,
            98,
            99,
            100,
            101,
            102,
            103,
            104,
            105,
            106,
            107,
            108,
            109,
            110,
            111,
            112,
            113,
            114,
            115,
            116,
            117,
            118,
            119,
            120,
            121,
            122,
          ],
          "negate": false,
        },
        "groups": Array [],
        "maxCharLength": 1,
        "minCharLength": 1,
      },
    },
    Object {
      "atoms": Array [
        Object {
          "data": Object {
            "groupReference": Object {
              "astStart": 1,
              "idx": 0,
            },
          },
          "posLine1": "/([a-z]+)([h-o])([d...",
          "posLine2": " ^^^^^^^^",
          "type": "groupStartMarker",
        },
        Object {
          "data": Object {
            "fixedLength": 1,
            "followUp": Object {
              "atoms": Array [
                Object {
                  "data": Object {
                    "groupReference": Object {
                      "astStart": 1,
                      "idx": 0,
                    },
                  },
                  "posLine1": "/([a-z]+)([h-o])([d...",
                  "posLine2": " ^^^^^^^^",
                  "type": "groupEndMarker",
                },
                Object {
                  "data": Object {
                    "groupReference": Object {
                      "astStart": 9,
                      "idx": 1,
                    },
                  },
                  "posLine1": "/([a-z]+)([h-o])([d-z]*)([...",
                  "posLine2": "         ^^^^^^^",
                  "type": "groupStartMarker",
                },
                Object {
                  "data": Object {
                    "negate": false,
                    "tree": Object {
                      "comparison": Object {
                        "comparisonValue": 111,
                        "type": "lessOrEqual",
                      },
                      "comparisonTrue": Object {
                        "comparison": Object {
                          "comparisonValue": 104,
                          "type": "moreOrEqual",
                        },
                        "type": "lastComparison",
                      },
                      "type": "comparison",
                    },
                    "unicode": false,
                  },
                  "posLine1": "/([a-z]+)([h-o])([d-z]*)(...",
                  "posLine2": "          ^^^^^",
                  "type": "charOrSet",
                },
                Object {
                  "data": Object {
                    "groupReference": Object {
                      "astStart": 9,
                      "idx": 1,
                    },
                  },
                  "posLine1": "/([a-z]+)([h-o])([d-z]*)([...",
                  "posLine2": "         ^^^^^^^",
                  "type": "groupEndMarker",
                },
                Object {
                  "data": Object {
                    "groupReference": Object {
                      "astStart": 16,
                      "idx": 2,
                    },
                  },
                  "posLine1": "...]+)([h-o])([d-z]*)([1-3])/",
                  "posLine2": "             ^^^^^^^^",
                  "type": "groupStartMarker",
                },
                Object {
                  "data": Object {
                    "maxOrMinCount": false,
                    "wrappedHandler": Object {
                      "atoms": Array [
                        Object {
                          "data": Object {
                            "negate": false,
                            "tree": Object {
                              "comparison": Object {
                                "comparisonValue": 122,
                                "type": "lessOrEqual",
                              },
                              "comparisonTrue": Object {
                                "comparison": Object {
                                  "comparisonValue": 100,
                                  "type": "moreOrEqual",
                                },
                                "type": "lastComparison",
                              },
                              "type": "comparison",
                            },
                            "unicode": false,
                          },
                          "posLine1": "...+)([h-o])([d-z]*)([1-3])/",
                          "posLine2": "             ^^^^^",
                          "type": "charOrSet",
                        },
                      ],
                      "followUp": null,
                      "functionName": "fiber0002",
                      "lastAtomReturns": false,
                      "meta": Object {
                        "firstCharRange": Object {
                          "chars": Array [
                            100,
                            101,
                            102,
                            103,
                            104,
                            105,
                            106,
                            107,
                            108,
                            109,
                            110,
                            111,
                            112,
                            113,
                            114,
                            115,
                            116,
                            117,
                            118,
                            119,
                            120,
                            121,
                            122,
                          ],
                          "negate": false,
                        },
                        "groups": Array [],
                        "maxCharLength": 1,
                        "minCharLength": 1,
                      },
                    },
                  },
                  "posLine1": "...+)([h-o])([d-z]*)([1-3])/",
                  "posLine2": "             ^^^^^^",
                  "type": "nonBacktrackingQuantifier",
                },
                Object {
                  "data": Object {
                    "groupReference": Object {
                      "astStart": 16,
                      "idx": 2,
                    },
                  },
                  "posLine1": "...]+)([h-o])([d-z]*)([1-3])/",
                  "posLine2": "             ^^^^^^^^",
                  "type": "groupEndMarker",
                },
                Object {
                  "data": Object {
                    "groupReference": Object {
                      "astStart": 24,
                      "idx": 3,
                    },
                  },
                  "posLine1": "...])([d-z]*)([1-3])/",
                  "posLine2": "             ^^^^^^^",
                  "type": "groupStartMarker",
                },
                Object {
                  "data": Object {
                    "negate": false,
                    "tree": Object {
                      "comparison": Object {
                        "comparisonValue": 51,
                        "type": "lessOrEqual",
                      },
                      "comparisonTrue": Object {
                        "comparison": Object {
                          "comparisonValue": 49,
                          "type": "moreOrEqual",
                        },
                        "type": "lastComparison",
                      },
                      "type": "comparison",
                    },
                    "unicode": false,
                  },
                  "posLine1": "...)([d-z]*)([1-3])/",
                  "posLine2": "             ^^^^^",
                  "type": "charOrSet",
                },
                Object {
                  "data": Object {
                    "groupReference": Object {
                      "astStart": 24,
                      "idx": 3,
                    },
                  },
                  "posLine1": "...])([d-z]*)([1-3])/",
                  "posLine2": "             ^^^^^^^",
                  "type": "groupEndMarker",
                },
              ],
              "followUp": null,
              "functionName": "fiber0001",
              "lastAtomReturns": false,
              "meta": Object {
                "firstCharRange": Object {
                  "chars": Array [
                    104,
                    105,
                    106,
                    107,
                    108,
                    109,
                    110,
                    111,
                  ],
                  "negate": false,
                },
                "groups": Array [
                  Object {
                    "astStart": 1,
                    "idx": 0,
                  },
                  Object {
                    "astStart": 9,
                    "idx": 1,
                  },
                  Object {
                    "astStart": 16,
                    "idx": 2,
                  },
                  Object {
                    "astStart": 24,
                    "idx": 3,
                  },
                ],
                "maxCharLength": "Infinity",
                "minCharLength": 2,
              },
            },
            "maxOrMinCount": true,
            "minCount": 1,
            "wrappedHandler": Object {
              "atoms": Array [
                Object {
                  "data": Object {
                    "negate": false,
                    "tree": Object {
                      "comparison": Object {
                        "comparisonValue": 122,
                        "type": "lessOrEqual",
                      },
                      "comparisonTrue": Object {
                        "comparison": Object {
                          "comparisonValue": 97,
                          "type": "moreOrEqual",
                        },
                        "type": "lastComparison",
                      },
                      "type": "comparison",
                    },
                    "unicode": false,
                  },
                  "posLine1": "/([a-z]+)([h-o])(...",
                  "posLine2": "  ^^^^^",
                  "type": "charOrSet",
                },
              ],
              "followUp": null,
              "functionName": "fiber0003",
              "lastAtomReturns": false,
              "meta": Object {
                "firstCharRange": Object {
                  "chars": Array [
                    97,
                    98,
                    99,
                    100,
                    101,
                    102,
                    103,
                    104,
                    105,
                    106,
                    107,
                    108,
                    109,
                    110,
                    111,
                    112,
                    113,
                    114,
                    115,
                    116,
                    117,
                    118,
                    119,
                    120,
                    121,
                    122,
                  ],
                  "negate": false,
                },
                "groups": Array [],
                "maxCharLength": 1,
                "minCharLength": 1,
              },
            },
          },
          "posLine1": "/([a-z]+)([h-o])([...",
          "posLine2": "  ^^^^^^",
          "type": "backtrackingFixedLengthQuantifier",
        },
      ],
      "followUp": null,
      "functionName": "fiber0004",
      "lastAtomReturns": true,
      "meta": Object {
        "firstCharRange": Object {
          "chars": Array [
            97,
            98,
            99,
            100,
            101,
            102,
            103,
            104,
            105,
            106,
            107,
            108,
            109,
            110,
            111,
            112,
            113,
            114,
            115,
            116,
            117,
            118,
            119,
            120,
            121,
            122,
          ],
          "negate": false,
        },
        "groups": Array [
          Object {
            "astStart": 1,
            "idx": 0,
          },
          Object {
            "astStart": 9,
            "idx": 1,
          },
          Object {
            "astStart": 16,
            "idx": 2,
          },
          Object {
            "astStart": 24,
            "idx": 3,
          },
        ],
        "maxCharLength": "Infinity",
        "minCharLength": 1,
      },
    },
  ],
  "greedyQuantifierHandlers": Array [],
  "groups": Array [
    Object {
      "astStart": 1,
      "idx": 0,
    },
    Object {
      "astStart": 9,
      "idx": 1,
    },
    Object {
      "astStart": 16,
      "idx": 2,
    },
    Object {
      "astStart": 24,
      "idx": 3,
    },
  ],
  "lazyQuantifierHandlers": Array [],
  "mainHandler": Object {
    "atoms": Array [
      Object {
        "data": Object {
          "groupReference": Object {
            "astStart": 1,
            "idx": 0,
          },
        },
        "posLine1": "/([a-z]+)([h-o])([d...",
        "posLine2": " ^^^^^^^^",
        "type": "groupStartMarker",
      },
      Object {
        "data": Object {
          "fixedLength": 1,
          "followUp": Object {
            "atoms": Array [
              Object {
                "data": Object {
                  "groupReference": Object {
                    "astStart": 1,
                    "idx": 0,
                  },
                },
                "posLine1": "/([a-z]+)([h-o])([d...",
                "posLine2": " ^^^^^^^^",
                "type": "groupEndMarker",
              },
              Object {
                "data": Object {
                  "groupReference": Object {
                    "astStart": 9,
                    "idx": 1,
                  },
                },
                "posLine1": "/([a-z]+)([h-o])([d-z]*)([...",
                "posLine2": "         ^^^^^^^",
                "type": "groupStartMarker",
              },
              Object {
                "data": Object {
                  "negate": false,
                  "tree": Object {
                    "comparison": Object {
                      "comparisonValue": 111,
                      "type": "lessOrEqual",
                    },
                    "comparisonTrue": Object {
                      "comparison": Object {
                        "comparisonValue": 104,
                        "type": "moreOrEqual",
                      },
                      "type": "lastComparison",
                    },
                    "type": "comparison",
                  },
                  "unicode": false,
                },
                "posLine1": "/([a-z]+)([h-o])([d-z]*)(...",
                "posLine2": "          ^^^^^",
                "type": "charOrSet",
              },
              Object {
                "data": Object {
                  "groupReference": Object {
                    "astStart": 9,
                    "idx": 1,
                  },
                },
                "posLine1": "/([a-z]+)([h-o])([d-z]*)([...",
                "posLine2": "         ^^^^^^^",
                "type": "groupEndMarker",
              },
              Object {
                "data": Object {
                  "groupReference": Object {
                    "astStart": 16,
                    "idx": 2,
                  },
                },
                "posLine1": "...]+)([h-o])([d-z]*)([1-3])/",
                "posLine2": "             ^^^^^^^^",
                "type": "groupStartMarker",
              },
              Object {
                "data": Object {
                  "maxOrMinCount": false,
                  "wrappedHandler": Object {
                    "atoms": Array [
                      Object {
                        "data": Object {
                          "negate": false,
                          "tree": Object {
                            "comparison": Object {
                              "comparisonValue": 122,
                              "type": "lessOrEqual",
                            },
                            "comparisonTrue": Object {
                              "comparison": Object {
                                "comparisonValue": 100,
                                "type": "moreOrEqual",
                              },
                              "type": "lastComparison",
                            },
                            "type": "comparison",
                          },
                          "unicode": false,
                        },
                        "posLine1": "...+)([h-o])([d-z]*)([1-3])/",
                        "posLine2": "             ^^^^^",
                        "type": "charOrSet",
                      },
                    ],
                    "followUp": null,
                    "functionName": "fiber0002",
                    "lastAtomReturns": false,
                    "meta": Object {
                      "firstCharRange": Object {
                        "chars": Array [
                          100,
                          101,
                          102,
                          103,
                          104,
                          105,
                          106,
                          107,
                          108,
                          109,
                          110,
                          111,
                          112,
                          113,
                          114,
                          115,
                          116,
                          117,
                          118,
                          119,
                          120,
                          121,
                          122,
                        ],
                        "negate": false,
                      },
                      "groups": Array [],
                      "maxCharLength": 1,
                      "minCharLength": 1,
                    },
                  },
                },
                "posLine1": "...+)([h-o])([d-z]*)([1-3])/",
                "posLine2": "             ^^^^^^",
                "type": "nonBacktrackingQuantifier",
              },
              Object {
                "data": Object {
                  "groupReference": Object {
                    "astStart": 16,
                    "idx": 2,
                  },
                },
                "posLine1": "...]+)([h-o])([d-z]*)([1-3])/",
                "posLine2": "             ^^^^^^^^",
                "type": "groupEndMarker",
              },
              Object {
                "data": Object {
                  "groupReference": Object {
                    "astStart": 24,
                    "idx": 3,
                  },
                },
                "posLine1": "...])([d-z]*)([1-3])/",
                "posLine2": "             ^^^^^^^",
                "type": "groupStartMarker",
              },
              Object {
                "data": Object {
                  "negate": false,
                  "tree": Object {
                    "comparison": Object {
                      "comparisonValue": 51,
                      "type": "lessOrEqual",
                    },
                    "comparisonTrue": Object {
                      "comparison": Object {
                        "comparisonValue": 49,
                        "type": "moreOrEqual",
                      },
                      "type": "lastComparison",
                    },
                    "type": "comparison",
                  },
                  "unicode": false,
                },
                "posLine1": "...)([d-z]*)([1-3])/",
                "posLine2": "             ^^^^^",
                "type": "charOrSet",
              },
              Object {
                "data": Object {
                  "groupReference": Object {
                    "astStart": 24,
                    "idx": 3,
                  },
                },
                "posLine1": "...])([d-z]*)([1-3])/",
                "posLine2": "             ^^^^^^^",
                "type": "groupEndMarker",
              },
            ],
            "followUp": null,
            "functionName": "fiber0001",
            "lastAtomReturns": false,
            "meta": Object {
              "firstCharRange": Object {
                "chars": Array [
                  104,
                  105,
                  106,
                  107,
                  108,
                  109,
                  110,
                  111,
                ],
                "negate": false,
              },
              "groups": Array [
                Object {
                  "astStart": 1,
                  "idx": 0,
                },
                Object {
                  "astStart": 9,
                  "idx": 1,
                },
                Object {
                  "astStart": 16,
                  "idx": 2,
                },
                Object {
                  "astStart": 24,
                  "idx": 3,
                },
              ],
              "maxCharLength": "Infinity",
              "minCharLength": 2,
            },
          },
          "maxOrMinCount": true,
          "minCount": 1,
          "wrappedHandler": Object {
            "atoms": Array [
              Object {
                "data": Object {
                  "negate": false,
                  "tree": Object {
                    "comparison": Object {
                      "comparisonValue": 122,
                      "type": "lessOrEqual",
                    },
                    "comparisonTrue": Object {
                      "comparison": Object {
                        "comparisonValue": 97,
                        "type": "moreOrEqual",
                      },
                      "type": "lastComparison",
                    },
                    "type": "comparison",
                  },
                  "unicode": false,
                },
                "posLine1": "/([a-z]+)([h-o])(...",
                "posLine2": "  ^^^^^",
                "type": "charOrSet",
              },
            ],
            "followUp": null,
            "functionName": "fiber0003",
            "lastAtomReturns": false,
            "meta": Object {
              "firstCharRange": Object {
                "chars": Array [
                  97,
                  98,
                  99,
                  100,
                  101,
                  102,
                  103,
                  104,
                  105,
                  106,
                  107,
                  108,
                  109,
                  110,
                  111,
                  112,
                  113,
                  114,
                  115,
                  116,
                  117,
                  118,
                  119,
                  120,
                  121,
                  122,
                ],
                "negate": false,
              },
              "groups": Array [],
              "maxCharLength": 1,
              "minCharLength": 1,
            },
          },
        },
        "posLine1": "/([a-z]+)([h-o])([...",
        "posLine2": "  ^^^^^^",
        "type": "backtrackingFixedLengthQuantifier",
      },
    ],
    "followUp": null,
    "functionName": "fiber0004",
    "lastAtomReturns": true,
    "meta": Object {
      "firstCharRange": Object {
        "chars": Array [
          97,
          98,
          99,
          100,
          101,
          102,
          103,
          104,
          105,
          106,
          107,
          108,
          109,
          110,
          111,
          112,
          113,
          114,
          115,
          116,
          117,
          118,
          119,
          120,
          121,
          122,
        ],
        "negate": false,
      },
      "groups": Array [
        Object {
          "astStart": 1,
          "idx": 0,
        },
        Object {
          "astStart": 9,
          "idx": 1,
        },
        Object {
          "astStart": 16,
          "idx": 2,
        },
        Object {
          "astStart": 24,
          "idx": 3,
        },
      ],
      "maxCharLength": "Infinity",
      "minCharLength": 1,
    },
  },
  "quantifierCountersLength": 0,
  "regexStr": "/([a-z]+)([h-o])([d-z]*)([1-3])/",
}
`;
