// Jest Snapshot v1, https://goo.gl/fbAQLP

exports[`common_regex/time_1_12h_optional_zero template values are as expected 1`] = `
Object {
  "fiberHandlers": Array [
    Object {
      "atoms": Array [
        Object {
          "data": Object {
            "groupIndex": 4,
          },
          "posLine1": "/((1[0-2]|0?[1-9]):([0-5][0-9]) ?([AaPp][Mm]))/",
          "posLine2": "                                 ^",
          "type": "groupStartMarker",
        },
        Object {
          "data": Object {
            "chars": Array [
              65,
              97,
              80,
              112,
            ],
            "complement": false,
            "ranges": Array [],
          },
          "posLine1": "/((1[0-2]|0?[1-9]):([0-5][0-9]) ?([AaPp][Mm]))/",
          "posLine2": "                                  ^^^^^^",
          "type": "charOrSet",
        },
        Object {
          "data": Object {
            "chars": Array [
              77,
              109,
            ],
            "complement": false,
            "ranges": Array [],
          },
          "posLine1": "/((1[0-2]|0?[1-9]):([0-5][0-9]) ?([AaPp][Mm]))/",
          "posLine2": "                                        ^^^^",
          "type": "charOrSet",
        },
        Object {
          "data": Object {
            "groupEndMarkerIndex": 9,
            "groupIndex": 4,
            "groupStartMarkerIndex": 8,
          },
          "posLine1": "/((1[0-2]|0?[1-9]):([0-5][0-9]) ?([AaPp][Mm]))/",
          "posLine2": "                                            ^",
          "type": "groupEndMarker",
        },
        Object {
          "data": Object {
            "groupEndMarkerIndex": 3,
            "groupIndex": 1,
            "groupStartMarkerIndex": 2,
          },
          "posLine1": "/((1[0-2]|0?[1-9]):([0-5][0-9]) ?([AaPp][Mm]))/",
          "posLine2": "                                             ^",
          "type": "groupEndMarker",
        },
      ],
      "followUp": null,
      "functionName": "fiber0001",
    },
    Object {
      "atoms": Array [
        Object {
          "data": Object {
            "chars": Array [
              32,
            ],
            "complement": false,
            "ranges": Array [],
          },
          "posLine1": "/((1[0-2]|0?[1-9]):([0-5][0-9]) ?([AaPp][Mm]))/",
          "posLine2": "                               ^",
          "type": "charOrSet",
        },
      ],
      "followUp": Object {
        "functionName": "callback",
        "isClosed": true,
      },
      "functionName": "fiber0002",
    },
    Object {
      "atoms": Array [
        Object {
          "data": Object {
            "groupEndMarkerIndex": 5,
            "groupIndex": 2,
            "groupStartMarkerIndex": 4,
          },
          "posLine1": "/((1[0-2]|0?[1-9]):([0-5][0-9]) ?([AaPp][Mm]))/",
          "posLine2": "                 ^",
          "type": "groupEndMarker",
        },
        Object {
          "data": Object {
            "chars": Array [
              58,
            ],
            "complement": false,
            "ranges": Array [],
          },
          "posLine1": "/((1[0-2]|0?[1-9]):([0-5][0-9]) ?([AaPp][Mm]))/",
          "posLine2": "                  ^",
          "type": "charOrSet",
        },
        Object {
          "data": Object {
            "groupIndex": 3,
          },
          "posLine1": "/((1[0-2]|0?[1-9]):([0-5][0-9]) ?([AaPp][Mm]))/",
          "posLine2": "                   ^",
          "type": "groupStartMarker",
        },
        Object {
          "data": Object {
            "chars": Array [],
            "complement": false,
            "ranges": Array [
              Object {
                "from": 48,
                "to": 53,
              },
            ],
          },
          "posLine1": "/((1[0-2]|0?[1-9]):([0-5][0-9]) ?([AaPp][Mm]))/",
          "posLine2": "                    ^^^^^",
          "type": "charOrSet",
        },
        Object {
          "data": Object {
            "chars": Array [],
            "complement": false,
            "ranges": Array [
              Object {
                "from": 48,
                "to": 57,
              },
            ],
          },
          "posLine1": "/((1[0-2]|0?[1-9]):([0-5][0-9]) ?([AaPp][Mm]))/",
          "posLine2": "                         ^^^^^",
          "type": "charOrSet",
        },
        Object {
          "data": Object {
            "groupEndMarkerIndex": 7,
            "groupIndex": 3,
            "groupStartMarkerIndex": 6,
          },
          "posLine1": "/((1[0-2]|0?[1-9]):([0-5][0-9]) ?([AaPp][Mm]))/",
          "posLine2": "                              ^",
          "type": "groupEndMarker",
        },
      ],
      "followUp": Object {
        "functionName": "greedyQuantifier0003",
        "isClosed": true,
      },
      "functionName": "fiber0004",
    },
    Object {
      "atoms": Array [
        Object {
          "data": Object {
            "chars": Array [
              49,
            ],
            "complement": false,
            "ranges": Array [],
          },
          "posLine1": "/((1[0-2]|0?[1-9]):([0-5][0-9]) ?([AaPp][Mm]))/",
          "posLine2": "   ^",
          "type": "charOrSet",
        },
        Object {
          "data": Object {
            "chars": Array [],
            "complement": false,
            "ranges": Array [
              Object {
                "from": 48,
                "to": 50,
              },
            ],
          },
          "posLine1": "/((1[0-2]|0?[1-9]):([0-5][0-9]) ?([AaPp][Mm]))/",
          "posLine2": "    ^^^^^",
          "type": "charOrSet",
        },
      ],
      "followUp": Object {
        "functionName": "fiber0004",
        "isClosed": true,
      },
      "functionName": "fiber0005",
    },
    Object {
      "atoms": Array [
        Object {
          "data": Object {
            "chars": Array [],
            "complement": false,
            "ranges": Array [
              Object {
                "from": 49,
                "to": 57,
              },
            ],
          },
          "posLine1": "/((1[0-2]|0?[1-9]):([0-5][0-9]) ?([AaPp][Mm]))/",
          "posLine2": "            ^^^^^",
          "type": "charOrSet",
        },
      ],
      "followUp": Object {
        "functionName": "fiber0004",
        "isClosed": true,
      },
      "functionName": "fiber0006",
    },
    Object {
      "atoms": Array [
        Object {
          "data": Object {
            "chars": Array [
              48,
            ],
            "complement": false,
            "ranges": Array [],
          },
          "posLine1": "/((1[0-2]|0?[1-9]):([0-5][0-9]) ?([AaPp][Mm]))/",
          "posLine2": "          ^",
          "type": "charOrSet",
        },
      ],
      "followUp": Object {
        "functionName": "callback",
        "isClosed": true,
      },
      "functionName": "fiber0007",
    },
    Object {
      "atoms": Array [
        Object {
          "data": Object {
            "groupIndex": 1,
          },
          "posLine1": "/((1[0-2]|0?[1-9]):([0-5][0-9]) ?([AaPp][Mm]))/",
          "posLine2": " ^",
          "type": "groupStartMarker",
        },
        Object {
          "data": Object {
            "groupIndex": 2,
          },
          "posLine1": "/((1[0-2]|0?[1-9]):([0-5][0-9]) ?([AaPp][Mm]))/",
          "posLine2": "  ^",
          "type": "groupStartMarker",
        },
        Object {
          "data": Object {
            "alternatives": Array [
              Object {
                "functionName": "fiber0005",
                "isClosed": false,
              },
              Object {
                "functionName": "greedyQuantifier0008",
                "isClosed": true,
              },
            ],
          },
          "posLine1": "/((1[0-2]|0?[1-9]):([0-5][0-9]) ?([AaPp][Mm]))/",
          "posLine2": "   ^^^^^^^^^^^^^^",
          "type": "disjunction",
        },
      ],
      "followUp": null,
      "functionName": "fiber0009",
    },
  ],
  "greedyQuantifierHandlers": Array [
    Object {
      "followUp": Object {
        "functionName": "fiber0001",
        "isClosed": true,
      },
      "functionName": "greedyQuantifier0003",
      "location": Object {
        "begin": 32,
        "end": 33,
      },
      "maxCount": 1,
      "maxOrMinCount": true,
      "posLine1": "/((1[0-2]|0?[1-9]):([0-5][0-9]) ?([AaPp][Mm]))/",
      "posLine2": "                                ^",
      "wrappedHandler": Object {
        "functionName": "fiber0002",
        "isClosed": false,
      },
    },
    Object {
      "followUp": Object {
        "functionName": "fiber0006",
        "isClosed": true,
      },
      "functionName": "greedyQuantifier0008",
      "location": Object {
        "begin": 11,
        "end": 12,
      },
      "maxCount": 1,
      "maxOrMinCount": true,
      "posLine1": "/((1[0-2]|0?[1-9]):([0-5][0-9]) ?([AaPp][Mm]))/",
      "posLine2": "           ^",
      "wrappedHandler": Object {
        "functionName": "fiber0007",
        "isClosed": false,
      },
    },
  ],
  "groupsCount": 5,
  "mainHandler": Object {
    "functionName": "fiber0009",
    "isClosed": false,
  },
  "regexStr": "/((1[0-2]|0?[1-9]):([0-5][0-9]) ?([AaPp][Mm]))/",
}
`;
