// Jest Snapshot v1, https://goo.gl/fbAQLP

exports[`basic_features/char_sets template values are as expected 1`] = `
Object {
  "fiberHandlers": Array [
    Object {
      "atoms": Array [
        Object {
          "data": Object {
            "negate": false,
            "tree": Object {
              "comparison": Object {
                "comparisonValue": 90,
                "type": "lessOrEqual",
              },
              "comparisonFalse": Object {
                "comparison": Object {
                  "comparisonValue": 122,
                  "type": "lessOrEqual",
                },
                "comparisonTrue": Object {
                  "comparison": Object {
                    "comparisonValue": 97,
                    "type": "moreOrEqual",
                  },
                  "type": "lastComparison",
                },
                "type": "comparison",
              },
              "comparisonTrue": Object {
                "comparison": Object {
                  "comparisonValue": 57,
                  "type": "lessOrEqual",
                },
                "comparisonFalse": Object {
                  "comparison": Object {
                    "comparisonValue": 65,
                    "type": "moreOrEqual",
                  },
                  "type": "lastComparison",
                },
                "comparisonTrue": Object {
                  "comparison": Object {
                    "comparisonValue": 48,
                    "type": "moreOrEqual",
                  },
                  "type": "lastComparison",
                },
                "type": "comparison",
              },
              "type": "comparison",
            },
          },
          "posLine1": "/[a-zA-Z0-9]/",
          "posLine2": " ^^^^^^^^^^^",
          "type": "charOrSet",
        },
      ],
      "followUp": null,
      "functionName": "fiber0001",
      "hasCallback": false,
      "lastAtomReturns": false,
      "meta": Object {
        "groups": Array [],
      },
    },
  ],
  "mainHandler": Object {
    "atoms": Array [
      Object {
        "data": Object {
          "negate": false,
          "tree": Object {
            "comparison": Object {
              "comparisonValue": 90,
              "type": "lessOrEqual",
            },
            "comparisonFalse": Object {
              "comparison": Object {
                "comparisonValue": 122,
                "type": "lessOrEqual",
              },
              "comparisonTrue": Object {
                "comparison": Object {
                  "comparisonValue": 97,
                  "type": "moreOrEqual",
                },
                "type": "lastComparison",
              },
              "type": "comparison",
            },
            "comparisonTrue": Object {
              "comparison": Object {
                "comparisonValue": 57,
                "type": "lessOrEqual",
              },
              "comparisonFalse": Object {
                "comparison": Object {
                  "comparisonValue": 65,
                  "type": "moreOrEqual",
                },
                "type": "lastComparison",
              },
              "comparisonTrue": Object {
                "comparison": Object {
                  "comparisonValue": 48,
                  "type": "moreOrEqual",
                },
                "type": "lastComparison",
              },
              "type": "comparison",
            },
            "type": "comparison",
          },
        },
        "posLine1": "/[a-zA-Z0-9]/",
        "posLine2": " ^^^^^^^^^^^",
        "type": "charOrSet",
      },
    ],
    "followUp": null,
    "functionName": "fiber0001",
    "hasCallback": false,
    "lastAtomReturns": false,
    "meta": Object {
      "groups": Array [],
    },
  },
  "regexStr": "/[a-zA-Z0-9]/",
}
`;
