// Jest Snapshot v1, https://goo.gl/fbAQLP

exports[`basic_features/unicode_lookbehind template values are as expected 1`] = `
Object {
  "fiberHandlers": Array [
    Object {
      "atoms": Array [
        Object {
          "data": Object {
            "lookaroundFiber": Object {
              "atoms": Array [
                Object {
                  "data": Object {
                    "negate": false,
                    "tree": Object {
                      "comparison": Object {
                        "comparisonValue": 119988,
                        "type": "equal",
                      },
                      "type": "lastComparison",
                    },
                    "unicode": true,
                  },
                  "posLine1": "/(?<!𝒴)x/u",
                  "posLine2": "     ^^",
                  "type": "charOrSetBackward",
                },
              ],
              "followUp": null,
              "functionName": "fiber0002",
              "lastAtomReturns": false,
              "meta": Object {
                "firstCharRange": Object {
                  "chars": Array [
                    119988,
                  ],
                  "negate": false,
                },
                "groups": Array [],
              },
            },
            "negate": true,
          },
          "posLine1": "/(?<!𝒴)x/u",
          "posLine2": " ^^^^^^^",
          "type": "lookaround",
        },
        Object {
          "data": Object {
            "negate": false,
            "tree": Object {
              "comparison": Object {
                "comparisonValue": 120,
                "type": "equal",
              },
              "type": "lastComparison",
            },
            "unicode": true,
          },
          "posLine1": "/(?<!𝒴)x/u",
          "posLine2": "        ^",
          "type": "charOrSet",
        },
      ],
      "followUp": null,
      "functionName": "fiber0001",
      "lastAtomReturns": false,
      "meta": Object {
        "firstCharRange": Object {
          "chars": Array [
            120,
          ],
          "negate": false,
        },
        "groups": Array [],
      },
    },
    Object {
      "atoms": Array [
        Object {
          "data": Object {
            "negate": false,
            "tree": Object {
              "comparison": Object {
                "comparisonValue": 119988,
                "type": "equal",
              },
              "type": "lastComparison",
            },
            "unicode": true,
          },
          "posLine1": "/(?<!𝒴)x/u",
          "posLine2": "     ^^",
          "type": "charOrSetBackward",
        },
      ],
      "followUp": null,
      "functionName": "fiber0002",
      "lastAtomReturns": false,
      "meta": Object {
        "firstCharRange": Object {
          "chars": Array [
            119988,
          ],
          "negate": false,
        },
        "groups": Array [],
      },
    },
  ],
  "greedyQuantifierHandlers": Array [],
  "groups": Array [],
  "lazyQuantifierHandlers": Array [],
  "mainHandler": Object {
    "atoms": Array [
      Object {
        "data": Object {
          "lookaroundFiber": Object {
            "atoms": Array [
              Object {
                "data": Object {
                  "negate": false,
                  "tree": Object {
                    "comparison": Object {
                      "comparisonValue": 119988,
                      "type": "equal",
                    },
                    "type": "lastComparison",
                  },
                  "unicode": true,
                },
                "posLine1": "/(?<!𝒴)x/u",
                "posLine2": "     ^^",
                "type": "charOrSetBackward",
              },
            ],
            "followUp": null,
            "functionName": "fiber0002",
            "lastAtomReturns": false,
            "meta": Object {
              "firstCharRange": Object {
                "chars": Array [
                  119988,
                ],
                "negate": false,
              },
              "groups": Array [],
            },
          },
          "negate": true,
        },
        "posLine1": "/(?<!𝒴)x/u",
        "posLine2": " ^^^^^^^",
        "type": "lookaround",
      },
      Object {
        "data": Object {
          "negate": false,
          "tree": Object {
            "comparison": Object {
              "comparisonValue": 120,
              "type": "equal",
            },
            "type": "lastComparison",
          },
          "unicode": true,
        },
        "posLine1": "/(?<!𝒴)x/u",
        "posLine2": "        ^",
        "type": "charOrSet",
      },
    ],
    "followUp": null,
    "functionName": "fiber0001",
    "lastAtomReturns": false,
    "meta": Object {
      "firstCharRange": Object {
        "chars": Array [
          120,
        ],
        "negate": false,
      },
      "groups": Array [],
    },
  },
  "quantifierCountersLength": 0,
  "regexStr": "/(?<!𝒴)x/u",
  "version": "0.2.0",
}
`;
