// Jest Snapshot v1, https://goo.gl/fbAQLP

exports[`basic_features/char_class_word_negated template values are as expected 1`] = `
Object {
  "fiberHandlers": Array [
    Object {
      "atoms": Array [
        Object {
          "data": Object {
            "negate": true,
            "tree": Object {
              "comparison": Object {
                "comparisonValue": 90,
                "lessOrEqual": true,
              },
              "comparisonFalse": Object {
                "comparison": Object {
                  "comparisonValue": 95,
                  "equal": true,
                },
                "comparisonFalse": Object {
                  "comparison": Object {
                    "comparisonValue": 122,
                    "lessOrEqual": true,
                  },
                  "comparisonTrue": Object {
                    "comparison": Object {
                      "comparisonValue": 97,
                      "moreOrEqual": true,
                    },
                    "lastComparison": true,
                  },
                  "lastComparison": false,
                },
                "comparisonTrue": Object {
                  "comparison": Object {
                    "isTrue": true,
                  },
                  "lastComparison": true,
                },
                "lastComparison": false,
              },
              "comparisonTrue": Object {
                "comparison": Object {
                  "comparisonValue": 57,
                  "lessOrEqual": true,
                },
                "comparisonFalse": Object {
                  "comparison": Object {
                    "comparisonValue": 65,
                    "moreOrEqual": true,
                  },
                  "lastComparison": true,
                },
                "comparisonTrue": Object {
                  "comparison": Object {
                    "comparisonValue": 48,
                    "moreOrEqual": true,
                  },
                  "lastComparison": true,
                },
                "lastComparison": false,
              },
              "lastComparison": false,
            },
          },
          "posLine1": "/\\\\W/",
          "posLine2": " ^^",
          "type": "charOrSet",
        },
      ],
      "followUp": null,
      "functionName": "fiber0001",
      "hasCallback": false,
      "lastAtomReturns": false,
    },
  ],
  "groupsCount": 1,
  "mainHandler": Object {
    "atoms": Array [
      Object {
        "data": Object {
          "negate": true,
          "tree": Object {
            "comparison": Object {
              "comparisonValue": 90,
              "lessOrEqual": true,
            },
            "comparisonFalse": Object {
              "comparison": Object {
                "comparisonValue": 95,
                "equal": true,
              },
              "comparisonFalse": Object {
                "comparison": Object {
                  "comparisonValue": 122,
                  "lessOrEqual": true,
                },
                "comparisonTrue": Object {
                  "comparison": Object {
                    "comparisonValue": 97,
                    "moreOrEqual": true,
                  },
                  "lastComparison": true,
                },
                "lastComparison": false,
              },
              "comparisonTrue": Object {
                "comparison": Object {
                  "isTrue": true,
                },
                "lastComparison": true,
              },
              "lastComparison": false,
            },
            "comparisonTrue": Object {
              "comparison": Object {
                "comparisonValue": 57,
                "lessOrEqual": true,
              },
              "comparisonFalse": Object {
                "comparison": Object {
                  "comparisonValue": 65,
                  "moreOrEqual": true,
                },
                "lastComparison": true,
              },
              "comparisonTrue": Object {
                "comparison": Object {
                  "comparisonValue": 48,
                  "moreOrEqual": true,
                },
                "lastComparison": true,
              },
              "lastComparison": false,
            },
            "lastComparison": false,
          },
        },
        "posLine1": "/\\\\W/",
        "posLine2": " ^^",
        "type": "charOrSet",
      },
    ],
    "followUp": null,
    "functionName": "fiber0001",
    "hasCallback": false,
    "lastAtomReturns": false,
  },
  "regexStr": "/\\\\W/",
}
`;
