// Jest Snapshot v1, https://goo.gl/fbAQLP

exports[`common_regex/numbers_whole template values are as expected 1`] = `
Object {
  "endAnchorHandler": Array [
    Object {
      "followUp": null,
      "functionName": "endAnchor1",
      "location": Object {
        "begin": 5,
        "end": 6,
      },
      "posLine1": "/^\\\\d+$/",
      "posLine2": "     ^",
    },
  ],
  "greedyQuantifierHandler": Array [
    Object {
      "followUp": Object {
        "functionName": "endAnchor1",
      },
      "functionName": "greedyQuantifier3",
      "location": Object {
        "begin": 2,
        "end": 4,
      },
      "posLine1": "/^\\\\d+$/",
      "posLine2": "  ^^",
      "wrappedHandler": Object {
        "functionName": "handleSetOrCharacter2",
      },
    },
  ],
  "groups": 1,
  "mainHandler": Object {
    "functionName": "startAnchor5",
  },
  "quantifierWithMinOrMaxHandler": Array [
    Object {
      "followUp": null,
      "functionName": "quantifierWithMinOrMax4",
      "location": Object {
        "begin": 4,
        "end": 5,
      },
      "minIsMax": false,
      "minRequired": 1,
      "posLine1": "/^\\\\d+$/",
      "posLine2": "    ^",
      "recursiveQuantifier": Object {
        "functionName": "greedyQuantifier3",
      },
      "wrappedHandler": Object {
        "functionName": "handleSetOrCharacter2",
      },
    },
  ],
  "regexStr": "/^\\\\d+$/",
  "setOrCharacterHandler": Array [
    Object {
      "chars": Array [
        48,
        49,
        50,
        51,
        52,
        53,
        54,
        55,
        56,
        57,
      ],
      "complement": false,
      "followUp": null,
      "functionName": "handleSetOrCharacter2",
      "location": Object {
        "begin": 2,
        "end": 4,
      },
      "posLine1": "/^\\\\d+$/",
      "posLine2": "  ^^",
      "ranges": Array [],
    },
  ],
  "startAnchorHandler": Array [
    Object {
      "followUp": Object {
        "functionName": "quantifierWithMinOrMax4",
      },
      "functionName": "startAnchor5",
      "location": Object {
        "begin": 1,
        "end": 2,
      },
      "posLine1": "/^\\\\d+$/",
      "posLine2": " ^",
    },
  ],
}
`;
