// Jest Snapshot v1, https://goo.gl/fbAQLP

exports[`etherpad/ep_ops template values are as expected 1`] = `
Object {
  "fiberHandlers": Array [
    Object {
      "atoms": Array [
        Object {
          "data": Object {
            "groupEndMarkerIndex": 9,
            "groupIndex": 4,
            "groupStartMarkerIndex": 8,
          },
          "posLine1": "/((?:\\\\*[0-9a-z]+)*)(?:\\\\|([0-9a-z]+))?([-+=])([0-9a-z]+)|\\\\?/",
          "posLine2": "                                                      ^",
          "type": "groupEndMarker",
        },
      ],
      "followUp": null,
      "functionName": "fiber0001",
    },
    Object {
      "atoms": Array [
        Object {
          "data": Object {
            "chars": Array [],
            "complement": false,
            "ranges": Array [
              Object {
                "from": 48,
                "to": 57,
              },
              Object {
                "from": 97,
                "to": 122,
              },
            ],
          },
          "posLine1": "/((?:\\\\*[0-9a-z]+)*)(?:\\\\|([0-9a-z]+))?([-+=])([0-9a-z]+)|\\\\?/",
          "posLine2": "                                             ^^^^^^^^",
          "type": "charOrSet",
        },
      ],
      "followUp": Object {
        "functionName": "callback",
        "isClosed": true,
      },
      "functionName": "fiber0002",
    },
    Object {
      "atoms": Array [
        Object {
          "data": Object {
            "groupIndex": 3,
          },
          "posLine1": "/((?:\\\\*[0-9a-z]+)*)(?:\\\\|([0-9a-z]+))?([-+=])([0-9a-z]+)|\\\\?/",
          "posLine2": "                                     ^",
          "type": "groupStartMarker",
        },
        Object {
          "data": Object {
            "chars": Array [
              45,
              43,
              61,
            ],
            "complement": false,
            "ranges": Array [],
          },
          "posLine1": "/((?:\\\\*[0-9a-z]+)*)(?:\\\\|([0-9a-z]+))?([-+=])([0-9a-z]+)|\\\\?/",
          "posLine2": "                                      ^^^^^",
          "type": "charOrSet",
        },
        Object {
          "data": Object {
            "groupEndMarkerIndex": 7,
            "groupIndex": 3,
            "groupStartMarkerIndex": 6,
          },
          "posLine1": "/((?:\\\\*[0-9a-z]+)*)(?:\\\\|([0-9a-z]+))?([-+=])([0-9a-z]+)|\\\\?/",
          "posLine2": "                                           ^",
          "type": "groupEndMarker",
        },
        Object {
          "data": Object {
            "groupIndex": 4,
          },
          "posLine1": "/((?:\\\\*[0-9a-z]+)*)(?:\\\\|([0-9a-z]+))?([-+=])([0-9a-z]+)|\\\\?/",
          "posLine2": "                                            ^",
          "type": "groupStartMarker",
        },
        Object {
          "data": Object {
            "followUp": Object {
              "functionName": "fiber0001",
              "isClosed": true,
            },
            "maxOrMinCount": true,
            "minCount": 1,
            "wrappedHandler": Object {
              "functionName": "fiber0002",
              "isClosed": false,
            },
          },
          "posLine1": "/((?:\\\\*[0-9a-z]+)*)(?:\\\\|([0-9a-z]+))?([-+=])([0-9a-z]+)|\\\\?/",
          "posLine2": "                                                     ^",
          "type": "greedyQuantifier",
        },
      ],
      "followUp": null,
      "functionName": "fiber0003",
    },
    Object {
      "atoms": Array [
        Object {
          "data": Object {
            "groupEndMarkerIndex": 5,
            "groupIndex": 2,
            "groupStartMarkerIndex": 4,
          },
          "posLine1": "/((?:\\\\*[0-9a-z]+)*)(?:\\\\|([0-9a-z]+))?([-+=])([0-9a-z]+)|\\\\?/",
          "posLine2": "                                  ^",
          "type": "groupEndMarker",
        },
      ],
      "followUp": Object {
        "functionName": "callback",
        "isClosed": true,
      },
      "functionName": "fiber0004",
    },
    Object {
      "atoms": Array [
        Object {
          "data": Object {
            "chars": Array [],
            "complement": false,
            "ranges": Array [
              Object {
                "from": 48,
                "to": 57,
              },
              Object {
                "from": 97,
                "to": 122,
              },
            ],
          },
          "posLine1": "/((?:\\\\*[0-9a-z]+)*)(?:\\\\|([0-9a-z]+))?([-+=])([0-9a-z]+)|\\\\?/",
          "posLine2": "                         ^^^^^^^^",
          "type": "charOrSet",
        },
      ],
      "followUp": Object {
        "functionName": "callback",
        "isClosed": true,
      },
      "functionName": "fiber0005",
    },
    Object {
      "atoms": Array [
        Object {
          "data": Object {
            "chars": Array [
              124,
            ],
            "complement": false,
            "ranges": Array [],
          },
          "posLine1": "/((?:\\\\*[0-9a-z]+)*)(?:\\\\|([0-9a-z]+))?([-+=])([0-9a-z]+)|\\\\?/",
          "posLine2": "                      ^^",
          "type": "charOrSet",
        },
        Object {
          "data": Object {
            "groupIndex": 2,
          },
          "posLine1": "/((?:\\\\*[0-9a-z]+)*)(?:\\\\|([0-9a-z]+))?([-+=])([0-9a-z]+)|\\\\?/",
          "posLine2": "                        ^",
          "type": "groupStartMarker",
        },
        Object {
          "data": Object {
            "followUp": Object {
              "functionName": "fiber0004",
              "isClosed": true,
            },
            "maxOrMinCount": true,
            "minCount": 1,
            "wrappedHandler": Object {
              "functionName": "fiber0005",
              "isClosed": false,
            },
          },
          "posLine1": "/((?:\\\\*[0-9a-z]+)*)(?:\\\\|([0-9a-z]+))?([-+=])([0-9a-z]+)|\\\\?/",
          "posLine2": "                                 ^",
          "type": "greedyQuantifier",
        },
      ],
      "followUp": null,
      "functionName": "fiber0006",
    },
    Object {
      "atoms": Array [
        Object {
          "data": Object {
            "groupEndMarkerIndex": 3,
            "groupIndex": 1,
            "groupStartMarkerIndex": 2,
          },
          "posLine1": "/((?:\\\\*[0-9a-z]+)*)(?:\\\\|([0-9a-z]+))?([-+=])([0-9a-z]+)|\\\\?/",
          "posLine2": "                  ^",
          "type": "groupEndMarker",
        },
        Object {
          "data": Object {
            "followUp": Object {
              "functionName": "fiber0003",
              "isClosed": true,
            },
            "maxCount": 1,
            "maxOrMinCount": true,
            "wrappedHandler": Object {
              "functionName": "fiber0006",
              "isClosed": false,
            },
          },
          "posLine1": "/((?:\\\\*[0-9a-z]+)*)(?:\\\\|([0-9a-z]+))?([-+=])([0-9a-z]+)|\\\\?/",
          "posLine2": "                                    ^",
          "type": "greedyQuantifier",
        },
      ],
      "followUp": null,
      "functionName": "fiber0007",
    },
    Object {
      "atoms": Array [
        Object {
          "data": Object {
            "chars": Array [],
            "complement": false,
            "ranges": Array [
              Object {
                "from": 48,
                "to": 57,
              },
              Object {
                "from": 97,
                "to": 122,
              },
            ],
          },
          "posLine1": "/((?:\\\\*[0-9a-z]+)*)(?:\\\\|([0-9a-z]+))?([-+=])([0-9a-z]+)|\\\\?/",
          "posLine2": "       ^^^^^^^^",
          "type": "charOrSet",
        },
      ],
      "followUp": Object {
        "functionName": "callback",
        "isClosed": true,
      },
      "functionName": "fiber0008",
    },
    Object {
      "atoms": Array [
        Object {
          "data": Object {
            "chars": Array [
              42,
            ],
            "complement": false,
            "ranges": Array [],
          },
          "posLine1": "/((?:\\\\*[0-9a-z]+)*)(?:\\\\|([0-9a-z]+))?([-+=])([0-9a-z]+)|\\\\?/",
          "posLine2": "     ^^",
          "type": "charOrSet",
        },
        Object {
          "data": Object {
            "followUp": Object {
              "functionName": "callback",
              "isClosed": true,
            },
            "maxOrMinCount": true,
            "minCount": 1,
            "wrappedHandler": Object {
              "functionName": "fiber0008",
              "isClosed": false,
            },
          },
          "posLine1": "/((?:\\\\*[0-9a-z]+)*)(?:\\\\|([0-9a-z]+))?([-+=])([0-9a-z]+)|\\\\?/",
          "posLine2": "               ^",
          "type": "greedyQuantifier",
        },
      ],
      "followUp": null,
      "functionName": "fiber0009",
    },
    Object {
      "atoms": Array [
        Object {
          "data": Object {
            "groupIndex": 1,
          },
          "posLine1": "/((?:\\\\*[0-9a-z]+)*)(?:\\\\|([0-9a-z]+))?([-+=])([0-9a-z]+)|\\\\?/",
          "posLine2": " ^",
          "type": "groupStartMarker",
        },
        Object {
          "data": Object {
            "followUp": Object {
              "functionName": "fiber0007",
              "isClosed": true,
            },
            "maxOrMinCount": false,
            "wrappedHandler": Object {
              "functionName": "fiber0009",
              "isClosed": false,
            },
          },
          "posLine1": "/((?:\\\\*[0-9a-z]+)*)(?:\\\\|([0-9a-z]+))?([-+=])([0-9a-z]+)|\\\\?/",
          "posLine2": "                 ^",
          "type": "greedyQuantifier",
        },
      ],
      "followUp": null,
      "functionName": "fiber0010",
    },
    Object {
      "atoms": Array [
        Object {
          "data": Object {
            "chars": Array [
              63,
            ],
            "complement": false,
            "ranges": Array [],
          },
          "posLine1": "/((?:\\\\*[0-9a-z]+)*)(?:\\\\|([0-9a-z]+))?([-+=])([0-9a-z]+)|\\\\?/",
          "posLine2": "                                                        ^^",
          "type": "charOrSet",
        },
      ],
      "followUp": null,
      "functionName": "fiber0011",
    },
    Object {
      "atoms": Array [
        Object {
          "data": Object {
            "alternatives": Array [
              Object {
                "functionName": "fiber0010",
                "isClosed": false,
              },
              Object {
                "functionName": "fiber0011",
                "isClosed": false,
              },
            ],
          },
          "posLine1": "/((?:\\\\*[0-9a-z]+)*)(?:\\\\|([0-9a-z]+))?([-+=])([0-9a-z]+)|\\\\?/",
          "posLine2": " ^^^^^^^^^^^^^^^^^^^^^^^^^^^^^^^^^^^^^^^^^^^^^^^^^^^^^^^^^",
          "type": "disjunction",
        },
      ],
      "followUp": null,
      "functionName": "fiber0012",
    },
  ],
  "groupsCount": 5,
  "mainHandler": Object {
    "functionName": "fiber0012",
    "isClosed": false,
  },
  "regexStr": "/((?:\\\\*[0-9a-z]+)*)(?:\\\\|([0-9a-z]+))?([-+=])([0-9a-z]+)|\\\\?/",
}
`;
