// Jest Snapshot v1, https://goo.gl/fbAQLP

exports[`basic_features/end_anchor template values are as expected 1`] = `
Object {
  "fiberHandlers": Array [
    Object {
      "atoms": Array [
        Object {
          "data": Object {
            "chars": Array [
              100,
            ],
            "complement": false,
            "ranges": Array [],
          },
          "posLine1": "/def$/",
          "posLine2": " ^",
          "type": "charOrSet",
        },
        Object {
          "data": Object {
            "chars": Array [
              101,
            ],
            "complement": false,
            "ranges": Array [],
          },
          "posLine1": "/def$/",
          "posLine2": "  ^",
          "type": "charOrSet",
        },
        Object {
          "data": Object {
            "chars": Array [
              102,
            ],
            "complement": false,
            "ranges": Array [],
          },
          "posLine1": "/def$/",
          "posLine2": "   ^",
          "type": "charOrSet",
        },
        Object {
          "data": Object {},
          "posLine1": "/def$/",
          "posLine2": "    ^",
          "type": "endAnchor",
        },
      ],
      "followUp": null,
      "functionName": "fiber0001",
    },
  ],
  "groupsCount": 1,
  "mainHandler": Object {
    "functionName": "fiber0001",
    "isClosed": false,
  },
  "regexStr": "/def$/",
}
`;
