// Jest Snapshot v1, https://goo.gl/fbAQLP

exports[`basic_features/lookbehind_negative template values are as expected 1`] = `
Object {
  "fiberHandlers": Array [
    Object {
      "atoms": Array [
        Object {
          "data": Object {
            "lookAheadFiber": Object {
              "atoms": Array [
                Object {
                  "data": Object {
                    "backwards": true,
                    "chars": Array [
                      121,
                    ],
                    "complement": false,
                    "ranges": Array [],
                  },
                  "posLine1": "/(?<!y)x/",
                  "posLine2": "     ^",
                  "type": "charOrSet",
                },
              ],
              "followUp": null,
              "functionName": "fiber0002",
              "hasCallback": false,
              "lastAtomReturns": false,
            },
            "negative": true,
          },
          "posLine1": "/(?<!y)x/",
          "posLine2": " ^^^^^^",
          "type": "lookAhead",
        },
        Object {
          "data": Object {
            "chars": Array [
              120,
            ],
            "complement": false,
            "ranges": Array [],
          },
          "posLine1": "/(?<!y)x/",
          "posLine2": "       ^",
          "type": "charOrSet",
        },
      ],
      "followUp": null,
      "functionName": "fiber0001",
      "hasCallback": false,
      "lastAtomReturns": false,
    },
    Object {
      "atoms": Array [
        Object {
          "data": Object {
            "backwards": true,
            "chars": Array [
              121,
            ],
            "complement": false,
            "ranges": Array [],
          },
          "posLine1": "/(?<!y)x/",
          "posLine2": "     ^",
          "type": "charOrSet",
        },
      ],
      "followUp": null,
      "functionName": "fiber0002",
      "hasCallback": false,
      "lastAtomReturns": false,
    },
  ],
  "groupsCount": 1,
  "mainHandler": Object {
    "atoms": Array [
      Object {
        "data": Object {
          "lookAheadFiber": Object {
            "atoms": Array [
              Object {
                "data": Object {
                  "backwards": true,
                  "chars": Array [
                    121,
                  ],
                  "complement": false,
                  "ranges": Array [],
                },
                "posLine1": "/(?<!y)x/",
                "posLine2": "     ^",
                "type": "charOrSet",
              },
            ],
            "followUp": null,
            "functionName": "fiber0002",
            "hasCallback": false,
            "lastAtomReturns": false,
          },
          "negative": true,
        },
        "posLine1": "/(?<!y)x/",
        "posLine2": " ^^^^^^",
        "type": "lookAhead",
      },
      Object {
        "data": Object {
          "chars": Array [
            120,
          ],
          "complement": false,
          "ranges": Array [],
        },
        "posLine1": "/(?<!y)x/",
        "posLine2": "       ^",
        "type": "charOrSet",
      },
    ],
    "followUp": null,
    "functionName": "fiber0001",
    "hasCallback": false,
    "lastAtomReturns": false,
  },
  "regexStr": "/(?<!y)x/",
}
`;
