// Jest Snapshot v1, https://goo.gl/fbAQLP

exports[`basic_features/group_backtracking template values are as expected 1`] = `
Object {
  "fiberHandlers": Array [
    Object {
      "atoms": Array [
        Object {
          "data": Object {
            "groupIndex": 2,
          },
          "posLine1": "/(aa3)*(aa3a)/",
          "posLine2": "       ^",
          "type": "groupStartMarker",
        },
        Object {
          "data": Object {
            "chars": Array [
              97,
            ],
            "complement": false,
            "ranges": Array [],
          },
          "posLine1": "/(aa3)*(aa3a)/",
          "posLine2": "        ^",
          "type": "charOrSet",
        },
        Object {
          "data": Object {
            "chars": Array [
              97,
            ],
            "complement": false,
            "ranges": Array [],
          },
          "posLine1": "/(aa3)*(aa3a)/",
          "posLine2": "         ^",
          "type": "charOrSet",
        },
        Object {
          "data": Object {
            "chars": Array [
              51,
            ],
            "complement": false,
            "ranges": Array [],
          },
          "posLine1": "/(aa3)*(aa3a)/",
          "posLine2": "          ^",
          "type": "charOrSet",
        },
        Object {
          "data": Object {
            "chars": Array [
              97,
            ],
            "complement": false,
            "ranges": Array [],
          },
          "posLine1": "/(aa3)*(aa3a)/",
          "posLine2": "           ^",
          "type": "charOrSet",
        },
        Object {
          "data": Object {
            "groupEndMarkerIndex": 5,
            "groupIndex": 2,
            "groupStartMarkerIndex": 4,
          },
          "posLine1": "/(aa3)*(aa3a)/",
          "posLine2": "            ^",
          "type": "groupEndMarker",
        },
      ],
      "followUp": null,
      "functionName": "fiber0001",
    },
    Object {
      "atoms": Array [
        Object {
          "data": Object {
            "groupIndex": 1,
          },
          "posLine1": "/(aa3)*(aa3a)/",
          "posLine2": " ^",
          "type": "groupStartMarker",
        },
        Object {
          "data": Object {
            "chars": Array [
              97,
            ],
            "complement": false,
            "ranges": Array [],
          },
          "posLine1": "/(aa3)*(aa3a)/",
          "posLine2": "  ^",
          "type": "charOrSet",
        },
        Object {
          "data": Object {
            "chars": Array [
              97,
            ],
            "complement": false,
            "ranges": Array [],
          },
          "posLine1": "/(aa3)*(aa3a)/",
          "posLine2": "   ^",
          "type": "charOrSet",
        },
        Object {
          "data": Object {
            "chars": Array [
              51,
            ],
            "complement": false,
            "ranges": Array [],
          },
          "posLine1": "/(aa3)*(aa3a)/",
          "posLine2": "    ^",
          "type": "charOrSet",
        },
        Object {
          "data": Object {
            "groupEndMarkerIndex": 3,
            "groupIndex": 1,
            "groupStartMarkerIndex": 2,
          },
          "posLine1": "/(aa3)*(aa3a)/",
          "posLine2": "     ^",
          "type": "groupEndMarker",
        },
      ],
      "followUp": Object {
        "functionName": "callback",
        "isClosed": true,
      },
      "functionName": "fiber0002",
    },
    Object {
      "atoms": Array [
        Object {
          "data": Object {
            "followUp": Object {
              "functionName": "fiber0001",
              "isClosed": true,
            },
            "maxOrMinCount": false,
            "wrappedHandler": Object {
              "functionName": "fiber0002",
              "isClosed": true,
            },
          },
          "posLine1": "/(aa3)*(aa3a)/",
          "posLine2": "      ^",
          "type": "greedyQuantifier",
        },
      ],
      "followUp": null,
      "functionName": "fiber0003",
    },
  ],
  "groupsCount": 3,
  "mainHandler": Object {
    "functionName": "fiber0003",
    "isClosed": false,
  },
  "regexStr": "/(aa3)*(aa3a)/",
}
`;
