// Jest Snapshot v1, https://goo.gl/fbAQLP

exports[`basic_features/char_disjunction template values are as expected 1`] = `
Object {
  "fiberHandlers": Array [
    Object {
      "atoms": Array [
        Object {
          "data": Object {
            "negate": false,
            "tree": Object {
              "comparison": Object {
                "comparisonValue": 97,
                "type": "equal",
              },
              "type": "lastComparison",
            },
            "unicode": false,
          },
          "posLine1": "a|b|f/",
          "posLine2": "^",
          "type": "charOrSet",
        },
      ],
      "followUp": null,
      "functionName": "fiber0002",
      "lastAtomReturns": false,
      "meta": Object {
        "firstCharRange": Object {
          "chars": Array [
            97,
          ],
          "negate": false,
        },
        "groups": Array [],
      },
    },
    Object {
      "atoms": Array [
        Object {
          "data": Object {
            "negate": false,
            "tree": Object {
              "comparison": Object {
                "comparisonValue": 98,
                "type": "equal",
              },
              "type": "lastComparison",
            },
            "unicode": false,
          },
          "posLine1": "b|f/",
          "posLine2": "^",
          "type": "charOrSet",
        },
      ],
      "followUp": null,
      "functionName": "fiber0003",
      "lastAtomReturns": false,
      "meta": Object {
        "firstCharRange": Object {
          "chars": Array [
            98,
          ],
          "negate": false,
        },
        "groups": Array [],
      },
    },
    Object {
      "atoms": Array [
        Object {
          "data": Object {
            "negate": false,
            "tree": Object {
              "comparison": Object {
                "comparisonValue": 102,
                "type": "equal",
              },
              "type": "lastComparison",
            },
            "unicode": false,
          },
          "posLine1": "f/",
          "posLine2": "^",
          "type": "charOrSet",
        },
      ],
      "followUp": null,
      "functionName": "fiber0004",
      "lastAtomReturns": false,
      "meta": Object {
        "firstCharRange": Object {
          "chars": Array [
            102,
          ],
          "negate": false,
        },
        "groups": Array [],
      },
    },
    Object {
      "atoms": Array [
        Object {
          "data": Object {
            "alternatives": Array [
              Object {
                "atoms": Array [
                  Object {
                    "data": Object {
                      "negate": false,
                      "tree": Object {
                        "comparison": Object {
                          "comparisonValue": 97,
                          "type": "equal",
                        },
                        "type": "lastComparison",
                      },
                      "unicode": false,
                    },
                    "posLine1": "a|b|f/",
                    "posLine2": "^",
                    "type": "charOrSet",
                  },
                ],
                "followUp": null,
                "functionName": "fiber0002",
                "lastAtomReturns": false,
                "meta": Object {
                  "firstCharRange": Object {
                    "chars": Array [
                      97,
                    ],
                    "negate": false,
                  },
                  "groups": Array [],
                },
              },
              Object {
                "atoms": Array [
                  Object {
                    "data": Object {
                      "negate": false,
                      "tree": Object {
                        "comparison": Object {
                          "comparisonValue": 98,
                          "type": "equal",
                        },
                        "type": "lastComparison",
                      },
                      "unicode": false,
                    },
                    "posLine1": "b|f/",
                    "posLine2": "^",
                    "type": "charOrSet",
                  },
                ],
                "followUp": null,
                "functionName": "fiber0003",
                "lastAtomReturns": false,
                "meta": Object {
                  "firstCharRange": Object {
                    "chars": Array [
                      98,
                    ],
                    "negate": false,
                  },
                  "groups": Array [],
                },
              },
              Object {
                "atoms": Array [
                  Object {
                    "data": Object {
                      "negate": false,
                      "tree": Object {
                        "comparison": Object {
                          "comparisonValue": 102,
                          "type": "equal",
                        },
                        "type": "lastComparison",
                      },
                      "unicode": false,
                    },
                    "posLine1": "f/",
                    "posLine2": "^",
                    "type": "charOrSet",
                  },
                ],
                "followUp": null,
                "functionName": "fiber0004",
                "lastAtomReturns": false,
                "meta": Object {
                  "firstCharRange": Object {
                    "chars": Array [
                      102,
                    ],
                    "negate": false,
                  },
                  "groups": Array [],
                },
              },
            ],
            "groupsToRestore": Array [],
          },
          "posLine1": "a|b|f/",
          "posLine2": "^^^^^",
          "type": "disjunction",
        },
      ],
      "followUp": null,
      "functionName": "fiber0005",
      "lastAtomReturns": true,
      "meta": Object {
        "firstCharRange": Object {
          "chars": Array [
            97,
            98,
            102,
          ],
          "negate": false,
        },
        "groups": Array [],
      },
    },
  ],
  "mainHandler": Object {
    "atoms": Array [
      Object {
        "data": Object {
          "alternatives": Array [
            Object {
              "atoms": Array [
                Object {
                  "data": Object {
                    "negate": false,
                    "tree": Object {
                      "comparison": Object {
                        "comparisonValue": 97,
                        "type": "equal",
                      },
                      "type": "lastComparison",
                    },
                    "unicode": false,
                  },
                  "posLine1": "a|b|f/",
                  "posLine2": "^",
                  "type": "charOrSet",
                },
              ],
              "followUp": null,
              "functionName": "fiber0002",
              "lastAtomReturns": false,
              "meta": Object {
                "firstCharRange": Object {
                  "chars": Array [
                    97,
                  ],
                  "negate": false,
                },
                "groups": Array [],
              },
            },
            Object {
              "atoms": Array [
                Object {
                  "data": Object {
                    "negate": false,
                    "tree": Object {
                      "comparison": Object {
                        "comparisonValue": 98,
                        "type": "equal",
                      },
                      "type": "lastComparison",
                    },
                    "unicode": false,
                  },
                  "posLine1": "b|f/",
                  "posLine2": "^",
                  "type": "charOrSet",
                },
              ],
              "followUp": null,
              "functionName": "fiber0003",
              "lastAtomReturns": false,
              "meta": Object {
                "firstCharRange": Object {
                  "chars": Array [
                    98,
                  ],
                  "negate": false,
                },
                "groups": Array [],
              },
            },
            Object {
              "atoms": Array [
                Object {
                  "data": Object {
                    "negate": false,
                    "tree": Object {
                      "comparison": Object {
                        "comparisonValue": 102,
                        "type": "equal",
                      },
                      "type": "lastComparison",
                    },
                    "unicode": false,
                  },
                  "posLine1": "f/",
                  "posLine2": "^",
                  "type": "charOrSet",
                },
              ],
              "followUp": null,
              "functionName": "fiber0004",
              "lastAtomReturns": false,
              "meta": Object {
                "firstCharRange": Object {
                  "chars": Array [
                    102,
                  ],
                  "negate": false,
                },
                "groups": Array [],
              },
            },
          ],
          "groupsToRestore": Array [],
        },
        "posLine1": "a|b|f/",
        "posLine2": "^^^^^",
        "type": "disjunction",
      },
    ],
    "followUp": null,
    "functionName": "fiber0005",
    "lastAtomReturns": true,
    "meta": Object {
      "firstCharRange": Object {
        "chars": Array [
          97,
          98,
          102,
        ],
        "negate": false,
      },
      "groups": Array [],
    },
  },
  "regexStr": "/a|b|f/",
}
`;
