// Jest Snapshot v1, https://goo.gl/fbAQLP

exports[`basic_features/groups_disjunctions_backtracking template values are as expected 1`] = `
Object {
  "fiberHandlers": Array [
    Object {
      "atoms": Array [
        Object {
          "data": Object {
            "groupReference": Object {
              "astStart": 1,
              "idx": 0,
            },
          },
          "posLine1": "([a-c]{2}|[d-f]{2})(a)/",
          "posLine2": "^^^^^^^^^^^^^^^^^^^",
          "type": "groupEndMarker",
        },
        Object {
          "data": Object {
            "groupReference": Object {
              "astStart": 20,
              "idx": 1,
            },
          },
          "posLine1": "...|[d-f]{2})(a)/",
          "posLine2": "             ^^^",
          "type": "groupStartMarker",
        },
        Object {
          "data": Object {
            "negate": false,
            "tree": Object {
              "comparison": Object {
                "comparisonValue": 97,
                "type": "equal",
              },
              "type": "lastComparison",
            },
            "unicode": false,
          },
          "posLine1": "...|[d-f]{2})(a)/",
          "posLine2": "              ^",
          "type": "charOrSet",
        },
        Object {
          "data": Object {
            "groupReference": Object {
              "astStart": 20,
              "idx": 1,
            },
          },
          "posLine1": "...|[d-f]{2})(a)/",
          "posLine2": "             ^^^",
          "type": "groupEndMarker",
        },
      ],
      "followUp": null,
      "functionName": "fiber0001",
      "hasCallback": false,
      "lastAtomReturns": false,
      "meta": Object {
        "groups": Array [
          Object {
            "astStart": 1,
            "idx": 0,
          },
          Object {
            "astStart": 20,
            "idx": 1,
          },
        ],
      },
    },
    Object {
      "atoms": Array [],
      "followUp": Object {
        "atoms": Array [
          Object {
            "data": Object {
              "groupReference": Object {
                "astStart": 1,
                "idx": 0,
              },
            },
            "posLine1": "([a-c]{2}|[d-f]{2})(a)/",
            "posLine2": "^^^^^^^^^^^^^^^^^^^",
            "type": "groupEndMarker",
          },
          Object {
            "data": Object {
              "groupReference": Object {
                "astStart": 20,
                "idx": 1,
              },
            },
            "posLine1": "...|[d-f]{2})(a)/",
            "posLine2": "             ^^^",
            "type": "groupStartMarker",
          },
          Object {
            "data": Object {
              "negate": false,
              "tree": Object {
                "comparison": Object {
                  "comparisonValue": 97,
                  "type": "equal",
                },
                "type": "lastComparison",
              },
              "unicode": false,
            },
            "posLine1": "...|[d-f]{2})(a)/",
            "posLine2": "              ^",
            "type": "charOrSet",
          },
          Object {
            "data": Object {
              "groupReference": Object {
                "astStart": 20,
                "idx": 1,
              },
            },
            "posLine1": "...|[d-f]{2})(a)/",
            "posLine2": "             ^^^",
            "type": "groupEndMarker",
          },
        ],
        "followUp": null,
        "functionName": "fiber0001",
        "hasCallback": false,
        "lastAtomReturns": false,
        "meta": Object {
          "groups": Array [
            Object {
              "astStart": 1,
              "idx": 0,
            },
            Object {
              "astStart": 20,
              "idx": 1,
            },
          ],
        },
      },
      "functionName": "fiber0002",
      "hasCallback": false,
      "lastAtomReturns": false,
      "meta": Object {
        "groups": Array [
          Object {
            "astStart": 1,
            "idx": 0,
          },
          Object {
            "astStart": 20,
            "idx": 1,
          },
        ],
      },
    },
    Object {
      "atoms": Array [
        Object {
          "data": Object {
            "negate": false,
            "tree": Object {
              "comparison": Object {
                "comparisonValue": 99,
                "type": "lessOrEqual",
              },
              "comparisonTrue": Object {
                "comparison": Object {
                  "comparisonValue": 97,
                  "type": "moreOrEqual",
                },
                "type": "lastComparison",
              },
              "type": "comparison",
            },
            "unicode": false,
          },
          "posLine1": "[a-c]{2}|[d-f]{...",
          "posLine2": "^^^^^",
          "type": "charOrSet",
        },
      ],
      "followUp": Object {
        "followUp": Object {
          "atoms": Array [],
          "followUp": Object {
            "atoms": Array [
              Object {
                "data": Object {
                  "groupReference": Object {
                    "astStart": 1,
                    "idx": 0,
                  },
                },
                "posLine1": "([a-c]{2}|[d-f]{2})(a)/",
                "posLine2": "^^^^^^^^^^^^^^^^^^^",
                "type": "groupEndMarker",
              },
              Object {
                "data": Object {
                  "groupReference": Object {
                    "astStart": 20,
                    "idx": 1,
                  },
                },
                "posLine1": "...|[d-f]{2})(a)/",
                "posLine2": "             ^^^",
                "type": "groupStartMarker",
              },
              Object {
                "data": Object {
                  "negate": false,
                  "tree": Object {
                    "comparison": Object {
                      "comparisonValue": 97,
                      "type": "equal",
                    },
                    "type": "lastComparison",
                  },
                  "unicode": false,
                },
                "posLine1": "...|[d-f]{2})(a)/",
                "posLine2": "              ^",
                "type": "charOrSet",
              },
              Object {
                "data": Object {
                  "groupReference": Object {
                    "astStart": 20,
                    "idx": 1,
                  },
                },
                "posLine1": "...|[d-f]{2})(a)/",
                "posLine2": "             ^^^",
                "type": "groupEndMarker",
              },
            ],
            "followUp": null,
            "functionName": "fiber0001",
            "hasCallback": false,
            "lastAtomReturns": false,
            "meta": Object {
              "groups": Array [
                Object {
                  "astStart": 1,
                  "idx": 0,
                },
                Object {
                  "astStart": 20,
                  "idx": 1,
                },
              ],
            },
          },
          "functionName": "fiber0002",
          "hasCallback": false,
          "lastAtomReturns": false,
          "meta": Object {
            "groups": Array [
              Object {
                "astStart": 1,
                "idx": 0,
              },
              Object {
                "astStart": 20,
                "idx": 1,
              },
            ],
          },
        },
        "functionName": "greedyQuantifier0004",
        "hasCallback": false,
        "maxCount": 2,
        "maxOrMinCount": true,
        "meta": Object {
          "groups": Array [],
        },
        "minCount": 2,
        "posLine1": "[a-c]{2}|[d-f]{2})...",
        "posLine2": "^^^^^^^^",
        "wrappedHandler": "[Circular]",
      },
      "functionName": "fiber0003",
      "hasCallback": false,
      "lastAtomReturns": false,
      "meta": Object {
        "groups": Array [],
      },
    },
    Object {
      "atoms": Array [
        Object {
          "data": Object {
            "functionName": "greedyQuantifier0004",
            "maxOrMinCount": true,
          },
          "posLine1": "[a-c]{2}|[d-f]{2})...",
          "posLine2": "^^^^^^^^",
          "type": "greedyQuantifierStarter",
        },
      ],
      "followUp": null,
      "functionName": "fiber0005",
      "hasCallback": false,
      "lastAtomReturns": true,
      "meta": Object {
        "groups": Array [],
      },
    },
    Object {
      "atoms": Array [],
      "followUp": Object {
        "atoms": Array [
          Object {
            "data": Object {
              "groupReference": Object {
                "astStart": 1,
                "idx": 0,
              },
            },
            "posLine1": "([a-c]{2}|[d-f]{2})(a)/",
            "posLine2": "^^^^^^^^^^^^^^^^^^^",
            "type": "groupEndMarker",
          },
          Object {
            "data": Object {
              "groupReference": Object {
                "astStart": 20,
                "idx": 1,
              },
            },
            "posLine1": "...|[d-f]{2})(a)/",
            "posLine2": "             ^^^",
            "type": "groupStartMarker",
          },
          Object {
            "data": Object {
              "negate": false,
              "tree": Object {
                "comparison": Object {
                  "comparisonValue": 97,
                  "type": "equal",
                },
                "type": "lastComparison",
              },
              "unicode": false,
            },
            "posLine1": "...|[d-f]{2})(a)/",
            "posLine2": "              ^",
            "type": "charOrSet",
          },
          Object {
            "data": Object {
              "groupReference": Object {
                "astStart": 20,
                "idx": 1,
              },
            },
            "posLine1": "...|[d-f]{2})(a)/",
            "posLine2": "             ^^^",
            "type": "groupEndMarker",
          },
        ],
        "followUp": null,
        "functionName": "fiber0001",
        "hasCallback": false,
        "lastAtomReturns": false,
        "meta": Object {
          "groups": Array [
            Object {
              "astStart": 1,
              "idx": 0,
            },
            Object {
              "astStart": 20,
              "idx": 1,
            },
          ],
        },
      },
      "functionName": "fiber0006",
      "hasCallback": false,
      "lastAtomReturns": false,
      "meta": Object {
        "groups": Array [
          Object {
            "astStart": 1,
            "idx": 0,
          },
          Object {
            "astStart": 20,
            "idx": 1,
          },
        ],
      },
    },
    Object {
      "atoms": Array [
        Object {
          "data": Object {
            "negate": false,
            "tree": Object {
              "comparison": Object {
                "comparisonValue": 102,
                "type": "lessOrEqual",
              },
              "comparisonTrue": Object {
                "comparison": Object {
                  "comparisonValue": 100,
                  "type": "moreOrEqual",
                },
                "type": "lastComparison",
              },
              "type": "comparison",
            },
            "unicode": false,
          },
          "posLine1": "...|[d-f]{2})(a)/",
          "posLine2": "    ^^^^^",
          "type": "charOrSet",
        },
      ],
      "followUp": Object {
        "followUp": Object {
          "atoms": Array [],
          "followUp": Object {
            "atoms": Array [
              Object {
                "data": Object {
                  "groupReference": Object {
                    "astStart": 1,
                    "idx": 0,
                  },
                },
                "posLine1": "([a-c]{2}|[d-f]{2})(a)/",
                "posLine2": "^^^^^^^^^^^^^^^^^^^",
                "type": "groupEndMarker",
              },
              Object {
                "data": Object {
                  "groupReference": Object {
                    "astStart": 20,
                    "idx": 1,
                  },
                },
                "posLine1": "...|[d-f]{2})(a)/",
                "posLine2": "             ^^^",
                "type": "groupStartMarker",
              },
              Object {
                "data": Object {
                  "negate": false,
                  "tree": Object {
                    "comparison": Object {
                      "comparisonValue": 97,
                      "type": "equal",
                    },
                    "type": "lastComparison",
                  },
                  "unicode": false,
                },
                "posLine1": "...|[d-f]{2})(a)/",
                "posLine2": "              ^",
                "type": "charOrSet",
              },
              Object {
                "data": Object {
                  "groupReference": Object {
                    "astStart": 20,
                    "idx": 1,
                  },
                },
                "posLine1": "...|[d-f]{2})(a)/",
                "posLine2": "             ^^^",
                "type": "groupEndMarker",
              },
            ],
            "followUp": null,
            "functionName": "fiber0001",
            "hasCallback": false,
            "lastAtomReturns": false,
            "meta": Object {
              "groups": Array [
                Object {
                  "astStart": 1,
                  "idx": 0,
                },
                Object {
                  "astStart": 20,
                  "idx": 1,
                },
              ],
            },
          },
          "functionName": "fiber0006",
          "hasCallback": false,
          "lastAtomReturns": false,
          "meta": Object {
            "groups": Array [
              Object {
                "astStart": 1,
                "idx": 0,
              },
              Object {
                "astStart": 20,
                "idx": 1,
              },
            ],
          },
        },
        "functionName": "greedyQuantifier0008",
        "hasCallback": false,
        "maxCount": 2,
        "maxOrMinCount": true,
        "meta": Object {
          "groups": Array [],
        },
        "minCount": 2,
        "posLine1": "...|[d-f]{2})(a)/",
        "posLine2": "    ^^^^^^^^",
        "wrappedHandler": "[Circular]",
      },
      "functionName": "fiber0007",
      "hasCallback": false,
      "lastAtomReturns": false,
      "meta": Object {
        "groups": Array [],
      },
    },
    Object {
      "atoms": Array [
        Object {
          "data": Object {
            "functionName": "greedyQuantifier0008",
            "maxOrMinCount": true,
          },
          "posLine1": "...|[d-f]{2})(a)/",
          "posLine2": "    ^^^^^^^^",
          "type": "greedyQuantifierStarter",
        },
      ],
      "followUp": null,
      "functionName": "fiber0009",
      "hasCallback": false,
      "lastAtomReturns": true,
      "meta": Object {
        "groups": Array [],
      },
    },
    Object {
      "atoms": Array [
        Object {
          "data": Object {
            "groupReference": Object {
              "astStart": 1,
              "idx": 0,
            },
          },
          "posLine1": "([a-c]{2}|[d-f]{2})(a)/",
          "posLine2": "^^^^^^^^^^^^^^^^^^^",
          "type": "groupStartMarker",
        },
        Object {
          "data": Object {
            "alternatives": Array [
              Object {
                "atoms": Array [
                  Object {
                    "data": Object {
                      "functionName": "greedyQuantifier0004",
                      "maxOrMinCount": true,
                    },
                    "posLine1": "[a-c]{2}|[d-f]{2})...",
                    "posLine2": "^^^^^^^^",
                    "type": "greedyQuantifierStarter",
                  },
                ],
                "followUp": null,
                "functionName": "fiber0005",
                "hasCallback": false,
                "lastAtomReturns": true,
                "meta": Object {
                  "groups": Array [],
                },
              },
              Object {
                "atoms": Array [
                  Object {
                    "data": Object {
                      "functionName": "greedyQuantifier0008",
                      "maxOrMinCount": true,
                    },
                    "posLine1": "...|[d-f]{2})(a)/",
                    "posLine2": "    ^^^^^^^^",
                    "type": "greedyQuantifierStarter",
                  },
                ],
                "followUp": null,
                "functionName": "fiber0009",
                "hasCallback": false,
                "lastAtomReturns": true,
                "meta": Object {
                  "groups": Array [],
                },
              },
            ],
            "groupsToRestore": Array [],
          },
          "posLine1": "([a-c]{2}|[d-f]{2})(a)/",
          "posLine2": "^^^^^^^^^^^^^^^^^^^",
          "type": "disjunction",
        },
      ],
      "followUp": null,
      "functionName": "fiber0010",
      "hasCallback": false,
      "lastAtomReturns": true,
      "meta": Object {
        "groups": Array [],
      },
    },
  ],
  "greedyQuantifierHandlers": Array [
    Object {
      "followUp": Object {
        "atoms": Array [],
        "followUp": Object {
          "atoms": Array [
            Object {
              "data": Object {
                "groupReference": Object {
                  "astStart": 1,
                  "idx": 0,
                },
              },
              "posLine1": "([a-c]{2}|[d-f]{2})(a)/",
              "posLine2": "^^^^^^^^^^^^^^^^^^^",
              "type": "groupEndMarker",
            },
            Object {
              "data": Object {
                "groupReference": Object {
                  "astStart": 20,
                  "idx": 1,
                },
              },
              "posLine1": "...|[d-f]{2})(a)/",
              "posLine2": "             ^^^",
              "type": "groupStartMarker",
            },
            Object {
              "data": Object {
                "negate": false,
                "tree": Object {
                  "comparison": Object {
                    "comparisonValue": 97,
                    "type": "equal",
                  },
                  "type": "lastComparison",
                },
                "unicode": false,
              },
              "posLine1": "...|[d-f]{2})(a)/",
              "posLine2": "              ^",
              "type": "charOrSet",
            },
            Object {
              "data": Object {
                "groupReference": Object {
                  "astStart": 20,
                  "idx": 1,
                },
              },
              "posLine1": "...|[d-f]{2})(a)/",
              "posLine2": "             ^^^",
              "type": "groupEndMarker",
            },
          ],
          "followUp": null,
          "functionName": "fiber0001",
          "hasCallback": false,
          "lastAtomReturns": false,
          "meta": Object {
            "groups": Array [
              Object {
                "astStart": 1,
                "idx": 0,
              },
              Object {
                "astStart": 20,
                "idx": 1,
              },
            ],
          },
        },
        "functionName": "fiber0002",
        "hasCallback": false,
        "lastAtomReturns": false,
        "meta": Object {
          "groups": Array [
            Object {
              "astStart": 1,
              "idx": 0,
            },
            Object {
              "astStart": 20,
              "idx": 1,
            },
          ],
        },
      },
      "functionName": "greedyQuantifier0004",
      "hasCallback": false,
      "maxCount": 2,
      "maxOrMinCount": true,
      "meta": Object {
        "groups": Array [],
      },
      "minCount": 2,
      "posLine1": "[a-c]{2}|[d-f]{2})...",
      "posLine2": "^^^^^^^^",
      "wrappedHandler": "[Circular]",
    },
    Object {
      "followUp": Object {
        "atoms": Array [],
        "followUp": Object {
          "atoms": Array [
            Object {
              "data": Object {
                "groupReference": Object {
                  "astStart": 1,
                  "idx": 0,
                },
              },
              "posLine1": "([a-c]{2}|[d-f]{2})(a)/",
              "posLine2": "^^^^^^^^^^^^^^^^^^^",
              "type": "groupEndMarker",
            },
            Object {
              "data": Object {
                "groupReference": Object {
                  "astStart": 20,
                  "idx": 1,
                },
              },
              "posLine1": "...|[d-f]{2})(a)/",
              "posLine2": "             ^^^",
              "type": "groupStartMarker",
            },
            Object {
              "data": Object {
                "negate": false,
                "tree": Object {
                  "comparison": Object {
                    "comparisonValue": 97,
                    "type": "equal",
                  },
                  "type": "lastComparison",
                },
                "unicode": false,
              },
              "posLine1": "...|[d-f]{2})(a)/",
              "posLine2": "              ^",
              "type": "charOrSet",
            },
            Object {
              "data": Object {
                "groupReference": Object {
                  "astStart": 20,
                  "idx": 1,
                },
              },
              "posLine1": "...|[d-f]{2})(a)/",
              "posLine2": "             ^^^",
              "type": "groupEndMarker",
            },
          ],
          "followUp": null,
          "functionName": "fiber0001",
          "hasCallback": false,
          "lastAtomReturns": false,
          "meta": Object {
            "groups": Array [
              Object {
                "astStart": 1,
                "idx": 0,
              },
              Object {
                "astStart": 20,
                "idx": 1,
              },
            ],
          },
        },
        "functionName": "fiber0006",
        "hasCallback": false,
        "lastAtomReturns": false,
        "meta": Object {
          "groups": Array [
            Object {
              "astStart": 1,
              "idx": 0,
            },
            Object {
              "astStart": 20,
              "idx": 1,
            },
          ],
        },
      },
      "functionName": "greedyQuantifier0008",
      "hasCallback": false,
      "maxCount": 2,
      "maxOrMinCount": true,
      "meta": Object {
        "groups": Array [],
      },
      "minCount": 2,
      "posLine1": "...|[d-f]{2})(a)/",
      "posLine2": "    ^^^^^^^^",
      "wrappedHandler": "[Circular]",
    },
  ],
  "groups": Array [
    Object {
      "astStart": 1,
      "idx": 0,
    },
    Object {
      "astStart": 20,
      "idx": 1,
    },
  ],
  "mainHandler": Object {
    "atoms": Array [
      Object {
        "data": Object {
          "groupReference": Object {
            "astStart": 1,
            "idx": 0,
          },
        },
        "posLine1": "([a-c]{2}|[d-f]{2})(a)/",
        "posLine2": "^^^^^^^^^^^^^^^^^^^",
        "type": "groupStartMarker",
      },
      Object {
        "data": Object {
          "alternatives": Array [
            Object {
              "atoms": Array [
                Object {
                  "data": Object {
                    "functionName": "greedyQuantifier0004",
                    "maxOrMinCount": true,
                  },
                  "posLine1": "[a-c]{2}|[d-f]{2})...",
                  "posLine2": "^^^^^^^^",
                  "type": "greedyQuantifierStarter",
                },
              ],
              "followUp": null,
              "functionName": "fiber0005",
              "hasCallback": false,
              "lastAtomReturns": true,
              "meta": Object {
                "groups": Array [],
              },
            },
            Object {
              "atoms": Array [
                Object {
                  "data": Object {
                    "functionName": "greedyQuantifier0008",
                    "maxOrMinCount": true,
                  },
                  "posLine1": "...|[d-f]{2})(a)/",
                  "posLine2": "    ^^^^^^^^",
                  "type": "greedyQuantifierStarter",
                },
              ],
              "followUp": null,
              "functionName": "fiber0009",
              "hasCallback": false,
              "lastAtomReturns": true,
              "meta": Object {
                "groups": Array [],
              },
            },
          ],
          "groupsToRestore": Array [],
        },
        "posLine1": "([a-c]{2}|[d-f]{2})(a)/",
        "posLine2": "^^^^^^^^^^^^^^^^^^^",
        "type": "disjunction",
      },
    ],
    "followUp": null,
    "functionName": "fiber0010",
    "hasCallback": false,
    "lastAtomReturns": true,
    "meta": Object {
      "groups": Array [],
    },
  },
  "regexStr": "/([a-c]{2}|[d-f]{2})(a)/",
}
`;
