// Jest Snapshot v1, https://goo.gl/fbAQLP

exports[`basic_features/char_backtracking_greedy_quantifier_min_and_max template values are as expected 1`] = `
Object {
  "fiberHandlers": Array [
    Object {
      "atoms": Array [],
      "followUp": null,
      "functionName": "fiber0001",
      "hasCallback": false,
      "lastAtomReturns": false,
      "meta": Object {
        "groups": Array [],
      },
    },
    Object {
      "atoms": Array [
        Object {
          "data": Object {
            "groupReference": Object {
              "astStart": 1,
              "idx": 0,
            },
          },
          "posLine1": "(aa?){3}/",
          "posLine2": "^^^^^",
          "type": "groupEndMarker",
        },
      ],
      "followUp": Object {
        "functionName": "callback",
      },
      "functionName": "fiber0002",
      "hasCallback": true,
      "lastAtomReturns": false,
      "meta": Object {
        "groups": Array [
          Object {
            "astStart": 1,
            "idx": 0,
          },
        ],
      },
    },
    Object {
      "atoms": Array [
        Object {
          "data": Object {
            "negate": false,
            "tree": Object {
              "comparison": Object {
                "comparisonValue": 97,
                "type": "equal",
              },
              "type": "lastComparison",
            },
          },
          "posLine1": "a?){3}/",
          "posLine2": "^",
          "type": "charOrSet",
        },
      ],
      "followUp": Object {
        "functionName": "callback",
      },
      "functionName": "fiber0003",
      "hasCallback": true,
      "lastAtomReturns": false,
      "meta": Object {
        "groups": Array [],
      },
    },
    Object {
      "atoms": Array [
        Object {
          "data": Object {
            "groupReference": Object {
              "astStart": 1,
              "idx": 0,
            },
          },
          "posLine1": "(aa?){3}/",
          "posLine2": "^^^^^",
          "type": "groupStartMarker",
        },
        Object {
          "data": Object {
            "negate": false,
            "tree": Object {
              "comparison": Object {
                "comparisonValue": 97,
                "type": "equal",
              },
              "type": "lastComparison",
            },
          },
          "posLine1": "aa?){3}/",
          "posLine2": "^",
          "type": "charOrSet",
        },
        Object {
          "data": Object {
            "followUp": Object {
              "atoms": Array [
                Object {
                  "data": Object {
                    "groupReference": Object {
                      "astStart": 1,
                      "idx": 0,
                    },
                  },
                  "posLine1": "(aa?){3}/",
                  "posLine2": "^^^^^",
                  "type": "groupEndMarker",
                },
              ],
              "followUp": Object {
                "functionName": "callback",
              },
              "functionName": "fiber0002",
              "hasCallback": true,
              "lastAtomReturns": false,
              "meta": Object {
                "groups": Array [
                  Object {
                    "astStart": 1,
                    "idx": 0,
                  },
                ],
              },
            },
            "maxCount": 1,
            "maxOrMinCount": true,
            "wrappedHandler": Object {
              "atoms": Array [
                Object {
                  "data": Object {
                    "negate": false,
                    "tree": Object {
                      "comparison": Object {
                        "comparisonValue": 97,
                        "type": "equal",
                      },
                      "type": "lastComparison",
                    },
                  },
                  "posLine1": "a?){3}/",
                  "posLine2": "^",
                  "type": "charOrSet",
                },
              ],
              "followUp": Object {
                "functionName": "callback",
              },
              "functionName": "fiber0003",
              "hasCallback": true,
              "lastAtomReturns": false,
              "meta": Object {
                "groups": Array [],
              },
            },
          },
          "posLine1": "a?){3}/",
          "posLine2": "^^",
          "type": "greedyQuantifier",
        },
      ],
      "followUp": null,
      "functionName": "fiber0004",
      "hasCallback": true,
      "lastAtomReturns": true,
      "meta": Object {
        "groups": Array [
          Object {
            "astStart": 1,
            "idx": 0,
          },
        ],
      },
    },
    Object {
      "atoms": Array [
        Object {
          "data": Object {
            "followUp": Object {
              "atoms": Array [],
              "followUp": null,
              "functionName": "fiber0001",
              "hasCallback": false,
              "lastAtomReturns": false,
              "meta": Object {
                "groups": Array [],
              },
            },
            "maxCount": 3,
            "maxOrMinCount": true,
            "minCount": 3,
            "wrappedHandler": Object {
              "atoms": Array [
                Object {
                  "data": Object {
                    "groupReference": Object {
                      "astStart": 1,
                      "idx": 0,
                    },
                  },
                  "posLine1": "(aa?){3}/",
                  "posLine2": "^^^^^",
                  "type": "groupStartMarker",
                },
                Object {
                  "data": Object {
                    "negate": false,
                    "tree": Object {
                      "comparison": Object {
                        "comparisonValue": 97,
                        "type": "equal",
                      },
                      "type": "lastComparison",
                    },
                  },
                  "posLine1": "aa?){3}/",
                  "posLine2": "^",
                  "type": "charOrSet",
                },
                Object {
                  "data": Object {
                    "followUp": Object {
                      "atoms": Array [
                        Object {
                          "data": Object {
                            "groupReference": Object {
                              "astStart": 1,
                              "idx": 0,
                            },
                          },
                          "posLine1": "(aa?){3}/",
                          "posLine2": "^^^^^",
                          "type": "groupEndMarker",
                        },
                      ],
                      "followUp": Object {
                        "functionName": "callback",
                      },
                      "functionName": "fiber0002",
                      "hasCallback": true,
                      "lastAtomReturns": false,
                      "meta": Object {
                        "groups": Array [
                          Object {
                            "astStart": 1,
                            "idx": 0,
                          },
                        ],
                      },
                    },
                    "maxCount": 1,
                    "maxOrMinCount": true,
                    "wrappedHandler": Object {
                      "atoms": Array [
                        Object {
                          "data": Object {
                            "negate": false,
                            "tree": Object {
                              "comparison": Object {
                                "comparisonValue": 97,
                                "type": "equal",
                              },
                              "type": "lastComparison",
                            },
                          },
                          "posLine1": "a?){3}/",
                          "posLine2": "^",
                          "type": "charOrSet",
                        },
                      ],
                      "followUp": Object {
                        "functionName": "callback",
                      },
                      "functionName": "fiber0003",
                      "hasCallback": true,
                      "lastAtomReturns": false,
                      "meta": Object {
                        "groups": Array [],
                      },
                    },
                  },
                  "posLine1": "a?){3}/",
                  "posLine2": "^^",
                  "type": "greedyQuantifier",
                },
              ],
              "followUp": null,
              "functionName": "fiber0004",
              "hasCallback": true,
              "lastAtomReturns": true,
              "meta": Object {
                "groups": Array [
                  Object {
                    "astStart": 1,
                    "idx": 0,
                  },
                ],
              },
            },
          },
          "posLine1": "(aa?){3}/",
          "posLine2": "^^^^^^^^",
          "type": "greedyQuantifier",
        },
      ],
      "followUp": null,
      "functionName": "fiber0005",
      "hasCallback": false,
      "lastAtomReturns": true,
      "meta": Object {
        "groups": Array [
          Object {
            "astStart": 1,
            "idx": 0,
          },
        ],
      },
    },
  ],
  "groups": Array [
    Object {
      "astStart": 1,
      "idx": 0,
    },
  ],
  "mainHandler": Object {
    "atoms": Array [
      Object {
        "data": Object {
          "followUp": Object {
            "atoms": Array [],
            "followUp": null,
            "functionName": "fiber0001",
            "hasCallback": false,
            "lastAtomReturns": false,
            "meta": Object {
              "groups": Array [],
            },
          },
          "maxCount": 3,
          "maxOrMinCount": true,
          "minCount": 3,
          "wrappedHandler": Object {
            "atoms": Array [
              Object {
                "data": Object {
                  "groupReference": Object {
                    "astStart": 1,
                    "idx": 0,
                  },
                },
                "posLine1": "(aa?){3}/",
                "posLine2": "^^^^^",
                "type": "groupStartMarker",
              },
              Object {
                "data": Object {
                  "negate": false,
                  "tree": Object {
                    "comparison": Object {
                      "comparisonValue": 97,
                      "type": "equal",
                    },
                    "type": "lastComparison",
                  },
                },
                "posLine1": "aa?){3}/",
                "posLine2": "^",
                "type": "charOrSet",
              },
              Object {
                "data": Object {
                  "followUp": Object {
                    "atoms": Array [
                      Object {
                        "data": Object {
                          "groupReference": Object {
                            "astStart": 1,
                            "idx": 0,
                          },
                        },
                        "posLine1": "(aa?){3}/",
                        "posLine2": "^^^^^",
                        "type": "groupEndMarker",
                      },
                    ],
                    "followUp": Object {
                      "functionName": "callback",
                    },
                    "functionName": "fiber0002",
                    "hasCallback": true,
                    "lastAtomReturns": false,
                    "meta": Object {
                      "groups": Array [
                        Object {
                          "astStart": 1,
                          "idx": 0,
                        },
                      ],
                    },
                  },
                  "maxCount": 1,
                  "maxOrMinCount": true,
                  "wrappedHandler": Object {
                    "atoms": Array [
                      Object {
                        "data": Object {
                          "negate": false,
                          "tree": Object {
                            "comparison": Object {
                              "comparisonValue": 97,
                              "type": "equal",
                            },
                            "type": "lastComparison",
                          },
                        },
                        "posLine1": "a?){3}/",
                        "posLine2": "^",
                        "type": "charOrSet",
                      },
                    ],
                    "followUp": Object {
                      "functionName": "callback",
                    },
                    "functionName": "fiber0003",
                    "hasCallback": true,
                    "lastAtomReturns": false,
                    "meta": Object {
                      "groups": Array [],
                    },
                  },
                },
                "posLine1": "a?){3}/",
                "posLine2": "^^",
                "type": "greedyQuantifier",
              },
            ],
            "followUp": null,
            "functionName": "fiber0004",
            "hasCallback": true,
            "lastAtomReturns": true,
            "meta": Object {
              "groups": Array [
                Object {
                  "astStart": 1,
                  "idx": 0,
                },
              ],
            },
          },
        },
        "posLine1": "(aa?){3}/",
        "posLine2": "^^^^^^^^",
        "type": "greedyQuantifier",
      },
    ],
    "followUp": null,
    "functionName": "fiber0005",
    "hasCallback": false,
    "lastAtomReturns": true,
    "meta": Object {
      "groups": Array [
        Object {
          "astStart": 1,
          "idx": 0,
        },
      ],
    },
  },
  "regexStr": "/(aa?){3}/",
}
`;
