// Jest Snapshot v1, https://goo.gl/fbAQLP

exports[`basic_features/char_quantifier template values are as expected 1`] = `
Object {
  "fiberHandlers": Array [
    Object {
      "atoms": Array [
        Object {
          "data": Object {
            "maxOrMinCount": false,
            "wrappedHandler": Object {
              "atoms": Array [
                Object {
                  "data": Object {
                    "negate": false,
                    "tree": Object {
                      "comparison": Object {
                        "comparisonValue": 97,
                        "type": "equal",
                      },
                      "type": "lastComparison",
                    },
                    "unicode": false,
                  },
                  "posLine1": "/a*B+c?/",
                  "posLine2": " ^",
                  "type": "charOrSet",
                },
              ],
              "followUp": null,
              "functionName": "fiber0004",
              "lastAtomReturns": false,
              "meta": Object {
                "firstCharRange": Object {
                  "chars": Array [
                    97,
                  ],
                  "negate": false,
                },
                "groups": Array [],
              },
            },
          },
          "posLine1": "/a*B+c?/",
          "posLine2": " ^^",
          "type": "nonBacktrackingQuantifier",
        },
        Object {
          "data": Object {
            "maxOrMinCount": true,
            "minCount": 1,
            "wrappedHandler": Object {
              "atoms": Array [
                Object {
                  "data": Object {
                    "negate": false,
                    "tree": Object {
                      "comparison": Object {
                        "comparisonValue": 66,
                        "type": "equal",
                      },
                      "type": "lastComparison",
                    },
                    "unicode": false,
                  },
                  "posLine1": "/a*B+c?/",
                  "posLine2": "   ^",
                  "type": "charOrSet",
                },
              ],
              "followUp": null,
              "functionName": "fiber0003",
              "lastAtomReturns": false,
              "meta": Object {
                "firstCharRange": Object {
                  "chars": Array [
                    66,
                  ],
                  "negate": false,
                },
                "groups": Array [],
              },
            },
          },
          "posLine1": "/a*B+c?/",
          "posLine2": "   ^^",
          "type": "nonBacktrackingQuantifier",
        },
        Object {
          "data": Object {
            "maxCount": 1,
            "maxOrMinCount": true,
            "wrappedHandler": Object {
              "atoms": Array [
                Object {
                  "data": Object {
                    "negate": false,
                    "tree": Object {
                      "comparison": Object {
                        "comparisonValue": 99,
                        "type": "equal",
                      },
                      "type": "lastComparison",
                    },
                    "unicode": false,
                  },
                  "posLine1": "/a*B+c?/",
                  "posLine2": "     ^",
                  "type": "charOrSet",
                },
              ],
              "followUp": null,
              "functionName": "fiber0002",
              "lastAtomReturns": false,
              "meta": Object {
                "firstCharRange": Object {
                  "chars": Array [
                    99,
                  ],
                  "negate": false,
                },
                "groups": Array [],
              },
            },
          },
          "posLine1": "/a*B+c?/",
          "posLine2": "     ^^",
          "type": "nonBacktrackingQuantifier",
        },
      ],
      "followUp": null,
      "functionName": "fiber0001",
      "lastAtomReturns": false,
      "meta": Object {
        "firstCharRange": Object {
          "chars": Array [
            66,
            97,
          ],
          "negate": false,
        },
        "groups": Array [],
      },
    },
    Object {
      "atoms": Array [
        Object {
          "data": Object {
            "negate": false,
            "tree": Object {
              "comparison": Object {
                "comparisonValue": 99,
                "type": "equal",
              },
              "type": "lastComparison",
            },
            "unicode": false,
          },
          "posLine1": "/a*B+c?/",
          "posLine2": "     ^",
          "type": "charOrSet",
        },
      ],
      "followUp": null,
      "functionName": "fiber0002",
      "lastAtomReturns": false,
      "meta": Object {
        "firstCharRange": Object {
          "chars": Array [
            99,
          ],
          "negate": false,
        },
        "groups": Array [],
      },
    },
    Object {
      "atoms": Array [
        Object {
          "data": Object {
            "negate": false,
            "tree": Object {
              "comparison": Object {
                "comparisonValue": 66,
                "type": "equal",
              },
              "type": "lastComparison",
            },
            "unicode": false,
          },
          "posLine1": "/a*B+c?/",
          "posLine2": "   ^",
          "type": "charOrSet",
        },
      ],
      "followUp": null,
      "functionName": "fiber0003",
      "lastAtomReturns": false,
      "meta": Object {
        "firstCharRange": Object {
          "chars": Array [
            66,
          ],
          "negate": false,
        },
        "groups": Array [],
      },
    },
    Object {
      "atoms": Array [
        Object {
          "data": Object {
            "negate": false,
            "tree": Object {
              "comparison": Object {
                "comparisonValue": 97,
                "type": "equal",
              },
              "type": "lastComparison",
            },
            "unicode": false,
          },
          "posLine1": "/a*B+c?/",
          "posLine2": " ^",
          "type": "charOrSet",
        },
      ],
      "followUp": null,
      "functionName": "fiber0004",
      "lastAtomReturns": false,
      "meta": Object {
        "firstCharRange": Object {
          "chars": Array [
            97,
          ],
          "negate": false,
        },
        "groups": Array [],
      },
    },
  ],
  "greedyQuantifierHandlers": Array [],
  "groups": Array [],
  "lazyQuantifierHandlers": Array [],
  "mainHandler": Object {
    "atoms": Array [
      Object {
        "data": Object {
          "maxOrMinCount": false,
          "wrappedHandler": Object {
            "atoms": Array [
              Object {
                "data": Object {
                  "negate": false,
                  "tree": Object {
                    "comparison": Object {
                      "comparisonValue": 97,
                      "type": "equal",
                    },
                    "type": "lastComparison",
                  },
                  "unicode": false,
                },
                "posLine1": "/a*B+c?/",
                "posLine2": " ^",
                "type": "charOrSet",
              },
            ],
            "followUp": null,
            "functionName": "fiber0004",
            "lastAtomReturns": false,
            "meta": Object {
              "firstCharRange": Object {
                "chars": Array [
                  97,
                ],
                "negate": false,
              },
              "groups": Array [],
            },
          },
        },
        "posLine1": "/a*B+c?/",
        "posLine2": " ^^",
        "type": "nonBacktrackingQuantifier",
      },
      Object {
        "data": Object {
          "maxOrMinCount": true,
          "minCount": 1,
          "wrappedHandler": Object {
            "atoms": Array [
              Object {
                "data": Object {
                  "negate": false,
                  "tree": Object {
                    "comparison": Object {
                      "comparisonValue": 66,
                      "type": "equal",
                    },
                    "type": "lastComparison",
                  },
                  "unicode": false,
                },
                "posLine1": "/a*B+c?/",
                "posLine2": "   ^",
                "type": "charOrSet",
              },
            ],
            "followUp": null,
            "functionName": "fiber0003",
            "lastAtomReturns": false,
            "meta": Object {
              "firstCharRange": Object {
                "chars": Array [
                  66,
                ],
                "negate": false,
              },
              "groups": Array [],
            },
          },
        },
        "posLine1": "/a*B+c?/",
        "posLine2": "   ^^",
        "type": "nonBacktrackingQuantifier",
      },
      Object {
        "data": Object {
          "maxCount": 1,
          "maxOrMinCount": true,
          "wrappedHandler": Object {
            "atoms": Array [
              Object {
                "data": Object {
                  "negate": false,
                  "tree": Object {
                    "comparison": Object {
                      "comparisonValue": 99,
                      "type": "equal",
                    },
                    "type": "lastComparison",
                  },
                  "unicode": false,
                },
                "posLine1": "/a*B+c?/",
                "posLine2": "     ^",
                "type": "charOrSet",
              },
            ],
            "followUp": null,
            "functionName": "fiber0002",
            "lastAtomReturns": false,
            "meta": Object {
              "firstCharRange": Object {
                "chars": Array [
                  99,
                ],
                "negate": false,
              },
              "groups": Array [],
            },
          },
        },
        "posLine1": "/a*B+c?/",
        "posLine2": "     ^^",
        "type": "nonBacktrackingQuantifier",
      },
    ],
    "followUp": null,
    "functionName": "fiber0001",
    "lastAtomReturns": false,
    "meta": Object {
      "firstCharRange": Object {
        "chars": Array [
          66,
          97,
        ],
        "negate": false,
      },
      "groups": Array [],
    },
  },
  "quantifierCountersLength": 0,
  "regexStr": "/a*B+c?/",
  "version": "0.2.0",
}
`;
