// Jest Snapshot v1, https://goo.gl/fbAQLP

exports[`basic_features/unicode_4byte template values are as expected 1`] = `
Object {
  "fiberHandlers": Array [
    Object {
      "atoms": Array [
        Object {
          "data": Object {
            "negate": false,
            "tree": Object {
              "comparison": Object {
                "comparisonValue": 128516,
                "type": "equal",
              },
              "type": "lastComparison",
            },
            "unicode": true,
          },
          "posLine1": "/\\\\u{1f604}/u",
          "posLine2": " ^^^^^^^^^",
          "type": "charOrSet",
        },
      ],
      "followUp": null,
      "functionName": "fiber0001",
      "lastAtomReturns": false,
      "meta": Object {
        "firstCharRange": Object {
          "chars": Array [
            128516,
          ],
          "negate": false,
        },
        "groups": Array [],
        "maxCharLength": 1,
        "minCharLength": 1,
      },
    },
  ],
  "greedyQuantifierHandlers": Array [],
  "groups": Array [],
  "lazyQuantifierHandlers": Array [],
  "mainHandler": Object {
    "atoms": Array [
      Object {
        "data": Object {
          "negate": false,
          "tree": Object {
            "comparison": Object {
              "comparisonValue": 128516,
              "type": "equal",
            },
            "type": "lastComparison",
          },
          "unicode": true,
        },
        "posLine1": "/\\\\u{1f604}/u",
        "posLine2": " ^^^^^^^^^",
        "type": "charOrSet",
      },
    ],
    "followUp": null,
    "functionName": "fiber0001",
    "lastAtomReturns": false,
    "meta": Object {
      "firstCharRange": Object {
        "chars": Array [
          128516,
        ],
        "negate": false,
      },
      "groups": Array [],
      "maxCharLength": 1,
      "minCharLength": 1,
    },
  },
  "quantifierCountersLength": 0,
  "regexStr": "/\\\\u{1f604}/u",
}
`;
