// Jest Snapshot v1, https://goo.gl/fbAQLP

exports[`common_regex/numbers_whole_and_decimal template values are as expected 1`] = `
Object {
  "fiberHandlers": Array [
    Object {
      "atoms": Array [
        Object {
          "data": Object {},
          "posLine1": "$/",
          "posLine2": "^",
          "type": "endAnchor",
        },
      ],
      "followUp": null,
      "functionName": "fiber0001",
      "lastAtomReturns": false,
      "meta": Object {
        "groups": Array [],
      },
    },
    Object {
      "atoms": Array [
        Object {
          "data": Object {
            "groupReference": Object {
              "astStart": 5,
              "idx": 0,
            },
          },
          "posLine1": "(\\\\.\\\\d+)?$/",
          "posLine2": "^^^^^^^",
          "type": "groupEndMarker",
        },
      ],
      "followUp": Object {
        "followUp": Object {
          "atoms": Array [
            Object {
              "data": Object {},
              "posLine1": "$/",
              "posLine2": "^",
              "type": "endAnchor",
            },
          ],
          "followUp": null,
          "functionName": "fiber0001",
          "lastAtomReturns": false,
          "meta": Object {
            "groups": Array [],
          },
        },
        "functionName": "greedyQuantifier0003",
        "maxCount": 1,
        "maxOrMinCount": true,
        "meta": Object {
          "groups": Array [
            Object {
              "astStart": 5,
              "idx": 0,
            },
          ],
        },
        "posLine1": "(\\\\.\\\\d+)?$/",
        "posLine2": "^^^^^^^^",
        "wrappedHandler": Object {
          "atoms": Array [
            Object {
              "data": Object {
                "groupReference": Object {
                  "astStart": 5,
                  "idx": 0,
                },
              },
              "posLine1": "(\\\\.\\\\d+)?$/",
              "posLine2": "^^^^^^^",
              "type": "groupStartMarker",
            },
            Object {
              "data": Object {
                "negate": false,
                "tree": Object {
                  "comparison": Object {
                    "comparisonValue": 46,
                    "type": "equal",
                  },
                  "type": "lastComparison",
                },
                "unicode": false,
              },
              "posLine1": "\\\\.\\\\d+)?$/",
              "posLine2": "^^",
              "type": "charOrSet",
            },
            Object {
              "data": Object {
                "functionName": "greedyQuantifier0005",
                "maxOrMinCount": true,
              },
              "posLine1": "\\\\d+)?$/",
              "posLine2": "^^^",
              "type": "quantifierStarter",
            },
          ],
          "followUp": null,
          "functionName": "fiber0006",
          "lastAtomReturns": true,
          "meta": Object {
            "groups": Array [
              Object {
                "astStart": 5,
                "idx": 0,
              },
            ],
          },
        },
      },
      "functionName": "fiber0002",
      "lastAtomReturns": false,
      "meta": Object {
        "groups": Array [
          Object {
            "astStart": 5,
            "idx": 0,
          },
        ],
      },
    },
    Object {
      "atoms": Array [
        Object {
          "data": Object {
            "negate": false,
            "tree": Object {
              "comparison": Object {
                "comparisonValue": 57,
                "type": "lessOrEqual",
              },
              "comparisonTrue": Object {
                "comparison": Object {
                  "comparisonValue": 48,
                  "type": "moreOrEqual",
                },
                "type": "lastComparison",
              },
              "type": "comparison",
            },
            "unicode": false,
          },
          "posLine1": "\\\\d+)?$/",
          "posLine2": "^^",
          "type": "charOrSet",
        },
      ],
      "followUp": Object {
        "followUp": Object {
          "atoms": Array [
            Object {
              "data": Object {
                "groupReference": Object {
                  "astStart": 5,
                  "idx": 0,
                },
              },
              "posLine1": "(\\\\.\\\\d+)?$/",
              "posLine2": "^^^^^^^",
              "type": "groupEndMarker",
            },
          ],
          "followUp": Object {
            "followUp": Object {
              "atoms": Array [
                Object {
                  "data": Object {},
                  "posLine1": "$/",
                  "posLine2": "^",
                  "type": "endAnchor",
                },
              ],
              "followUp": null,
              "functionName": "fiber0001",
              "lastAtomReturns": false,
              "meta": Object {
                "groups": Array [],
              },
            },
            "functionName": "greedyQuantifier0003",
            "maxCount": 1,
            "maxOrMinCount": true,
            "meta": Object {
              "groups": Array [
                Object {
                  "astStart": 5,
                  "idx": 0,
                },
              ],
            },
            "posLine1": "(\\\\.\\\\d+)?$/",
            "posLine2": "^^^^^^^^",
            "wrappedHandler": Object {
              "atoms": Array [
                Object {
                  "data": Object {
                    "groupReference": Object {
                      "astStart": 5,
                      "idx": 0,
                    },
                  },
                  "posLine1": "(\\\\.\\\\d+)?$/",
                  "posLine2": "^^^^^^^",
                  "type": "groupStartMarker",
                },
                Object {
                  "data": Object {
                    "negate": false,
                    "tree": Object {
                      "comparison": Object {
                        "comparisonValue": 46,
                        "type": "equal",
                      },
                      "type": "lastComparison",
                    },
                    "unicode": false,
                  },
                  "posLine1": "\\\\.\\\\d+)?$/",
                  "posLine2": "^^",
                  "type": "charOrSet",
                },
                Object {
                  "data": Object {
                    "functionName": "greedyQuantifier0005",
                    "maxOrMinCount": true,
                  },
                  "posLine1": "\\\\d+)?$/",
                  "posLine2": "^^^",
                  "type": "quantifierStarter",
                },
              ],
              "followUp": null,
              "functionName": "fiber0006",
              "lastAtomReturns": true,
              "meta": Object {
                "groups": Array [
                  Object {
                    "astStart": 5,
                    "idx": 0,
                  },
                ],
              },
            },
          },
          "functionName": "fiber0002",
          "lastAtomReturns": false,
          "meta": Object {
            "groups": Array [
              Object {
                "astStart": 5,
                "idx": 0,
              },
            ],
          },
        },
        "functionName": "greedyQuantifier0005",
        "maxOrMinCount": true,
        "meta": Object {
          "groups": Array [
            Object {
              "astStart": 5,
              "idx": 0,
            },
          ],
        },
        "minCount": 1,
        "posLine1": "\\\\d+)?$/",
        "posLine2": "^^^",
        "wrappedHandler": "[Circular]",
      },
      "functionName": "fiber0004",
      "lastAtomReturns": false,
      "meta": Object {
        "groups": Array [],
      },
    },
    Object {
      "atoms": Array [
        Object {
          "data": Object {
            "groupReference": Object {
              "astStart": 5,
              "idx": 0,
            },
          },
          "posLine1": "(\\\\.\\\\d+)?$/",
          "posLine2": "^^^^^^^",
          "type": "groupStartMarker",
        },
        Object {
          "data": Object {
            "negate": false,
            "tree": Object {
              "comparison": Object {
                "comparisonValue": 46,
                "type": "equal",
              },
              "type": "lastComparison",
            },
            "unicode": false,
          },
          "posLine1": "\\\\.\\\\d+)?$/",
          "posLine2": "^^",
          "type": "charOrSet",
        },
        Object {
          "data": Object {
            "functionName": "greedyQuantifier0005",
            "maxOrMinCount": true,
          },
          "posLine1": "\\\\d+)?$/",
          "posLine2": "^^^",
          "type": "quantifierStarter",
        },
      ],
      "followUp": null,
      "functionName": "fiber0006",
      "lastAtomReturns": true,
      "meta": Object {
        "groups": Array [
          Object {
            "astStart": 5,
            "idx": 0,
          },
        ],
      },
    },
    Object {
      "atoms": Array [
        Object {
          "data": Object {
            "functionName": "greedyQuantifier0003",
            "maxOrMinCount": true,
          },
          "posLine1": "(\\\\.\\\\d+)?$/",
          "posLine2": "^^^^^^^^",
          "type": "quantifierStarter",
        },
      ],
      "followUp": null,
      "functionName": "fiber0007",
      "lastAtomReturns": true,
      "meta": Object {
        "groups": Array [
          Object {
            "astStart": 5,
            "idx": 0,
          },
        ],
      },
    },
    Object {
      "atoms": Array [
        Object {
          "data": Object {
            "negate": false,
            "tree": Object {
              "comparison": Object {
                "comparisonValue": 57,
                "type": "lessOrEqual",
              },
              "comparisonTrue": Object {
                "comparison": Object {
                  "comparisonValue": 48,
                  "type": "moreOrEqual",
                },
                "type": "lastComparison",
              },
              "type": "comparison",
            },
            "unicode": false,
          },
          "posLine1": "\\\\d*(\\\\.\\\\d+)?$/",
          "posLine2": "^^",
          "type": "charOrSet",
        },
      ],
      "followUp": Object {
        "followUp": Object {
          "atoms": Array [
            Object {
              "data": Object {
                "functionName": "greedyQuantifier0003",
                "maxOrMinCount": true,
              },
              "posLine1": "(\\\\.\\\\d+)?$/",
              "posLine2": "^^^^^^^^",
              "type": "quantifierStarter",
            },
          ],
          "followUp": null,
          "functionName": "fiber0007",
          "lastAtomReturns": true,
          "meta": Object {
            "groups": Array [
              Object {
                "astStart": 5,
                "idx": 0,
              },
            ],
          },
        },
        "functionName": "greedyQuantifier0009",
        "maxOrMinCount": false,
        "meta": Object {
          "groups": Array [
            Object {
              "astStart": 5,
              "idx": 0,
            },
          ],
        },
        "posLine1": "\\\\d*(\\\\.\\\\d+)?$/",
        "posLine2": "^^^",
        "wrappedHandler": "[Circular]",
      },
      "functionName": "fiber0008",
      "lastAtomReturns": false,
      "meta": Object {
        "groups": Array [],
      },
    },
    Object {
      "atoms": Array [
        Object {
          "data": Object {},
          "posLine1": "^\\\\d*(\\\\.\\\\d+)?$/",
          "posLine2": "^",
          "type": "startAnchor",
        },
        Object {
          "data": Object {
            "functionName": "greedyQuantifier0009",
            "maxOrMinCount": false,
          },
          "posLine1": "\\\\d*(\\\\.\\\\d+)?$/",
          "posLine2": "^^^",
          "type": "quantifierStarter",
        },
      ],
      "followUp": null,
      "functionName": "fiber0010",
      "lastAtomReturns": true,
      "meta": Object {
        "groups": Array [
          Object {
            "astStart": 5,
            "idx": 0,
          },
        ],
      },
    },
  ],
  "greedyQuantifierHandlers": Array [
    Object {
      "followUp": Object {
        "atoms": Array [
          Object {
            "data": Object {},
            "posLine1": "$/",
            "posLine2": "^",
            "type": "endAnchor",
          },
        ],
        "followUp": null,
        "functionName": "fiber0001",
        "lastAtomReturns": false,
        "meta": Object {
          "groups": Array [],
        },
      },
      "functionName": "greedyQuantifier0003",
      "maxCount": 1,
      "maxOrMinCount": true,
      "meta": Object {
        "groups": Array [
          Object {
            "astStart": 5,
            "idx": 0,
          },
        ],
      },
      "posLine1": "(\\\\.\\\\d+)?$/",
      "posLine2": "^^^^^^^^",
      "wrappedHandler": Object {
        "atoms": Array [
          Object {
            "data": Object {
              "groupReference": Object {
                "astStart": 5,
                "idx": 0,
              },
            },
            "posLine1": "(\\\\.\\\\d+)?$/",
            "posLine2": "^^^^^^^",
            "type": "groupStartMarker",
          },
          Object {
            "data": Object {
              "negate": false,
              "tree": Object {
                "comparison": Object {
                  "comparisonValue": 46,
                  "type": "equal",
                },
                "type": "lastComparison",
              },
              "unicode": false,
            },
            "posLine1": "\\\\.\\\\d+)?$/",
            "posLine2": "^^",
            "type": "charOrSet",
          },
          Object {
            "data": Object {
              "functionName": "greedyQuantifier0005",
              "maxOrMinCount": true,
            },
            "posLine1": "\\\\d+)?$/",
            "posLine2": "^^^",
            "type": "quantifierStarter",
          },
        ],
        "followUp": null,
        "functionName": "fiber0006",
        "lastAtomReturns": true,
        "meta": Object {
          "groups": Array [
            Object {
              "astStart": 5,
              "idx": 0,
            },
          ],
        },
      },
    },
    Object {
      "followUp": Object {
        "atoms": Array [
          Object {
            "data": Object {
              "groupReference": Object {
                "astStart": 5,
                "idx": 0,
              },
            },
            "posLine1": "(\\\\.\\\\d+)?$/",
            "posLine2": "^^^^^^^",
            "type": "groupEndMarker",
          },
        ],
        "followUp": Object {
          "followUp": Object {
            "atoms": Array [
              Object {
                "data": Object {},
                "posLine1": "$/",
                "posLine2": "^",
                "type": "endAnchor",
              },
            ],
            "followUp": null,
            "functionName": "fiber0001",
            "lastAtomReturns": false,
            "meta": Object {
              "groups": Array [],
            },
          },
          "functionName": "greedyQuantifier0003",
          "maxCount": 1,
          "maxOrMinCount": true,
          "meta": Object {
            "groups": Array [
              Object {
                "astStart": 5,
                "idx": 0,
              },
            ],
          },
          "posLine1": "(\\\\.\\\\d+)?$/",
          "posLine2": "^^^^^^^^",
          "wrappedHandler": Object {
            "atoms": Array [
              Object {
                "data": Object {
                  "groupReference": Object {
                    "astStart": 5,
                    "idx": 0,
                  },
                },
                "posLine1": "(\\\\.\\\\d+)?$/",
                "posLine2": "^^^^^^^",
                "type": "groupStartMarker",
              },
              Object {
                "data": Object {
                  "negate": false,
                  "tree": Object {
                    "comparison": Object {
                      "comparisonValue": 46,
                      "type": "equal",
                    },
                    "type": "lastComparison",
                  },
                  "unicode": false,
                },
                "posLine1": "\\\\.\\\\d+)?$/",
                "posLine2": "^^",
                "type": "charOrSet",
              },
              Object {
                "data": Object {
                  "functionName": "greedyQuantifier0005",
                  "maxOrMinCount": true,
                },
                "posLine1": "\\\\d+)?$/",
                "posLine2": "^^^",
                "type": "quantifierStarter",
              },
            ],
            "followUp": null,
            "functionName": "fiber0006",
            "lastAtomReturns": true,
            "meta": Object {
              "groups": Array [
                Object {
                  "astStart": 5,
                  "idx": 0,
                },
              ],
            },
          },
        },
        "functionName": "fiber0002",
        "lastAtomReturns": false,
        "meta": Object {
          "groups": Array [
            Object {
              "astStart": 5,
              "idx": 0,
            },
          ],
        },
      },
      "functionName": "greedyQuantifier0005",
      "maxOrMinCount": true,
      "meta": Object {
        "groups": Array [
          Object {
            "astStart": 5,
            "idx": 0,
          },
        ],
      },
      "minCount": 1,
      "posLine1": "\\\\d+)?$/",
      "posLine2": "^^^",
      "wrappedHandler": "[Circular]",
    },
    Object {
      "followUp": Object {
        "atoms": Array [
          Object {
            "data": Object {
              "functionName": "greedyQuantifier0003",
              "maxOrMinCount": true,
            },
            "posLine1": "(\\\\.\\\\d+)?$/",
            "posLine2": "^^^^^^^^",
            "type": "quantifierStarter",
          },
        ],
        "followUp": null,
        "functionName": "fiber0007",
        "lastAtomReturns": true,
        "meta": Object {
          "groups": Array [
            Object {
              "astStart": 5,
              "idx": 0,
            },
          ],
        },
      },
      "functionName": "greedyQuantifier0009",
      "maxOrMinCount": false,
      "meta": Object {
        "groups": Array [
          Object {
            "astStart": 5,
            "idx": 0,
          },
        ],
      },
      "posLine1": "\\\\d*(\\\\.\\\\d+)?$/",
      "posLine2": "^^^",
      "wrappedHandler": "[Circular]",
    },
  ],
  "groups": Array [
    Object {
      "astStart": 5,
      "idx": 0,
    },
  ],
  "mainHandler": Object {
    "atoms": Array [
      Object {
        "data": Object {},
        "posLine1": "^\\\\d*(\\\\.\\\\d+)?$/",
        "posLine2": "^",
        "type": "startAnchor",
      },
      Object {
        "data": Object {
          "functionName": "greedyQuantifier0009",
          "maxOrMinCount": false,
        },
        "posLine1": "\\\\d*(\\\\.\\\\d+)?$/",
        "posLine2": "^^^",
        "type": "quantifierStarter",
      },
    ],
    "followUp": null,
    "functionName": "fiber0010",
    "lastAtomReturns": true,
    "meta": Object {
      "groups": Array [
        Object {
          "astStart": 5,
          "idx": 0,
        },
      ],
    },
  },
  "regexStr": "/^\\\\d*(\\\\.\\\\d+)?$/",
}
`;
